<html>
<body>
<pre>
<h1>µVision Build Log</h1>
<h2>Tool Versions:</h2>
IDE-Version: µVision V5.25.2.0
Copyright (C) 2018 ARM Ltd and ARM Germany GmbH. All rights reserved.
License Information: Pilar Cifuentes, ETSISI-UPM:ES, LIC=----
 
Tool Versions:
Toolchain:       MDK-Lite  Version: 5.25.2.0
Toolchain Path:  C:\Keil_v5\ARM\ARMCC\Bin
C Compiler:      Armcc.exe V5.06 update 6 (build 750)
Assembler:       Armasm.exe V5.06 update 6 (build 750)
Linker/Locator:  ArmLink.exe V5.06 update 6 (build 750)
Library Manager: ArmAr.exe V5.06 update 6 (build 750)
Hex Converter:   FromElf.exe V5.06 update 6 (build 750)
CPU DLL:         SARMCM3.DLL V5.25.2.0
Dialog DLL:      DCM.DLL V1.17.1.0
Target DLL:      STLink\ST-LINKIII-KEIL_SWO.dll V3.0.1.0
Dialog DLL:      TCM.DLL V1.35.1.0
 
<h2>Project:</h2>
G:\PruebasSTM\PrSTRDv3\MDK-ARM\P3CAN.uvprojx
Project File Date:  07/10/2025

<h2>Output:</h2>
*** Using Compiler 'V5.06 update 6 (build 750)', folder: 'C:\Keil_v5\ARM\ARMCC\Bin'
Build target 'P3CAN'
assembling startup_stm32f407xx.s...
compiling stm32f4xx_hal_timebase_tim.c...
compiling spi.c...
../Inc/spi.h(73): warning:  #1295-D: Deprecated declaration Inicializa_Acelerometro - give arg types
   void Inicializa_Acelerometro ();	
../Src/spi.c(142): warning:  #1295-D: Deprecated declaration Inicializa_Acelerometro - give arg types
   void Inicializa_Acelerometro ();	
../Src/spi.c: 2 warnings, 0 errors
compiling gpio.c...
compiling stm32f4xx_hal_adc.c...
compiling i2c.c...
compiling adc.c...
compiling system_stm32f4xx.c...
compiling can.c...
compiling stm32f4xx_hal_rcc_ex.c...
compiling stm32f4xx_hal_msp.c...
compiling stm32f4xx_hal_adc_ex.c...
compiling stm32f4xx_hal_rcc.c...
compiling freertos.c...
../Inc/spi.h(73): warning:  #1295-D: Deprecated declaration Inicializa_Acelerometro - give arg types
   void Inicializa_Acelerometro ();	
../Src/freertos.c: 1 warning, 0 errors
compiling stm32f4xx_it.c...
compiling main.c...
../Inc/spi.h(73): warning:  #1295-D: Deprecated declaration Inicializa_Acelerometro - give arg types
   void Inicializa_Acelerometro ();	
../Src/main.c(151): warning:  #1295-D: Deprecated declaration InicializaTransmisionesCAN - give arg types
  void InicializaTransmisionesCAN();
../Src/main.c(210): warning:  #167-D: argument of type "void (*)(const void *)" is incompatible with parameter of type "TaskFunction_t"
    xTaskCreate(StartTarea2_ADC, "Lectura_ADC", configMINIMAL_STACK_SIZE, NULL, PR_TAREA2, NULL);
../Src/main.c(211): warning:  #167-D: argument of type "void (*)(const void *)" is incompatible with parameter of type "TaskFunction_t"
    xTaskCreate(StartTarea3, "Tercera_tarea", configMINIMAL_STACK_SIZE, NULL, PR_TAREA3, NULL);
../Src/main.c(212): warning:  #167-D: argument of type "void (*)(const void *)" is incompatible with parameter of type "TaskFunction_t"
  	xTaskCreate(StartTarea4_Inclinacion, "Lectura_Rx_Ry", configMINIMAL_STACK_SIZE, NULL, PR_TAREA4, NULL);
../Src/main.c(213): warning:  #167-D: argument of type "void (*)(const void *)" is incompatible with parameter of type "TaskFunction_t"
  	xTaskCreate(StartTarea5_Esporadica, "Esporadica", configMINIMAL_STACK_SIZE, NULL, PR_TAREA5, NULL);
../Src/main.c(371): warning:  #223-D: function "SPI_Read" declared implicitly
  		Ix1 = SPI_Read (0x28);
../Src/main.c(418): warning:  #550-D: variable "lastWakeTime"  was set but never used
  	TickType_t lastWakeTime;
../Src/main.c: 8 warnings, 0 errors
compiling stm32f4xx_hal_flash.c...
compiling stm32f4xx_hal_flash_ex.c...
compiling stm32f4xx_hal_flash_ramfunc.c...
compiling croutine.c...
compiling event_groups.c...
compiling stm32f4xx_hal_gpio.c...
compiling stm32f4xx_hal_dma_ex.c...
compiling list.c...
compiling stm32f4xx_hal_dma.c...
compiling stm32f4xx_hal_pwr.c...
compiling stm32f4xx_hal_pwr_ex.c...
compiling stm32f4xx_hal.c...
compiling stm32f4xx_hal_cortex.c...
compiling queue.c...
compiling timers.c...
compiling stm32f4xx_hal_i2c_ex.c...
compiling heap_4.c...
compiling tasks.c...
compiling stm32f4xx_hal_can.c...
compiling stm32f4xx_hal_spi.c...
compiling port.c...
compiling stm32f4xx_hal_i2c.c...
compiling cmsis_os.c...
compiling stm32f4xx_hal_tim.c...
compiling stm32f4xx_hal_tim_ex.c...
linking...
Program Size: Code=21140 RO-data=636 RW-data=184 ZI-data=17176  
FromELF: creating hex file...
"P3CAN\P3CAN.axf" - 0 Error(s), 11 Warning(s).

<h2>Software Packages used:</h2>

Package Vendor: ARM
                http://www.keil.com/pack/ARM.CMSIS.5.9.0.pack
                ARM.CMSIS.5.9.0
                CMSIS (Common Microcontroller Software Interface Standard)
   * Component: CORE Version: 5.6.0

Package Vendor: Keil
                https://www.keil.com/pack/Keil.STM32F4xx_DFP.2.17.1.pack
                Keil.STM32F4xx_DFP.2.17.1
                STMicroelectronics STM32F4 Series Device Support, Drivers and Examples

<h2>Collection of Component include folders:</h2>
  .\RTE\_P3CAN
  C:\Keil_v5\ARM\PACK\ARM\CMSIS\5.9.0\CMSIS\Core\Include
  C:\Keil_v5\ARM\PACK\Keil\STM32F4xx_DFP\2.17.1\Drivers\CMSIS\Device\ST\STM32F4xx\Include

<h2>Collection of Component Files used:</h2>

   * Component: ARM::CMSIS:CORE:5.6.0
Build Time Elapsed:  00:33:01
</pre>
</body>
</html>
