Archive member included to satisfy reference by file (symbol)

C:/ST/STM32CubeIDE_2.0.0/STM32CubeIDE/plugins/com.st.stm32cube.ide.mcu.externaltools.gnu-tools-for-stm32.13.3.rel1.win32_1.0.100.202509120712/tools/bin/../lib/gcc/arm-none-eabi/13.3.1/../../../../arm-none-eabi/lib/thumb/v7e-m+fp/hard\libc_nano.a(libc_a-exit.o)
                              C:/ST/STM32CubeIDE_2.0.0/STM32CubeIDE/plugins/com.st.stm32cube.ide.mcu.externaltools.gnu-tools-for-stm32.13.3.rel1.win32_1.0.100.202509120712/tools/bin/../lib/gcc/arm-none-eabi/13.3.1/../../../../arm-none-eabi/lib/thumb/v7e-m+fp/hard/crt0.o (exit)
C:/ST/STM32CubeIDE_2.0.0/STM32CubeIDE/plugins/com.st.stm32cube.ide.mcu.externaltools.gnu-tools-for-stm32.13.3.rel1.win32_1.0.100.202509120712/tools/bin/../lib/gcc/arm-none-eabi/13.3.1/../../../../arm-none-eabi/lib/thumb/v7e-m+fp/hard\libc_nano.a(libc_a-findfp.o)
                              C:/ST/STM32CubeIDE_2.0.0/STM32CubeIDE/plugins/com.st.stm32cube.ide.mcu.externaltools.gnu-tools-for-stm32.13.3.rel1.win32_1.0.100.202509120712/tools/bin/../lib/gcc/arm-none-eabi/13.3.1/../../../../arm-none-eabi/lib/thumb/v7e-m+fp/hard\libc_nano.a(libc_a-exit.o) (__stdio_exit_handler)
C:/ST/STM32CubeIDE_2.0.0/STM32CubeIDE/plugins/com.st.stm32cube.ide.mcu.externaltools.gnu-tools-for-stm32.13.3.rel1.win32_1.0.100.202509120712/tools/bin/../lib/gcc/arm-none-eabi/13.3.1/../../../../arm-none-eabi/lib/thumb/v7e-m+fp/hard\libc_nano.a(libc_a-fwalk.o)
                              C:/ST/STM32CubeIDE_2.0.0/STM32CubeIDE/plugins/com.st.stm32cube.ide.mcu.externaltools.gnu-tools-for-stm32.13.3.rel1.win32_1.0.100.202509120712/tools/bin/../lib/gcc/arm-none-eabi/13.3.1/../../../../arm-none-eabi/lib/thumb/v7e-m+fp/hard\libc_nano.a(libc_a-findfp.o) (_fwalk_sglue)
C:/ST/STM32CubeIDE_2.0.0/STM32CubeIDE/plugins/com.st.stm32cube.ide.mcu.externaltools.gnu-tools-for-stm32.13.3.rel1.win32_1.0.100.202509120712/tools/bin/../lib/gcc/arm-none-eabi/13.3.1/../../../../arm-none-eabi/lib/thumb/v7e-m+fp/hard\libc_nano.a(libc_a-stdio.o)
                              C:/ST/STM32CubeIDE_2.0.0/STM32CubeIDE/plugins/com.st.stm32cube.ide.mcu.externaltools.gnu-tools-for-stm32.13.3.rel1.win32_1.0.100.202509120712/tools/bin/../lib/gcc/arm-none-eabi/13.3.1/../../../../arm-none-eabi/lib/thumb/v7e-m+fp/hard\libc_nano.a(libc_a-findfp.o) (__sread)
C:/ST/STM32CubeIDE_2.0.0/STM32CubeIDE/plugins/com.st.stm32cube.ide.mcu.externaltools.gnu-tools-for-stm32.13.3.rel1.win32_1.0.100.202509120712/tools/bin/../lib/gcc/arm-none-eabi/13.3.1/../../../../arm-none-eabi/lib/thumb/v7e-m+fp/hard\libc_nano.a(libc_a-memset.o)
                              C:/ST/STM32CubeIDE_2.0.0/STM32CubeIDE/plugins/com.st.stm32cube.ide.mcu.externaltools.gnu-tools-for-stm32.13.3.rel1.win32_1.0.100.202509120712/tools/bin/../lib/gcc/arm-none-eabi/13.3.1/../../../../arm-none-eabi/lib/thumb/v7e-m+fp/hard/crt0.o (memset)
C:/ST/STM32CubeIDE_2.0.0/STM32CubeIDE/plugins/com.st.stm32cube.ide.mcu.externaltools.gnu-tools-for-stm32.13.3.rel1.win32_1.0.100.202509120712/tools/bin/../lib/gcc/arm-none-eabi/13.3.1/../../../../arm-none-eabi/lib/thumb/v7e-m+fp/hard\libc_nano.a(libc_a-closer.o)
                              C:/ST/STM32CubeIDE_2.0.0/STM32CubeIDE/plugins/com.st.stm32cube.ide.mcu.externaltools.gnu-tools-for-stm32.13.3.rel1.win32_1.0.100.202509120712/tools/bin/../lib/gcc/arm-none-eabi/13.3.1/../../../../arm-none-eabi/lib/thumb/v7e-m+fp/hard\libc_nano.a(libc_a-stdio.o) (_close_r)
C:/ST/STM32CubeIDE_2.0.0/STM32CubeIDE/plugins/com.st.stm32cube.ide.mcu.externaltools.gnu-tools-for-stm32.13.3.rel1.win32_1.0.100.202509120712/tools/bin/../lib/gcc/arm-none-eabi/13.3.1/../../../../arm-none-eabi/lib/thumb/v7e-m+fp/hard\libc_nano.a(libc_a-reent.o)
                              C:/ST/STM32CubeIDE_2.0.0/STM32CubeIDE/plugins/com.st.stm32cube.ide.mcu.externaltools.gnu-tools-for-stm32.13.3.rel1.win32_1.0.100.202509120712/tools/bin/../lib/gcc/arm-none-eabi/13.3.1/../../../../arm-none-eabi/lib/thumb/v7e-m+fp/hard\libc_nano.a(libc_a-closer.o) (errno)
C:/ST/STM32CubeIDE_2.0.0/STM32CubeIDE/plugins/com.st.stm32cube.ide.mcu.externaltools.gnu-tools-for-stm32.13.3.rel1.win32_1.0.100.202509120712/tools/bin/../lib/gcc/arm-none-eabi/13.3.1/../../../../arm-none-eabi/lib/thumb/v7e-m+fp/hard\libc_nano.a(libc_a-impure.o)
                              C:/ST/STM32CubeIDE_2.0.0/STM32CubeIDE/plugins/com.st.stm32cube.ide.mcu.externaltools.gnu-tools-for-stm32.13.3.rel1.win32_1.0.100.202509120712/tools/bin/../lib/gcc/arm-none-eabi/13.3.1/../../../../arm-none-eabi/lib/thumb/v7e-m+fp/hard\libc_nano.a(libc_a-reent.o) (_impure_ptr)
C:/ST/STM32CubeIDE_2.0.0/STM32CubeIDE/plugins/com.st.stm32cube.ide.mcu.externaltools.gnu-tools-for-stm32.13.3.rel1.win32_1.0.100.202509120712/tools/bin/../lib/gcc/arm-none-eabi/13.3.1/../../../../arm-none-eabi/lib/thumb/v7e-m+fp/hard\libc_nano.a(libc_a-lseekr.o)
[...]
Memory Configuration

Name             Origin             Length             Attributes
CCMRAM           0x10000000         0x00010000         xrw
RAM              0x20000000         0x00020000         xrw
FLASH            0x08000000         0x00100000         xr
*default*        0x00000000         0xffffffff

Linker script and memory map

LOAD C:/ST/STM32CubeIDE_2.0.0/STM32CubeIDE/plugins/com.st.stm32cube.ide.mcu.externaltools.gnu-tools-for-stm32.13.3.rel1.win32_1.0.100.202509120712/tools/bin/../lib/gcc/arm-none-eabi/13.3.1/thumb/v7e-m+fp/hard/crti.o
LOAD C:/ST/STM32CubeIDE_2.0.0/STM32CubeIDE/plugins/com.st.stm32cube.ide.mcu.externaltools.gnu-tools-for-stm32.13.3.rel1.win32_1.0.100.202509120712/tools/bin/../lib/gcc/arm-none-eabi/13.3.1/thumb/v7e-m+fp/hard/crtbegin.o
LOAD C:/ST/STM32CubeIDE_2.0.0/STM32CubeIDE/plugins/com.st.stm32cube.ide.mcu.externaltools.gnu-tools-for-stm32.13.3.rel1.win32_1.0.100.202509120712/tools/bin/../lib/gcc/arm-none-eabi/13.3.1/../../../../arm-none-eabi/lib/thumb/v7e-m+fp/hard/crt0.o
LOAD ./Application/Startup/startup_stm32f407vgtx.o
LOAD ./Application/User/T5Motor.o
LOAD ./Application/User/adc.o
LOAD ./Application/User/can.o
LOAD ./Application/User/freertos.o
LOAD ./Application/User/gpio.o
LOAD ./Application/User/i2c.o
LOAD ./Application/User/main.o
LOAD ./Application/User/spi.o
LOAD ./Application/User/stm32f4xx_hal_msp.o
LOAD ./Application/User/stm32f4xx_hal_timebase_tim.o
LOAD ./Application/User/stm32f4xx_it.o
LOAD ./Application/User/syscalls.o
LOAD ./Application/User/sysmem.o
LOAD ./Drivers/CMSIS/system_stm32f4xx.o
LOAD ./Drivers/STM32F4xx_HAL_Driver/stm32f4xx_hal.o
LOAD ./Drivers/STM32F4xx_HAL_Driver/stm32f4xx_hal_adc.o
LOAD ./Drivers/STM32F4xx_HAL_Driver/stm32f4xx_hal_adc_ex.o
LOAD ./Drivers/STM32F4xx_HAL_Driver/stm32f4xx_hal_can.o
LOAD ./Drivers/STM32F4xx_HAL_Driver/stm32f4xx_hal_cortex.o
LOAD ./Drivers/STM32F4xx_HAL_Driver/stm32f4xx_hal_dma.o
LOAD ./Drivers/STM32F4xx_HAL_Driver/stm32f4xx_hal_dma_ex.o
LOAD ./Drivers/STM32F4xx_HAL_Driver/stm32f4xx_hal_exti.o
LOAD ./Drivers/STM32F4xx_HAL_Driver/stm32f4xx_hal_flash.o
LOAD ./Drivers/STM32F4xx_HAL_Driver/stm32f4xx_hal_flash_ex.o
LOAD ./Drivers/STM32F4xx_HAL_Driver/stm32f4xx_hal_flash_ramfunc.o
LOAD ./Drivers/STM32F4xx_HAL_Driver/stm32f4xx_hal_gpio.o
LOAD ./Drivers/STM32F4xx_HAL_Driver/stm32f4xx_hal_i2c.o
LOAD ./Drivers/STM32F4xx_HAL_Driver/stm32f4xx_hal_i2c_ex.o
LOAD ./Drivers/STM32F4xx_HAL_Driver/stm32f4xx_hal_pwr.o
LOAD ./Drivers/STM32F4xx_HAL_Driver/stm32f4xx_hal_pwr_ex.o
LOAD ./Drivers/STM32F4xx_HAL_Driver/stm32f4xx_hal_rcc.o
LOAD ./Drivers/STM32F4xx_HAL_Driver/stm32f4xx_hal_rcc_ex.o
LOAD ./Drivers/STM32F4xx_HAL_Driver/stm32f4xx_hal_spi.o
LOAD ./Drivers/STM32F4xx_HAL_Driver/stm32f4xx_hal_tim.o
LOAD ./Drivers/STM32F4xx_HAL_Driver/stm32f4xx_hal_tim_ex.o
LOAD ./Middlewares/FreeRTOS/cmsis_os.o
LOAD ./Middlewares/FreeRTOS/croutine.o
LOAD ./Middlewares/FreeRTOS/event_groups.o
LOAD ./Middlewares/FreeRTOS/heap_4.o
LOAD ./Middlewares/FreeRTOS/list.o
LOAD ./Middlewares/FreeRTOS/port.o
LOAD ./Middlewares/FreeRTOS/queue.o
LOAD ./Middlewares/FreeRTOS/stream_buffer.o
LOAD ./Middlewares/FreeRTOS/tasks.o
LOAD ./Middlewares/FreeRTOS/timers.o
START GROUP
LOAD C:/ST/STM32CubeIDE_2.0.0/STM32CubeIDE/plugins/com.st.stm32cube.ide.mcu.externaltools.gnu-tools-for-stm32.13.3.rel1.win32_1.0.100.202509120712/tools/bin/../lib/gcc/arm-none-eabi/13.3.1/../../../../arm-none-eabi/lib/thumb/v7e-m+fp/hard\libc_nano.a
LOAD C:/ST/STM32CubeIDE_2.0.0/STM32CubeIDE/plugins/com.st.stm32cube.ide.mcu.externaltools.gnu-tools-for-stm32.13.3.rel1.win32_1.0.100.202509120712/tools/bin/../lib/gcc/arm-none-eabi/13.3.1/../../../../arm-none-eabi/lib/thumb/v7e-m+fp/hard\libm.a
END GROUP
START GROUP
LOAD C:/ST/STM32CubeIDE_2.0.0/STM32CubeIDE/plugins/com.st.stm32cube.ide.mcu.externaltools.gnu-tools-for-stm32.13.3.rel1.win32_1.0.100.202509120712/tools/bin/../lib/gcc/arm-none-eabi/13.3.1/thumb/v7e-m+fp/hard\libgcc.a
LOAD C:/ST/STM32CubeIDE_2.0.0/STM32CubeIDE/plugins/com.st.stm32cube.ide.mcu.externaltools.gnu-tools-for-stm32.13.3.rel1.win32_1.0.100.202509120712/tools/bin/../lib/gcc/arm-none-eabi/13.3.1/../../../../arm-none-eabi/lib/thumb/v7e-m+fp/hard\libc_nano.a
END GROUP
START GROUP
LOAD C:/ST/STM32CubeIDE_2.0.0/STM32CubeIDE/plugins/com.st.stm32cube.ide.mcu.externaltools.gnu-tools-for-stm32.13.3.rel1.win32_1.0.100.202509120712/tools/bin/../lib/gcc/arm-none-eabi/13.3.1/thumb/v7e-m+fp/hard\libgcc.a
LOAD C:/ST/STM32CubeIDE_2.0.0/STM32CubeIDE/plugins/com.st.stm32cube.ide.mcu.externaltools.gnu-tools-for-stm32.13.3.rel1.win32_1.0.100.202509120712/tools/bin/../lib/gcc/arm-none-eabi/13.3.1/../../../../arm-none-eabi/lib/thumb/v7e-m+fp/hard\libc_nano.a
LOAD C:/ST/STM32CubeIDE_2.0.0/STM32CubeIDE/plugins/com.st.stm32cube.ide.mcu.externaltools.gnu-tools-for-stm32.13.3.rel1.win32_1.0.100.202509120712/tools/bin/../lib/gcc/arm-none-eabi/13.3.1/../../../../arm-none-eabi/lib/thumb/v7e-m+fp/hard\libnosys.a
END GROUP
START GROUP
LOAD C:/ST/STM32CubeIDE_2.0.0/STM32CubeIDE/plugins/com.st.stm32cube.ide.mcu.externaltools.gnu-tools-for-stm32.13.3.rel1.win32_1.0.100.202509120712/tools/bin/../lib/gcc/arm-none-eabi/13.3.1/thumb/v7e-m+fp/hard\libgcc.a
LOAD C:/ST/STM32CubeIDE_2.0.0/STM32CubeIDE/plugins/com.st.stm32cube.ide.mcu.externaltools.gnu-tools-for-stm32.13.3.rel1.win32_1.0.100.202509120712/tools/bin/../lib/gcc/arm-none-eabi/13.3.1/../../../../arm-none-eabi/lib/thumb/v7e-m+fp/hard\libc_nano.a
LOAD C:/ST/STM32CubeIDE_2.0.0/STM32CubeIDE/plugins/com.st.stm32cube.ide.mcu.externaltools.gnu-tools-for-stm32.13.3.rel1.win32_1.0.100.202509120712/tools/bin/../lib/gcc/arm-none-eabi/13.3.1/../../../../arm-none-eabi/lib/thumb/v7e-m+fp/hard\libnosys.a
END GROUP
LOAD C:/ST/STM32CubeIDE_2.0.0/STM32CubeIDE/plugins/com.st.stm32cube.ide.mcu.externaltools.gnu-tools-for-stm32.13.3.rel1.win32_1.0.100.202509120712/tools/bin/../lib/gcc/arm-none-eabi/13.3.1/thumb/v7e-m+fp/hard/crtend.o
LOAD C:/ST/STM32CubeIDE_2.0.0/STM32CubeIDE/plugins/com.st.stm32cube.ide.mcu.externaltools.gnu-tools-for-stm32.13.3.rel1.win32_1.0.100.202509120712/tools/bin/../lib/gcc/arm-none-eabi/13.3.1/thumb/v7e-m+fp/hard/crtn.o
                0x20020000                        _estack = (ORIGIN (RAM) + LENGTH (RAM))
                0x00000200                        _Min_Heap_Size = 0x200
                0x00000400                        _Min_Stack_Size = 0x400

.isr_vector     0x08000000      0x188
                0x08000000                        . = ALIGN (0x4)
 *(.isr_vector)
 .isr_vector    0x08000000      0x188 ./Application/Startup/startup_stm32f407vgtx.o
                0x08000000                g_pfnVectors
                0x08000188                        . = ALIGN (0x4)

.text           0x08000190     0x8624
                0x08000190                        . = ALIGN (0x4)
 *(.text)
 .text          0x08000190       0x40 C:/ST/STM32CubeIDE_2.0.0/STM32CubeIDE/plugins/com.st.stm32cube.ide.mcu.externaltools.gnu-tools-for-stm32.13.3.rel1.win32_1.0.100.202509120712/tools/bin/../lib/gcc/arm-none-eabi/13.3.1/thumb/v7e-m+fp/hard/crtbegin.o
 .text          0x080001d0       0x30 C:/ST/STM32CubeIDE_2.0.0/STM32CubeIDE/plugins/com.st.stm32cube.ide.mcu.externaltools.gnu-tools-for-stm32.13.3.rel1.win32_1.0.100.202509120712/tools/bin/../lib/gcc/arm-none-eabi/13.3.1/thumb/v7e-m+fp/hard\libgcc.a(_aeabi_uldivmod.o)
                0x080001d0                __aeabi_uldivmod
 .text          0x08000200      0x2f8 C:/ST/STM32CubeIDE_2.0.0/STM32CubeIDE/plugins/com.st.stm32cube.ide.mcu.externaltools.gnu-tools-for-stm32.13.3.rel1.win32_1.0.100.202509120712/tools/bin/../lib/gcc/arm-none-eabi/13.3.1/thumb/v7e-m+fp/hard\libgcc.a(_udivmoddi4.o)
                0x08000200                __udivmoddi4
 .text          0x080004f8        0x4 C:/ST/STM32CubeIDE_2.0.0/STM32CubeIDE/plugins/com.st.stm32cube.ide.mcu.externaltools.gnu-tools-for-stm32.13.3.rel1.win32_1.0.100.202509120712/tools/bin/../lib/gcc/arm-none-eabi/13.3.1/thumb/v7e-m+fp/hard\libgcc.a(_dvmd_tls.o)
                0x080004f8                __aeabi_idiv0
                0x080004f8                __aeabi_ldiv0
 *(.text*)
 .text.Reset_Handler
                0x080004fc       0x50 ./Application/Startup/startup_stm32f407vgtx.o
                0x080004fc                Reset_Handler
 .text.Default_Handler
                0x0800054c        0x2 ./Application/Startup/startup_stm32f407vgtx.o
                0x0800054c                RTC_Alarm_IRQHandler
                0x0800054c                HASH_RNG_IRQHandler
                0x0800054c                EXTI2_IRQHandler
                0x0800054c                TIM8_CC_IRQHandler
                0x0800054c                TIM1_CC_IRQHandler
                0x0800054c                DMA2_Stream5_IRQHandler
                0x0800054c                DMA1_Stream5_IRQHandler
                0x0800054c                PVD_IRQHandler
                0x0800054c                SDIO_IRQHandler
                0x0800054c                TAMP_STAMP_IRQHandler
                0x0800054c                CAN2_RX1_IRQHandler
                0x0800054c                TIM8_TRG_COM_TIM14_IRQHandler
                0x0800054c                TIM8_UP_TIM13_IRQHandler
                0x0800054c                I2C3_ER_IRQHandler
                0x0800054c                DMA1_Stream2_IRQHandler
                0x0800054c                FPU_IRQHandler
                0x0800054c                OTG_HS_WKUP_IRQHandler
                0x0800054c                CAN2_SCE_IRQHandler
                0x0800054c                DMA2_Stream2_IRQHandler
                0x0800054c                SPI1_IRQHandler
                0x0800054c                TIM6_DAC_IRQHandler
                0x0800054c                TIM1_BRK_TIM9_IRQHandler
                0x0800054c                DCMI_IRQHandler
                0x0800054c                CAN2_RX0_IRQHandler
                0x0800054c                DMA2_Stream3_IRQHandler
                0x0800054c                USART6_IRQHandler
                0x0800054c                USART3_IRQHandler
                0x0800054c                CAN1_RX1_IRQHandler
                0x0800054c                UART5_IRQHandler
                0x0800054c                DMA2_Stream0_IRQHandler
                0x0800054c                TIM4_IRQHandler
                0x0800054c                I2C1_EV_IRQHandler
                0x0800054c                DMA1_Stream6_IRQHandler
                0x0800054c                DMA1_Stream1_IRQHandler
                0x0800054c                UART4_IRQHandler
                0x0800054c                TIM3_IRQHandler
                0x0800054c                RCC_IRQHandler
                0x0800054c                TIM8_BRK_TIM12_IRQHandler
                0x0800054c                Default_Handler
                0x0800054c                EXTI15_10_IRQHandler
                0x0800054c                ADC_IRQHandler
                0x0800054c                DMA1_Stream7_IRQHandler
                0x0800054c                TIM7_IRQHandler
                0x0800054c                CAN2_TX_IRQHandler
                0x0800054c                TIM5_IRQHandler
                0x0800054c                DMA2_Stream7_IRQHandler
                0x0800054c                I2C3_EV_IRQHandler
                0x0800054c                EXTI9_5_IRQHandler
                0x0800054c                RTC_WKUP_IRQHandler
                0x0800054c                ETH_WKUP_IRQHandler
                0x0800054c                SPI2_IRQHandler
                0x0800054c                OTG_HS_EP1_IN_IRQHandler
                0x0800054c                DMA1_Stream0_IRQHandler
                0x0800054c                CAN1_TX_IRQHandler
                0x0800054c                EXTI4_IRQHandler
                0x0800054c                FSMC_IRQHandler
                0x0800054c                ETH_IRQHandler
                0x0800054c                OTG_HS_EP1_OUT_IRQHandler
                0x0800054c                WWDG_IRQHandler
                0x0800054c                TIM2_IRQHandler
                0x0800054c                OTG_FS_WKUP_IRQHandler
                0x0800054c                TIM1_TRG_COM_TIM11_IRQHandler
                0x0800054c                OTG_HS_IRQHandler
                0x0800054c                EXTI1_IRQHandler
                0x0800054c                USART2_IRQHandler
                0x0800054c                I2C2_ER_IRQHandler
                0x0800054c                DMA2_Stream1_IRQHandler
                0x0800054c                CAN1_SCE_IRQHandler
                0x0800054c                FLASH_IRQHandler
                0x0800054c                DMA2_Stream4_IRQHandler
                0x0800054c                USART1_IRQHandler
                0x0800054c                OTG_FS_IRQHandler
                0x0800054c                SPI3_IRQHandler
                0x0800054c                DMA1_Stream4_IRQHandler
                0x0800054c                I2C1_ER_IRQHandler
                0x0800054c                DMA2_Stream6_IRQHandler
                0x0800054c                DMA1_Stream3_IRQHandler
 *fill*         0x0800054e        0x2 
 .text.StartTask05Motor
                0x08000550      0x270 ./Application/User/T5Motor.o
                0x08000550                StartTask05Motor
 .text.MX_ADC1_Init
                0x080007c0       0xa8 ./Application/User/adc.o
                0x080007c0                MX_ADC1_Init
 .text.MX_ADC2_Init
                0x08000868       0xa4 ./Application/User/adc.o
                0x08000868                MX_ADC2_Init
 .text.MX_ADC3_Init
                0x0800090c       0xa4 ./Application/User/adc.o
                0x0800090c                MX_ADC3_Init
 .text.HAL_ADC_MspInit
                0x080009b0      0x180 ./Application/User/adc.o
                0x080009b0                HAL_ADC_MspInit
 .text.MX_CAN1_Init
                0x08000b30       0x6c ./Application/User/can.o
                0x08000b30                MX_CAN1_Init
 .text.HAL_CAN_MspInit
                0x08000b9c       0xa0 ./Application/User/can.o
                0x08000b9c                HAL_CAN_MspInit
 .text.vApplicationGetIdleTaskMemory
                0x08000c3c       0x34 ./Application/User/freertos.o
                0x08000c3c                vApplicationGetIdleTaskMemory
 .text.MX_FREERTOS_Init
                0x08000c70       0x74 ./Application/User/freertos.o
                0x08000c70                MX_FREERTOS_Init
 .text.StartTarea1
                0x08000ce4       0x10 ./Application/User/freertos.o
                0x08000ce4                StartTarea1
 .text.MX_GPIO_Init
                0x08000cf4      0x220 ./Application/User/gpio.o
                0x08000cf4                MX_GPIO_Init
 .text.MX_I2C2_Init
                0x08000f14       0x5c ./Application/User/i2c.o
                0x08000f14                MX_I2C2_Init
 .text.HAL_I2C_MspInit
                0x08000f70       0xa0 ./Application/User/i2c.o
                0x08000f70                HAL_I2C_MspInit
 .text.main     0x08001010       0xb0 ./Application/User/main.o
                0x08001010                main
 .text.SystemClock_Config
                0x080010c0       0xd4 ./Application/User/main.o
                0x080010c0                SystemClock_Config
 .text.InicializaTransmisionesCAN
                0x08001194       0x78 ./Application/User/main.o
                0x08001194                InicializaTransmisionesCAN
 .text.HAL_TIM_PeriodElapsedCallback
                0x0800120c       0x24 ./Application/User/main.o
                0x0800120c                HAL_TIM_PeriodElapsedCallback
 .text.Error_Handler
                0x08001230        0xe ./Application/User/main.o
                0x08001230                Error_Handler
 *fill*         0x0800123e        0x2 
 .text.MX_SPI1_Init
                0x08001240       0x6c ./Application/User/spi.o
                0x08001240                MX_SPI1_Init
 .text.HAL_SPI_MspInit
                0x080012ac       0x90 ./Application/User/spi.o
                0x080012ac                HAL_SPI_MspInit
 .text.Inicializa_Acelerometro
                0x0800133c       0x78 ./Application/User/spi.o
                0x0800133c                Inicializa_Acelerometro
 .text.HAL_MspInit
                0x080013b4       0x58 ./Application/User/stm32f4xx_hal_msp.o
                0x080013b4                HAL_MspInit
 .text.HAL_InitTick
                0x0800140c       0xe8 ./Application/User/stm32f4xx_hal_timebase_tim.o
                0x0800140c                HAL_InitTick
 .text.NMI_Handler
                0x080014f4        0xe ./Application/User/stm32f4xx_it.o
                0x080014f4                NMI_Handler
 .text.HardFault_Handler
                0x08001502        0x8 ./Application/User/stm32f4xx_it.o
                0x08001502                HardFault_Handler
 .text.MemManage_Handler
                0x0800150a        0x8 ./Application/User/stm32f4xx_it.o
                0x0800150a                MemManage_Handler
 .text.BusFault_Handler
                0x08001512        0x8 ./Application/User/stm32f4xx_it.o
                0x08001512                BusFault_Handler
 .text.UsageFault_Handler
                0x0800151a        0x8 ./Application/User/stm32f4xx_it.o
                0x0800151a                UsageFault_Handler
 .text.DebugMon_Handler
                0x08001522        0xe ./Application/User/stm32f4xx_it.o
                0x08001522                DebugMon_Handler
 .text.EXTI0_IRQHandler
                0x08001530        0xe ./Application/User/stm32f4xx_it.o
                0x08001530                EXTI0_IRQHandler
 .text.EXTI3_IRQHandler
                0x0800153e        0xe ./Application/User/stm32f4xx_it.o
                0x0800153e                EXTI3_IRQHandler
 .text.CAN1_RX0_IRQHandler
                0x0800154c       0x88 ./Application/User/stm32f4xx_it.o
                0x0800154c                CAN1_RX0_IRQHandler
 .text.TIM1_UP_TIM10_IRQHandler
                0x080015d4       0x14 ./Application/User/stm32f4xx_it.o
                0x080015d4                TIM1_UP_TIM10_IRQHandler
 .text.I2C2_EV_IRQHandler
                0x080015e8       0x14 ./Application/User/stm32f4xx_it.o
                0x080015e8                I2C2_EV_IRQHandler
 .text.SystemInit
                0x080015fc       0x6c ./Drivers/CMSIS/system_stm32f4xx.o
                0x080015fc                SystemInit
 .text.HAL_Init
                0x08001668       0x44 ./Drivers/STM32F4xx_HAL_Driver/stm32f4xx_hal.o
                0x08001668                HAL_Init
 .text.HAL_IncTick
                0x080016ac       0x28 ./Drivers/STM32F4xx_HAL_Driver/stm32f4xx_hal.o
                0x080016ac                HAL_IncTick
 .text.HAL_GetTick
                0x080016d4       0x18 ./Drivers/STM32F4xx_HAL_Driver/stm32f4xx_hal.o
                0x080016d4                HAL_GetTick
 .text.HAL_ADC_Init
                0x080016ec       0x86 ./Drivers/STM32F4xx_HAL_Driver/stm32f4xx_hal_adc.o
                0x080016ec                HAL_ADC_Init
 *fill*         0x08001772        0x2 
 .text.HAL_ADC_ConfigChannel
                0x08001774      0x244 ./Drivers/STM32F4xx_HAL_Driver/stm32f4xx_hal_adc.o
                0x08001774                HAL_ADC_ConfigChannel
 .text.ADC_Init
                0x080019b8      0x1f8 ./Drivers/STM32F4xx_HAL_Driver/stm32f4xx_hal_adc.o
 .text.HAL_CAN_Init
                0x08001bb0      0x1f6 ./Drivers/STM32F4xx_HAL_Driver/stm32f4xx_hal_can.o
                0x08001bb0                HAL_CAN_Init
 *fill*         0x08001da6        0x2 
 .text.HAL_CAN_ConfigFilter
                0x08001da8      0x1bc ./Drivers/STM32F4xx_HAL_Driver/stm32f4xx_hal_can.o
                0x08001da8                HAL_CAN_ConfigFilter
 .text.HAL_CAN_Start
                0x08001f64       0x88 ./Drivers/STM32F4xx_HAL_Driver/stm32f4xx_hal_can.o
                0x08001f64                HAL_CAN_Start
 .text.HAL_CAN_GetRxMessage
                0x08001fec      0x244 ./Drivers/STM32F4xx_HAL_Driver/stm32f4xx_hal_can.o
                0x08001fec                HAL_CAN_GetRxMessage
 .text.HAL_CAN_ActivateNotification
                0x08002230       0x4c ./Drivers/STM32F4xx_HAL_Driver/stm32f4xx_hal_can.o
                0x08002230                HAL_CAN_ActivateNotification
 .text.HAL_CAN_IRQHandler
                0x0800227c      0x36e ./Drivers/STM32F4xx_HAL_Driver/stm32f4xx_hal_can.o
                0x0800227c                HAL_CAN_IRQHandler
 .text.HAL_CAN_TxMailbox0CompleteCallback
                0x080025ea       0x14 ./Drivers/STM32F4xx_HAL_Driver/stm32f4xx_hal_can.o
                0x080025ea                HAL_CAN_TxMailbox0CompleteCallback
 .text.HAL_CAN_TxMailbox1CompleteCallback
                0x080025fe       0x14 ./Drivers/STM32F4xx_HAL_Driver/stm32f4xx_hal_can.o
                0x080025fe                HAL_CAN_TxMailbox1CompleteCallback
 .text.HAL_CAN_TxMailbox2CompleteCallback
                0x08002612       0x14 ./Drivers/STM32F4xx_HAL_Driver/stm32f4xx_hal_can.o
                0x08002612                HAL_CAN_TxMailbox2CompleteCallback
 .text.HAL_CAN_TxMailbox0AbortCallback
                0x08002626       0x14 ./Drivers/STM32F4xx_HAL_Driver/stm32f4xx_hal_can.o
                0x08002626                HAL_CAN_TxMailbox0AbortCallback
 .text.HAL_CAN_TxMailbox1AbortCallback
                0x0800263a       0x14 ./Drivers/STM32F4xx_HAL_Driver/stm32f4xx_hal_can.o
                0x0800263a                HAL_CAN_TxMailbox1AbortCallback
 .text.HAL_CAN_TxMailbox2AbortCallback
                0x0800264e       0x14 ./Drivers/STM32F4xx_HAL_Driver/stm32f4xx_hal_can.o
                0x0800264e                HAL_CAN_TxMailbox2AbortCallback
 .text.HAL_CAN_RxFifo0MsgPendingCallback
                0x08002662       0x14 ./Drivers/STM32F4xx_HAL_Driver/stm32f4xx_hal_can.o
                0x08002662                HAL_CAN_RxFifo0MsgPendingCallback
 .text.HAL_CAN_RxFifo0FullCallback
                0x08002676       0x14 ./Drivers/STM32F4xx_HAL_Driver/stm32f4xx_hal_can.o
                0x08002676                HAL_CAN_RxFifo0FullCallback
 .text.HAL_CAN_RxFifo1MsgPendingCallback
                0x0800268a       0x14 ./Drivers/STM32F4xx_HAL_Driver/stm32f4xx_hal_can.o
                0x0800268a                HAL_CAN_RxFifo1MsgPendingCallback
 .text.HAL_CAN_RxFifo1FullCallback
                0x0800269e       0x14 ./Drivers/STM32F4xx_HAL_Driver/stm32f4xx_hal_can.o
                0x0800269e                HAL_CAN_RxFifo1FullCallback
 .text.HAL_CAN_SleepCallback
                0x080026b2       0x14 ./Drivers/STM32F4xx_HAL_Driver/stm32f4xx_hal_can.o
                0x080026b2                HAL_CAN_SleepCallback
 .text.HAL_CAN_WakeUpFromRxMsgCallback
                0x080026c6       0x14 ./Drivers/STM32F4xx_HAL_Driver/stm32f4xx_hal_can.o
                0x080026c6                HAL_CAN_WakeUpFromRxMsgCallback
 .text.HAL_CAN_ErrorCallback
                0x080026da       0x14 ./Drivers/STM32F4xx_HAL_Driver/stm32f4xx_hal_can.o
                0x080026da                HAL_CAN_ErrorCallback
 *fill*         0x080026ee        0x2 
 .text.__NVIC_SetPriorityGrouping
                0x080026f0       0x48 ./Drivers/STM32F4xx_HAL_Driver/stm32f4xx_hal_cortex.o
 .text.__NVIC_GetPriorityGrouping
                0x08002738       0x1c ./Drivers/STM32F4xx_HAL_Driver/stm32f4xx_hal_cortex.o
 .text.__NVIC_EnableIRQ
                0x08002754       0x3c ./Drivers/STM32F4xx_HAL_Driver/stm32f4xx_hal_cortex.o
 .text.__NVIC_SetPriority
                0x08002790       0x54 ./Drivers/STM32F4xx_HAL_Driver/stm32f4xx_hal_cortex.o
 .text.NVIC_EncodePriority
                0x080027e4       0x66 ./Drivers/STM32F4xx_HAL_Driver/stm32f4xx_hal_cortex.o
 .text.HAL_NVIC_SetPriorityGrouping
                0x0800284a       0x16 ./Drivers/STM32F4xx_HAL_Driver/stm32f4xx_hal_cortex.o
                0x0800284a                HAL_NVIC_SetPriorityGrouping
 .text.HAL_NVIC_SetPriority
                0x08002860       0x38 ./Drivers/STM32F4xx_HAL_Driver/stm32f4xx_hal_cortex.o
                0x08002860                HAL_NVIC_SetPriority
 .text.HAL_NVIC_EnableIRQ
                0x08002898       0x1c ./Drivers/STM32F4xx_HAL_Driver/stm32f4xx_hal_cortex.o
                0x08002898                HAL_NVIC_EnableIRQ
 .text.HAL_DMA_Abort_IT
                0x080028b4       0x44 ./Drivers/STM32F4xx_HAL_Driver/stm32f4xx_hal_dma.o
                0x080028b4                HAL_DMA_Abort_IT
 .text.HAL_DMA_GetState
                0x080028f8       0x1c ./Drivers/STM32F4xx_HAL_Driver/stm32f4xx_hal_dma.o
                0x080028f8                HAL_DMA_GetState
 .text.HAL_GPIO_Init
                0x08002914      0x338 ./Drivers/STM32F4xx_HAL_Driver/stm32f4xx_hal_gpio.o
                0x08002914                HAL_GPIO_Init
 .text.HAL_GPIO_ReadPin
                0x08002c4c       0x30 ./Drivers/STM32F4xx_HAL_Driver/stm32f4xx_hal_gpio.o
                0x08002c4c                HAL_GPIO_ReadPin
 .text.HAL_GPIO_WritePin
                0x08002c7c       0x32 ./Drivers/STM32F4xx_HAL_Driver/stm32f4xx_hal_gpio.o
                0x08002c7c                HAL_GPIO_WritePin
 *fill*         0x08002cae        0x2 
 .text.HAL_GPIO_EXTI_IRQHandler
                0x08002cb0       0x30 ./Drivers/STM32F4xx_HAL_Driver/stm32f4xx_hal_gpio.o
                0x08002cb0                HAL_GPIO_EXTI_IRQHandler
 .text.HAL_GPIO_EXTI_Callback
                0x08002ce0       0x16 ./Drivers/STM32F4xx_HAL_Driver/stm32f4xx_hal_gpio.o
                0x08002ce0                HAL_GPIO_EXTI_Callback
 *fill*         0x08002cf6        0x2 
 .text.HAL_I2C_Init
                0x08002cf8      0x288 ./Drivers/STM32F4xx_HAL_Driver/stm32f4xx_hal_i2c.o
                0x08002cf8                HAL_I2C_Init
 .text.I2C_Flush_DR
                0x08002f80       0x2a ./Drivers/STM32F4xx_HAL_Driver/stm32f4xx_hal_i2c.o
 .text.HAL_I2C_EV_IRQHandler
                0x08002faa      0x2e2 ./Drivers/STM32F4xx_HAL_Driver/stm32f4xx_hal_i2c.o
                0x08002faa                HAL_I2C_EV_IRQHandler
 .text.HAL_I2C_MasterTxCpltCallback
                0x0800328c       0x14 ./Drivers/STM32F4xx_HAL_Driver/stm32f4xx_hal_i2c.o
                0x0800328c                HAL_I2C_MasterTxCpltCallback
 .text.HAL_I2C_MasterRxCpltCallback
                0x080032a0       0x14 ./Drivers/STM32F4xx_HAL_Driver/stm32f4xx_hal_i2c.o
                0x080032a0                HAL_I2C_MasterRxCpltCallback
 .text.HAL_I2C_SlaveTxCpltCallback
                0x080032b4       0x14 ./Drivers/STM32F4xx_HAL_Driver/stm32f4xx_hal_i2c.o
                0x080032b4                HAL_I2C_SlaveTxCpltCallback
 .text.HAL_I2C_SlaveRxCpltCallback
                0x080032c8       0x14 ./Drivers/STM32F4xx_HAL_Driver/stm32f4xx_hal_i2c.o
                0x080032c8                HAL_I2C_SlaveRxCpltCallback
 .text.HAL_I2C_AddrCallback
                0x080032dc       0x1c ./Drivers/STM32F4xx_HAL_Driver/stm32f4xx_hal_i2c.o
                0x080032dc                HAL_I2C_AddrCallback
 .text.HAL_I2C_ListenCpltCallback
                0x080032f8       0x14 ./Drivers/STM32F4xx_HAL_Driver/stm32f4xx_hal_i2c.o
                0x080032f8                HAL_I2C_ListenCpltCallback
 .text.HAL_I2C_MemTxCpltCallback
                0x0800330c       0x14 ./Drivers/STM32F4xx_HAL_Driver/stm32f4xx_hal_i2c.o
                0x0800330c                HAL_I2C_MemTxCpltCallback
 .text.HAL_I2C_MemRxCpltCallback
                0x08003320       0x14 ./Drivers/STM32F4xx_HAL_Driver/stm32f4xx_hal_i2c.o
                0x08003320                HAL_I2C_MemRxCpltCallback
 .text.HAL_I2C_ErrorCallback
                0x08003334       0x14 ./Drivers/STM32F4xx_HAL_Driver/stm32f4xx_hal_i2c.o
                0x08003334                HAL_I2C_ErrorCallback
 .text.HAL_I2C_AbortCpltCallback
                0x08003348       0x14 ./Drivers/STM32F4xx_HAL_Driver/stm32f4xx_hal_i2c.o
                0x08003348                HAL_I2C_AbortCpltCallback
 .text.I2C_MasterTransmit_TXE
                0x0800335c      0x138 ./Drivers/STM32F4xx_HAL_Driver/stm32f4xx_hal_i2c.o
 .text.I2C_MasterTransmit_BTF
                0x08003494       0xec ./Drivers/STM32F4xx_HAL_Driver/stm32f4xx_hal_i2c.o
 .text.I2C_MemoryTransmit_TXE_BTF
                0x08003580      0x130 ./Drivers/STM32F4xx_HAL_Driver/stm32f4xx_hal_i2c.o
 .text.I2C_MasterReceive_RXNE
                0x080036b0      0x190 ./Drivers/STM32F4xx_HAL_Driver/stm32f4xx_hal_i2c.o
 .text.I2C_MasterReceive_BTF
                0x08003840      0x1e2 ./Drivers/STM32F4xx_HAL_Driver/stm32f4xx_hal_i2c.o
 .text.I2C_Master_SB
                0x08003a22      0x10c ./Drivers/STM32F4xx_HAL_Driver/stm32f4xx_hal_i2c.o
 .text.I2C_Master_ADD10
                0x08003b2e       0x54 ./Drivers/STM32F4xx_HAL_Driver/stm32f4xx_hal_i2c.o
 .text.I2C_Master_ADDR
                0x08003b82      0x322 ./Drivers/STM32F4xx_HAL_Driver/stm32f4xx_hal_i2c.o
 .text.I2C_SlaveTransmit_TXE
                0x08003ea4       0x7a ./Drivers/STM32F4xx_HAL_Driver/stm32f4xx_hal_i2c.o
 .text.I2C_SlaveTransmit_BTF
                0x08003f1e       0x42 ./Drivers/STM32F4xx_HAL_Driver/stm32f4xx_hal_i2c.o
 .text.I2C_SlaveReceive_RXNE
                0x08003f60       0x7c ./Drivers/STM32F4xx_HAL_Driver/stm32f4xx_hal_i2c.o
 .text.I2C_SlaveReceive_BTF
                0x08003fdc       0x44 ./Drivers/STM32F4xx_HAL_Driver/stm32f4xx_hal_i2c.o
 .text.I2C_Slave_ADDR
                0x08004020       0x94 ./Drivers/STM32F4xx_HAL_Driver/stm32f4xx_hal_i2c.o
 .text.I2C_Slave_STOPF
                0x080040b4      0x260 ./Drivers/STM32F4xx_HAL_Driver/stm32f4xx_hal_i2c.o
 .text.I2C_ITError
                0x08004314      0x264 ./Drivers/STM32F4xx_HAL_Driver/stm32f4xx_hal_i2c.o
 .text.I2C_DMAAbort
                0x08004578      0x150 ./Drivers/STM32F4xx_HAL_Driver/stm32f4xx_hal_i2c.o
 .text.I2C_WaitOnSTOPRequestThroughIT
                0x080046c8       0x64 ./Drivers/STM32F4xx_HAL_Driver/stm32f4xx_hal_i2c.o
 .text.I2C_ConvertOtherXferOptions
                0x0800472c       0x36 ./Drivers/STM32F4xx_HAL_Driver/stm32f4xx_hal_i2c.o
 *fill*         0x08004762        0x2 
 .text.HAL_RCC_OscConfig
                0x08004764      0x4f0 ./Drivers/STM32F4xx_HAL_Driver/stm32f4xx_hal_rcc.o
                0x08004764                HAL_RCC_OscConfig
 .text.HAL_RCC_ClockConfig
                0x08004c54      0x1cc ./Drivers/STM32F4xx_HAL_Driver/stm32f4xx_hal_rcc.o
                0x08004c54                HAL_RCC_ClockConfig
 .text.HAL_RCC_GetSysClockFreq
                0x08004e20      0x20c ./Drivers/STM32F4xx_HAL_Driver/stm32f4xx_hal_rcc.o
                0x08004e20                HAL_RCC_GetSysClockFreq
 .text.HAL_RCC_GetHCLKFreq
                0x0800502c       0x18 ./Drivers/STM32F4xx_HAL_Driver/stm32f4xx_hal_rcc.o
                0x0800502c                HAL_RCC_GetHCLKFreq
 .text.HAL_RCC_GetPCLK1Freq
                0x08005044       0x28 ./Drivers/STM32F4xx_HAL_Driver/stm32f4xx_hal_rcc.o
                0x08005044                HAL_RCC_GetPCLK1Freq
 .text.HAL_RCC_GetPCLK2Freq
                0x0800506c       0x28 ./Drivers/STM32F4xx_HAL_Driver/stm32f4xx_hal_rcc.o
                0x0800506c                HAL_RCC_GetPCLK2Freq
 .text.HAL_RCC_GetClockConfig
                0x08005094       0x64 ./Drivers/STM32F4xx_HAL_Driver/stm32f4xx_hal_rcc.o
                0x08005094                HAL_RCC_GetClockConfig
 .text.HAL_SPI_Init
                0x080050f8      0x112 ./Drivers/STM32F4xx_HAL_Driver/stm32f4xx_hal_spi.o
                0x080050f8                HAL_SPI_Init
 .text.HAL_SPI_Transmit
                0x0800520a      0x288 ./Drivers/STM32F4xx_HAL_Driver/stm32f4xx_hal_spi.o
                0x0800520a                HAL_SPI_Transmit
 .text.HAL_SPI_Receive
                0x08005492      0x232 ./Drivers/STM32F4xx_HAL_Driver/stm32f4xx_hal_spi.o
                0x08005492                HAL_SPI_Receive
 .text.HAL_SPI_TransmitReceive
                0x080056c4      0x352 ./Drivers/STM32F4xx_HAL_Driver/stm32f4xx_hal_spi.o
                0x080056c4                HAL_SPI_TransmitReceive
 *fill*         0x08005a16        0x2 
 .text.SPI_WaitFlagStateUntilTimeout
                0x08005a18      0x110 ./Drivers/STM32F4xx_HAL_Driver/stm32f4xx_hal_spi.o
 .text.SPI_EndRxTransaction
                0x08005b28       0xca ./Drivers/STM32F4xx_HAL_Driver/stm32f4xx_hal_spi.o
 *fill*         0x08005bf2        0x2 
 .text.SPI_EndRxTxTransaction
                0x08005bf4       0xa8 ./Drivers/STM32F4xx_HAL_Driver/stm32f4xx_hal_spi.o
 .text.HAL_TIM_Base_Init
                0x08005c9c       0x9e ./Drivers/STM32F4xx_HAL_Driver/stm32f4xx_hal_tim.o
                0x08005c9c                HAL_TIM_Base_Init
 .text.HAL_TIM_Base_MspInit
                0x08005d3a       0x14 ./Drivers/STM32F4xx_HAL_Driver/stm32f4xx_hal_tim.o
                0x08005d3a                HAL_TIM_Base_MspInit
 *fill*         0x08005d4e        0x2 
 .text.HAL_TIM_Base_Start_IT
                0x08005d50       0xe0 ./Drivers/STM32F4xx_HAL_Driver/stm32f4xx_hal_tim.o
                0x08005d50                HAL_TIM_Base_Start_IT
 .text.HAL_TIM_IRQHandler
                0x08005e30      0x1e0 ./Drivers/STM32F4xx_HAL_Driver/stm32f4xx_hal_tim.o
                0x08005e30                HAL_TIM_IRQHandler
 .text.HAL_TIM_OC_DelayElapsedCallback
                0x08006010       0x14 ./Drivers/STM32F4xx_HAL_Driver/stm32f4xx_hal_tim.o
                0x08006010                HAL_TIM_OC_DelayElapsedCallback
 .text.HAL_TIM_IC_CaptureCallback
                0x08006024       0x14 ./Drivers/STM32F4xx_HAL_Driver/stm32f4xx_hal_tim.o
                0x08006024                HAL_TIM_IC_CaptureCallback
 .text.HAL_TIM_PWM_PulseFinishedCallback
                0x08006038       0x14 ./Drivers/STM32F4xx_HAL_Driver/stm32f4xx_hal_tim.o
                0x08006038                HAL_TIM_PWM_PulseFinishedCallback
 .text.HAL_TIM_TriggerCallback
                0x0800604c       0x14 ./Drivers/STM32F4xx_HAL_Driver/stm32f4xx_hal_tim.o
                0x0800604c                HAL_TIM_TriggerCallback
 .text.TIM_Base_SetConfig
                0x08006060      0x14c ./Drivers/STM32F4xx_HAL_Driver/stm32f4xx_hal_tim.o
                0x08006060                TIM_Base_SetConfig
 .text.HAL_TIMEx_CommutCallback
                0x080061ac       0x14 ./Drivers/STM32F4xx_HAL_Driver/stm32f4xx_hal_tim_ex.o
                0x080061ac                HAL_TIMEx_CommutCallback
 .text.HAL_TIMEx_BreakCallback
                0x080061c0       0x14 ./Drivers/STM32F4xx_HAL_Driver/stm32f4xx_hal_tim_ex.o
                0x080061c0                HAL_TIMEx_BreakCallback
 .text.makeFreeRtosPriority
                0x080061d4       0x30 ./Middlewares/FreeRTOS/cmsis_os.o
 .text.osKernelStart
                0x08006204        0xe ./Middlewares/FreeRTOS/cmsis_os.o
                0x08006204                osKernelStart
 .text.osThreadCreate
                0x08006212       0x98 ./Middlewares/FreeRTOS/cmsis_os.o
                0x08006212                osThreadCreate
 .text.osDelay  0x080062aa       0x28 ./Middlewares/FreeRTOS/cmsis_os.o
                0x080062aa                osDelay
 .text.osMutexCreate
                0x080062d2       0x30 ./Middlewares/FreeRTOS/cmsis_os.o
                0x080062d2                osMutexCreate
 .text.osSemaphoreCreate
                0x08006302       0x64 ./Middlewares/FreeRTOS/cmsis_os.o
                0x08006302                osSemaphoreCreate
 *fill*         0x08006366        0x2 
 .text.pvPortMalloc
                0x08006368      0x19c ./Middlewares/FreeRTOS/heap_4.o
                0x08006368                pvPortMalloc
 .text.vPortFree
                0x08006504       0xc8 ./Middlewares/FreeRTOS/heap_4.o
                0x08006504                vPortFree
 .text.prvHeapInit
                0x080065cc       0xc4 ./Middlewares/FreeRTOS/heap_4.o
 .text.prvInsertBlockIntoFreeList
                0x08006690       0xb4 ./Middlewares/FreeRTOS/heap_4.o
 .text.vListInitialise
                0x08006744       0x40 ./Middlewares/FreeRTOS/list.o
                0x08006744                vListInitialise
 .text.vListInitialiseItem
                0x08006784       0x1a ./Middlewares/FreeRTOS/list.o
                0x08006784                vListInitialiseItem
 .text.vListInsertEnd
                0x0800679e       0x48 ./Middlewares/FreeRTOS/list.o
                0x0800679e                vListInsertEnd
 .text.vListInsert
                0x080067e6       0x72 ./Middlewares/FreeRTOS/list.o
                0x080067e6                vListInsert
 .text.uxListRemove
                0x08006858       0x54 ./Middlewares/FreeRTOS/list.o
                0x08006858                uxListRemove
 .text.pxPortInitialiseStack
                0x080068ac       0x68 ./Middlewares/FreeRTOS/port.o
                0x080068ac                pxPortInitialiseStack
 .text.prvTaskExitError
                0x08006914       0x5c ./Middlewares/FreeRTOS/port.o
 .text.SVC_Handler
                0x08006970       0x28 ./Middlewares/FreeRTOS/port.o
                0x08006970                SVC_Handler
 .text.prvPortStartFirstTask
                0x08006998       0x28 ./Middlewares/FreeRTOS/port.o
 .text.xPortStartScheduler
                0x080069c0      0x148 ./Middlewares/FreeRTOS/port.o
                0x080069c0                xPortStartScheduler
 .text.vPortEnterCritical
                0x08006b08       0x64 ./Middlewares/FreeRTOS/port.o
                0x08006b08                vPortEnterCritical
 .text.vPortExitCritical
                0x08006b6c       0x54 ./Middlewares/FreeRTOS/port.o
                0x08006b6c                vPortExitCritical
 .text.PendSV_Handler
                0x08006bc0       0x68 ./Middlewares/FreeRTOS/port.o
                0x08006bc0                PendSV_Handler
 .text.SysTick_Handler
                0x08006c28       0x44 ./Middlewares/FreeRTOS/port.o
                0x08006c28                SysTick_Handler
 .text.vPortSetupTimerInterrupt
                0x08006c6c       0x48 ./Middlewares/FreeRTOS/port.o
                0x08006c6c                vPortSetupTimerInterrupt
 .text.vPortEnableVFP
                0x08006cb4       0x14 ./Middlewares/FreeRTOS/port.o
 .text.xQueueGenericReset
                0x08006cc8       0xd4 ./Middlewares/FreeRTOS/queue.o
                0x08006cc8                xQueueGenericReset
 .text.xQueueGenericCreateStatic
                0x08006d9c       0xfa ./Middlewares/FreeRTOS/queue.o
                0x08006d9c                xQueueGenericCreateStatic
 .text.xQueueGenericCreate
                0x08006e96       0x76 ./Middlewares/FreeRTOS/queue.o
                0x08006e96                xQueueGenericCreate
 .text.prvInitialiseNewQueue
                0x08006f0c       0x3e ./Middlewares/FreeRTOS/queue.o
 .text.prvInitialiseMutex
                0x08006f4a       0x34 ./Middlewares/FreeRTOS/queue.o
 .text.xQueueCreateMutex
                0x08006f7e       0x30 ./Middlewares/FreeRTOS/queue.o
                0x08006f7e                xQueueCreateMutex
 .text.xQueueCreateMutexStatic
                0x08006fae       0x36 ./Middlewares/FreeRTOS/queue.o
                0x08006fae                xQueueCreateMutexStatic
 .text.xQueueGenericSend
                0x08006fe4      0x204 ./Middlewares/FreeRTOS/queue.o
                0x08006fe4                xQueueGenericSend
 .text.xQueueSemaphoreTake
                0x080071e8      0x220 ./Middlewares/FreeRTOS/queue.o
                0x080071e8                xQueueSemaphoreTake
 .text.prvGetDisinheritPriorityAfterTimeout
                0x08007408       0x30 ./Middlewares/FreeRTOS/queue.o
 .text.prvCopyDataToQueue
                0x08007438       0xd4 ./Middlewares/FreeRTOS/queue.o
 .text.prvUnlockQueue
                0x0800750c       0xa4 ./Middlewares/FreeRTOS/queue.o
 .text.prvIsQueueEmpty
                0x080075b0       0x2c ./Middlewares/FreeRTOS/queue.o
 .text.prvIsQueueFull
                0x080075dc       0x30 ./Middlewares/FreeRTOS/queue.o
 .text.xTaskCreateStatic
                0x0800760c       0xc0 ./Middlewares/FreeRTOS/tasks.o
                0x0800760c                xTaskCreateStatic
 .text.xTaskCreate
                0x080076cc       0x8a ./Middlewares/FreeRTOS/tasks.o
                0x080076cc                xTaskCreate
 .text.prvInitialiseNewTask
                0x08007756      0x110 ./Middlewares/FreeRTOS/tasks.o
 *fill*         0x08007866        0x2 
 .text.prvAddNewTaskToReadyList
                0x08007868       0xd4 ./Middlewares/FreeRTOS/tasks.o
 .text.vTaskDelayUntil
                0x0800793c      0x100 ./Middlewares/FreeRTOS/tasks.o
                0x0800793c                vTaskDelayUntil
 .text.vTaskDelay
                0x08007a3c       0x6c ./Middlewares/FreeRTOS/tasks.o
                0x08007a3c                vTaskDelay
 .text.vTaskStartScheduler
                0x08007aa8       0xc4 ./Middlewares/FreeRTOS/tasks.o
                0x08007aa8                vTaskStartScheduler
 .text.vTaskSuspendAll
                0x08007b6c       0x1c ./Middlewares/FreeRTOS/tasks.o
                0x08007b6c                vTaskSuspendAll
 .text.xTaskResumeAll
                0x08007b88      0x13c ./Middlewares/FreeRTOS/tasks.o
                0x08007b88                xTaskResumeAll
 .text.xTaskGetTickCount
                0x08007cc4       0x20 ./Middlewares/FreeRTOS/tasks.o
                0x08007cc4                xTaskGetTickCount
 .text.xTaskIncrementTick
                0x08007ce4      0x174 ./Middlewares/FreeRTOS/tasks.o
                0x08007ce4                xTaskIncrementTick
 .text.vTaskSwitchContext
                0x08007e58       0xb8 ./Middlewares/FreeRTOS/tasks.o
                0x08007e58                vTaskSwitchContext
 .text.vTaskPlaceOnEventList
                0x08007f10       0x4c ./Middlewares/FreeRTOS/tasks.o
                0x08007f10                vTaskPlaceOnEventList
 .text.xTaskRemoveFromEventList
                0x08007f5c       0xc8 ./Middlewares/FreeRTOS/tasks.o
                0x08007f5c                xTaskRemoveFromEventList
 .text.vTaskInternalSetTimeOutState
                0x08008024       0x2c ./Middlewares/FreeRTOS/tasks.o
                0x08008024                vTaskInternalSetTimeOutState
 .text.xTaskCheckForTimeOut
                0x08008050       0xc8 ./Middlewares/FreeRTOS/tasks.o
                0x08008050                xTaskCheckForTimeOut
 .text.vTaskMissedYield
                0x08008118       0x18 ./Middlewares/FreeRTOS/tasks.o
                0x08008118                vTaskMissedYield
 .text.prvIdleTask
                0x08008130       0x30 ./Middlewares/FreeRTOS/tasks.o
 .text.prvInitialiseTaskLists
                0x08008160       0x80 ./Middlewares/FreeRTOS/tasks.o
 .text.prvCheckTasksWaitingTermination
                0x080081e0       0x5c ./Middlewares/FreeRTOS/tasks.o
 .text.prvDeleteTCB
                0x0800823c       0x60 ./Middlewares/FreeRTOS/tasks.o
 .text.prvResetNextTaskUnblockTime
                0x0800829c       0x40 ./Middlewares/FreeRTOS/tasks.o
 .text.xTaskGetSchedulerState
                0x080082dc       0x3c ./Middlewares/FreeRTOS/tasks.o
                0x080082dc                xTaskGetSchedulerState
 .text.xTaskPriorityInherit
                0x08008318       0xec ./Middlewares/FreeRTOS/tasks.o
                0x08008318                xTaskPriorityInherit
 .text.xTaskPriorityDisinherit
                0x08008404      0x110 ./Middlewares/FreeRTOS/tasks.o
                0x08008404                xTaskPriorityDisinherit
 .text.vTaskPriorityDisinheritAfterTimeout
                0x08008514      0x120 ./Middlewares/FreeRTOS/tasks.o
                0x08008514                vTaskPriorityDisinheritAfterTimeout
 .text.pvTaskIncrementMutexHeldCount
                0x08008634       0x28 ./Middlewares/FreeRTOS/tasks.o
                0x08008634                pvTaskIncrementMutexHeldCount
 .text.prvAddCurrentTaskToDelayedList
                0x0800865c       0xcc ./Middlewares/FreeRTOS/tasks.o
 .text.memset   0x08008728       0x10 C:/ST/STM32CubeIDE_2.0.0/STM32CubeIDE/plugins/com.st.stm32cube.ide.mcu.externaltools.gnu-tools-for-stm32.13.3.rel1.win32_1.0.100.202509120712/tools/bin/../lib/gcc/arm-none-eabi/13.3.1/../../../../arm-none-eabi/lib/thumb/v7e-m+fp/hard\libc_nano.a(libc_a-memset.o)
                0x08008728                memset
 .text.__libc_init_array
                0x08008738       0x48 C:/ST/STM32CubeIDE_2.0.0/STM32CubeIDE/plugins/com.st.stm32cube.ide.mcu.externaltools.gnu-tools-for-stm32.13.3.rel1.win32_1.0.100.202509120712/tools/bin/../lib/gcc/arm-none-eabi/13.3.1/../../../../arm-none-eabi/lib/thumb/v7e-m+fp/hard\libc_nano.a(libc_a-init.o)
                0x08008738                __libc_init_array
 .text.memcpy   0x08008780       0x1c C:/ST/STM32CubeIDE_2.0.0/STM32CubeIDE/plugins/com.st.stm32cube.ide.mcu.externaltools.gnu-tools-for-stm32.13.3.rel1.win32_1.0.100.202509120712/tools/bin/../lib/gcc/arm-none-eabi/13.3.1/../../../../arm-none-eabi/lib/thumb/v7e-m+fp/hard\libc_nano.a(libc_a-memcpy-stub.o)
                0x08008780                memcpy
 *(.glue_7)
 .glue_7        0x0800879c        0x0 linker stubs
 *(.glue_7t)
 .glue_7t       0x0800879c        0x0 linker stubs
 *(.eh_frame)
 .eh_frame      0x0800879c        0x0 C:/ST/STM32CubeIDE_2.0.0/STM32CubeIDE/plugins/com.st.stm32cube.ide.mcu.externaltools.gnu-tools-for-stm32.13.3.rel1.win32_1.0.100.202509120712/tools/bin/../lib/gcc/arm-none-eabi/13.3.1/thumb/v7e-m+fp/hard/crtbegin.o
 *(.init)
 .init          0x0800879c        0x4 C:/ST/STM32CubeIDE_2.0.0/STM32CubeIDE/plugins/com.st.stm32cube.ide.mcu.externaltools.gnu-tools-for-stm32.13.3.rel1.win32_1.0.100.202509120712/tools/bin/../lib/gcc/arm-none-eabi/13.3.1/thumb/v7e-m+fp/hard/crti.o
                0x0800879c                _init
 .init          0x080087a0        0x8 C:/ST/STM32CubeIDE_2.0.0/STM32CubeIDE/plugins/com.st.stm32cube.ide.mcu.externaltools.gnu-tools-for-stm32.13.3.rel1.win32_1.0.100.202509120712/tools/bin/../lib/gcc/arm-none-eabi/13.3.1/thumb/v7e-m+fp/hard/crtn.o
 *(.fini)
 .fini          0x080087a8        0x4 C:/ST/STM32CubeIDE_2.0.0/STM32CubeIDE/plugins/com.st.stm32cube.ide.mcu.externaltools.gnu-tools-for-stm32.13.3.rel1.win32_1.0.100.202509120712/tools/bin/../lib/gcc/arm-none-eabi/13.3.1/thumb/v7e-m+fp/hard/crti.o
                0x080087a8                _fini
 .fini          0x080087ac        0x8 C:/ST/STM32CubeIDE_2.0.0/STM32CubeIDE/plugins/com.st.stm32cube.ide.mcu.externaltools.gnu-tools-for-stm32.13.3.rel1.win32_1.0.100.202509120712/tools/bin/../lib/gcc/arm-none-eabi/13.3.1/thumb/v7e-m+fp/hard/crtn.o
                0x080087b4                        . = ALIGN (0x4)
                0x080087b4                        _etext = .

.vfp11_veneer   0x080087b4        0x0
 .vfp11_veneer  0x080087b4        0x0 linker stubs

.v4_bx          0x080087b4        0x0
 .v4_bx         0x080087b4        0x0 linker stubs

.iplt           0x080087b4        0x0
 .iplt          0x080087b4        0x0 C:/ST/STM32CubeIDE_2.0.0/STM32CubeIDE/plugins/com.st.stm32cube.ide.mcu.externaltools.gnu-tools-for-stm32.13.3.rel1.win32_1.0.100.202509120712/tools/bin/../lib/gcc/arm-none-eabi/13.3.1/thumb/v7e-m+fp/hard/crtbegin.o

.rodata         0x080087b4       0x4c
                0x080087b4                        . = ALIGN (0x4)
 *(.rodata)
 .rodata        0x080087b4       0x24 ./Application/User/freertos.o
 .rodata        0x080087d8        0x7 ./Application/User/main.o
 *fill*         0x080087df        0x1 
 .rodata        0x080087e0        0x5 ./Middlewares/FreeRTOS/tasks.o
 *(.rodata*)
 *fill*         0x080087e5        0x3 
 .rodata.AHBPrescTable
                0x080087e8       0x10 ./Drivers/CMSIS/system_stm32f4xx.o
                0x080087e8                AHBPrescTable
 .rodata.APBPrescTable
                0x080087f8        0x8 ./Drivers/CMSIS/system_stm32f4xx.o
                0x080087f8                APBPrescTable
                0x08008800                        . = ALIGN (0x4)

.ARM.extab      0x08008800        0x0
                0x08008800                        . = ALIGN (0x4)
 *(.ARM.extab* .gnu.linkonce.armextab.*)
                0x08008800                        . = ALIGN (0x4)

.ARM            0x08008800        0x8
                0x08008800                        . = ALIGN (0x4)
                0x08008800                        __exidx_start = .
 *(.ARM.exidx*)
 .ARM.exidx     0x08008800        0x8 C:/ST/STM32CubeIDE_2.0.0/STM32CubeIDE/plugins/com.st.stm32cube.ide.mcu.externaltools.gnu-tools-for-stm32.13.3.rel1.win32_1.0.100.202509120712/tools/bin/../lib/gcc/arm-none-eabi/13.3.1/thumb/v7e-m+fp/hard\libgcc.a(_udivmoddi4.o)
                0x08008808                        __exidx_end = .
                0x08008808                        . = ALIGN (0x4)

.preinit_array  0x08008808        0x0
                0x08008808                        . = ALIGN (0x4)
                0x08008808                        PROVIDE (__preinit_array_start = .)
 *(.preinit_array*)
                0x08008808                        PROVIDE (__preinit_array_end = .)
                0x08008808                        . = ALIGN (0x4)

.init_array     0x08008808        0x4
                0x08008808                        . = ALIGN (0x4)
                0x08008808                        PROVIDE (__init_array_start = .)
 *(SORT_BY_NAME(.init_array.*))
 *(.init_array*)
 .init_array    0x08008808        0x4 C:/ST/STM32CubeIDE_2.0.0/STM32CubeIDE/plugins/com.st.stm32cube.ide.mcu.externaltools.gnu-tools-for-stm32.13.3.rel1.win32_1.0.100.202509120712/tools/bin/../lib/gcc/arm-none-eabi/13.3.1/thumb/v7e-m+fp/hard/crtbegin.o
                0x0800880c                        PROVIDE (__init_array_end = .)
                0x0800880c                        . = ALIGN (0x4)

.fini_array     0x0800880c        0x4
                0x0800880c                        . = ALIGN (0x4)
                [!provide]                        PROVIDE (__fini_array_start = .)
 *(SORT_BY_NAME(.fini_array.*))
 *(.fini_array*)
 .fini_array    0x0800880c        0x4 C:/ST/STM32CubeIDE_2.0.0/STM32CubeIDE/plugins/com.st.stm32cube.ide.mcu.externaltools.gnu-tools-for-stm32.13.3.rel1.win32_1.0.100.202509120712/tools/bin/../lib/gcc/arm-none-eabi/13.3.1/thumb/v7e-m+fp/hard/crtbegin.o
                [!provide]                        PROVIDE (__fini_array_end = .)
                0x08008810                        . = ALIGN (0x4)
                0x08008810                        _sidata = LOADADDR (.data)

.rel.dyn        0x08008810        0x0
 .rel.iplt      0x08008810        0x0 C:/ST/STM32CubeIDE_2.0.0/STM32CubeIDE/plugins/com.st.stm32cube.ide.mcu.externaltools.gnu-tools-for-stm32.13.3.rel1.win32_1.0.100.202509120712/tools/bin/../lib/gcc/arm-none-eabi/13.3.1/thumb/v7e-m+fp/hard/crtbegin.o

.data           0x20000000       0x10 load address 0x08008810
                0x20000000                        . = ALIGN (0x4)
                0x20000000                        _sdata = .
 *(.data)
 *(.data*)
 .data.SystemCoreClock
                0x20000000        0x4 ./Drivers/CMSIS/system_stm32f4xx.o
                0x20000000                SystemCoreClock
 .data.uwTickPrio
                0x20000004        0x4 ./Drivers/STM32F4xx_HAL_Driver/stm32f4xx_hal.o
                0x20000004                uwTickPrio
 .data.uwTickFreq
                0x20000008        0x1 ./Drivers/STM32F4xx_HAL_Driver/stm32f4xx_hal.o
                0x20000008                uwTickFreq
 *fill*         0x20000009        0x3 
 .data.uxCriticalNesting
                0x2000000c        0x4 ./Middlewares/FreeRTOS/port.o
 *(.RamFunc)
 *(.RamFunc*)
                0x20000010                        . = ALIGN (0x4)
                0x20000010                        _edata = .
                0x08008820                        _siccmram = LOADADDR (.ccmram)

.igot.plt       0x20000010        0x0 load address 0x08008820
 .igot.plt      0x20000010        0x0 C:/ST/STM32CubeIDE_2.0.0/STM32CubeIDE/plugins/com.st.stm32cube.ide.mcu.externaltools.gnu-tools-for-stm32.13.3.rel1.win32_1.0.100.202509120712/tools/bin/../lib/gcc/arm-none-eabi/13.3.1/thumb/v7e-m+fp/hard/crtbegin.o

.ccmram         0x10000000        0x0 load address 0x08008820
                0x10000000                        . = ALIGN (0x4)
                0x10000000                        _sccmram = .
 *(.ccmram)
 *(.ccmram*)
                0x10000000                        . = ALIGN (0x4)
                0x10000000                        _eccmram = .
                0x10000000                        . = ALIGN (0x4)

.bss            0x20000010     0x4250
                0x20000010                        _sbss = .
                0x20000010                        __bss_start__ = _sbss
 *(.bss)
 .bss           0x20000010       0x1c C:/ST/STM32CubeIDE_2.0.0/STM32CubeIDE/plugins/com.st.stm32cube.ide.mcu.externaltools.gnu-tools-for-stm32.13.3.rel1.win32_1.0.100.202509120712/tools/bin/../lib/gcc/arm-none-eabi/13.3.1/thumb/v7e-m+fp/hard/crtbegin.o
 *(.bss*)
 .bss.hadc1     0x2000002c       0x48 ./Application/User/adc.o
                0x2000002c                hadc1
 .bss.hadc2     0x20000074       0x48 ./Application/User/adc.o
                0x20000074                hadc2
 .bss.hadc3     0x200000bc       0x48 ./Application/User/adc.o
                0x200000bc                hadc3
 .bss.Tarea1Handle
                0x20000104        0x4 ./Application/User/freertos.o
                0x20000104                Tarea1Handle
 .bss.mutex1Handle
                0x20000108        0x4 ./Application/User/freertos.o
                0x20000108                mutex1Handle
 .bss.Semaforo_1Handle
                0x2000010c        0x4 ./Application/User/freertos.o
                0x2000010c                Semaforo_1Handle
 .bss.xIdleTaskTCBBuffer
                0x20000110       0x54 ./Application/User/freertos.o
 .bss.xIdleStack
                0x20000164      0x200 ./Application/User/freertos.o
 .bss.hi2c2     0x20000364       0x54 ./Application/User/i2c.o
                0x20000364                hi2c2
 .bss.xMutexBalanceComm
                0x200003b8        0x4 ./Application/User/main.o
                0x200003b8                xMutexBalanceComm
 .bss.xMutexEmergencies
                0x200003bc        0x4 ./Application/User/main.o
                0x200003bc                xMutexEmergencies
 .bss.xMutexTargetCurrentAltitude
                0x200003c0        0x4 ./Application/User/main.o
                0x200003c0                xMutexTargetCurrentAltitude
 .bss.xMutexAltitudeComm
                0x200003c4        0x4 ./Application/User/main.o
                0x200003c4                xMutexAltitudeComm
 .bss.xBinaryInterruption
                0x200003c8        0x4 ./Application/User/main.o
                0x200003c8                xBinaryInterruption
 .bss.hcan1     0x200003cc       0x28 ./Application/User/main.o
                0x200003cc                hcan1
 .bss.pHeader   0x200003f4       0x18 ./Application/User/main.o
                0x200003f4                pHeader
 .bss.pRxHeader
                0x2000040c       0x1c ./Application/User/main.o
                0x2000040c                pRxHeader
 .bss.ByteReceived
                0x20000428        0x1 ./Application/User/main.o
                0x20000428                ByteReceived
 *fill*         0x20000429        0x3 
 .bss.sFilterConfig
                0x2000042c       0x28 ./Application/User/main.o
                0x2000042c                sFilterConfig
 .bss.ByteReceived1
                0x20000454        0x1 ./Application/User/main.o
                0x20000454                ByteReceived1
 *fill*         0x20000455        0x3 
 .bss.ByteReceived2
                0x20000458        0x4 ./Application/User/main.o
                0x20000458                ByteReceived2
 .bss.ByteReceived3
                0x2000045c        0x1 ./Application/User/main.o
                0x2000045c                ByteReceived3
 .bss.ByteReceived4
                0x2000045d        0x1 ./Application/User/main.o
                0x2000045d                ByteReceived4
 *fill*         0x2000045e        0x2 
 .bss.hspi1     0x20000460       0x58 ./Application/User/spi.o
                0x20000460                hspi1
 .bss.spiTxBuf  0x200004b8        0x2 ./Application/User/spi.o
                0x200004b8                spiTxBuf
 *fill*         0x200004ba        0x2 
 .bss.spiRxBuf  0x200004bc        0x2 ./Application/User/spi.o
                0x200004bc                spiRxBuf
 *fill*         0x200004be        0x2 
 .bss.htim1     0x200004c0       0x48 ./Application/User/stm32f4xx_hal_timebase_tim.o
                0x200004c0                htim1
 .bss.uwTick    0x20000508        0x4 ./Drivers/STM32F4xx_HAL_Driver/stm32f4xx_hal.o
                0x20000508                uwTick
 .bss.ucHeap    0x2000050c     0x3c00 ./Middlewares/FreeRTOS/heap_4.o
 .bss.xStart    0x2000410c        0x8 ./Middlewares/FreeRTOS/heap_4.o
 .bss.pxEnd     0x20004114        0x4 ./Middlewares/FreeRTOS/heap_4.o
 .bss.xFreeBytesRemaining
                0x20004118        0x4 ./Middlewares/FreeRTOS/heap_4.o
 .bss.xMinimumEverFreeBytesRemaining
                0x2000411c        0x4 ./Middlewares/FreeRTOS/heap_4.o
 .bss.xNumberOfSuccessfulAllocations
                0x20004120        0x4 ./Middlewares/FreeRTOS/heap_4.o
 .bss.xNumberOfSuccessfulFrees
                0x20004124        0x4 ./Middlewares/FreeRTOS/heap_4.o
 .bss.xBlockAllocatedBit
                0x20004128        0x4 ./Middlewares/FreeRTOS/heap_4.o
 .bss.ucMaxSysCallPriority
                0x2000412c        0x1 ./Middlewares/FreeRTOS/port.o
 *fill*         0x2000412d        0x3 
 .bss.ulMaxPRIGROUPValue
                0x20004130        0x4 ./Middlewares/FreeRTOS/port.o
 .bss.pxCurrentTCB
                0x20004134        0x4 ./Middlewares/FreeRTOS/tasks.o
                0x20004134                pxCurrentTCB
 .bss.pxReadyTasksLists
                0x20004138       0x8c ./Middlewares/FreeRTOS/tasks.o
 .bss.xDelayedTaskList1
                0x200041c4       0x14 ./Middlewares/FreeRTOS/tasks.o
 .bss.xDelayedTaskList2
                0x200041d8       0x14 ./Middlewares/FreeRTOS/tasks.o
 .bss.pxDelayedTaskList
                0x200041ec        0x4 ./Middlewares/FreeRTOS/tasks.o
 .bss.pxOverflowDelayedTaskList
                0x200041f0        0x4 ./Middlewares/FreeRTOS/tasks.o
 .bss.xPendingReadyList
                0x200041f4       0x14 ./Middlewares/FreeRTOS/tasks.o
 .bss.xTasksWaitingTermination
                0x20004208       0x14 ./Middlewares/FreeRTOS/tasks.o
 .bss.uxDeletedTasksWaitingCleanUp
                0x2000421c        0x4 ./Middlewares/FreeRTOS/tasks.o
 .bss.xSuspendedTaskList
                0x20004220       0x14 ./Middlewares/FreeRTOS/tasks.o
 .bss.uxCurrentNumberOfTasks
                0x20004234        0x4 ./Middlewares/FreeRTOS/tasks.o
 .bss.xTickCount
                0x20004238        0x4 ./Middlewares/FreeRTOS/tasks.o
 .bss.uxTopReadyPriority
                0x2000423c        0x4 ./Middlewares/FreeRTOS/tasks.o
 .bss.xSchedulerRunning
                0x20004240        0x4 ./Middlewares/FreeRTOS/tasks.o
 .bss.xPendedTicks
                0x20004244        0x4 ./Middlewares/FreeRTOS/tasks.o
 .bss.xYieldPending
                0x20004248        0x4 ./Middlewares/FreeRTOS/tasks.o
 .bss.xNumOfOverflows
                0x2000424c        0x4 ./Middlewares/FreeRTOS/tasks.o
 .bss.uxTaskNumber
                0x20004250        0x4 ./Middlewares/FreeRTOS/tasks.o
 .bss.xNextTaskUnblockTime
                0x20004254        0x4 ./Middlewares/FreeRTOS/tasks.o
 .bss.xIdleTaskHandle
                0x20004258        0x4 ./Middlewares/FreeRTOS/tasks.o
 .bss.uxSchedulerSuspended
                0x2000425c        0x4 ./Middlewares/FreeRTOS/tasks.o
 *(COMMON)
                0x20004260                        . = ALIGN (0x4)
                0x20004260                        _ebss = .
                0x20004260                        __bss_end__ = _ebss

._user_heap_stack
                0x20004260      0x600
                0x20004260                        . = ALIGN (0x8)
                [!provide]                        PROVIDE (end = .)
                0x20004260                        PROVIDE (_end = .)
                0x20004460                        . = (. + _Min_Heap_Size)
 *fill*         0x20004260      0x200 
                0x20004860                        . = (. + _Min_Stack_Size)
 *fill*         0x20004460      0x400 
                0x20004860                        . = ALIGN (0x8)

/DISCARD/
 libc.a(*)
 libm.a(*)
 libgcc.a(*)

.ARM.attributes
                0x00000000       0x30
 *(.ARM.attributes)
 .ARM.attributes
                0x00000000       0x22 C:/ST/STM32CubeIDE_2.0.0/STM32CubeIDE/plugins/com.st.stm32cube.ide.mcu.externaltools.gnu-tools-for-stm32.13.3.rel1.win32_1.0.100.202509120712/tools/bin/../lib/gcc/arm-none-eabi/13.3.1/thumb/v7e-m+fp/hard/crti.o
 .ARM.attributes
                0x00000022       0x34 C:/ST/STM32CubeIDE_2.0.0/STM32CubeIDE/plugins/com.st.stm32cube.ide.mcu.externaltools.gnu-tools-for-stm32.13.3.rel1.win32_1.0.100.202509120712/tools/bin/../lib/gcc/arm-none-eabi/13.3.1/thumb/v7e-m+fp/hard/crtbegin.o
 .ARM.attributes
                0x00000056       0x21 ./Application/Startup/startup_stm32f407vgtx.o
 .ARM.attributes
                0x00000077       0x34 ./Application/User/T5Motor.o
 .ARM.attributes
                0x000000ab       0x34 ./Application/User/adc.o
 .ARM.attributes
                0x000000df       0x34 ./Application/User/can.o
 .ARM.attributes
                0x00000113       0x34 ./Application/User/freertos.o
 .ARM.attributes
                0x00000147       0x34 ./Application/User/gpio.o
 .ARM.attributes
                0x0000017b       0x34 ./Application/User/i2c.o
 .ARM.attributes
                0x000001af       0x34 ./Application/User/main.o
 .ARM.attributes
                0x000001e3       0x34 ./Application/User/spi.o
 .ARM.attributes
                0x00000217       0x34 ./Application/User/stm32f4xx_hal_msp.o
 .ARM.attributes
                0x0000024b       0x34 ./Application/User/stm32f4xx_hal_timebase_tim.o
 .ARM.attributes
                0x0000027f       0x34 ./Application/User/stm32f4xx_it.o
 .ARM.attributes
                0x000002b3       0x34 ./Drivers/CMSIS/system_stm32f4xx.o
 .ARM.attributes
                0x000002e7       0x34 ./Drivers/STM32F4xx_HAL_Driver/stm32f4xx_hal.o
 .ARM.attributes
                0x0000031b       0x34 ./Drivers/STM32F4xx_HAL_Driver/stm32f4xx_hal_adc.o
 .ARM.attributes
                0x0000034f       0x34 ./Drivers/STM32F4xx_HAL_Driver/stm32f4xx_hal_can.o
 .ARM.attributes
                0x00000383       0x34 ./Drivers/STM32F4xx_HAL_Driver/stm32f4xx_hal_cortex.o
 .ARM.attributes
                0x000003b7       0x34 ./Drivers/STM32F4xx_HAL_Driver/stm32f4xx_hal_dma.o
 .ARM.attributes
                0x000003eb       0x34 ./Drivers/STM32F4xx_HAL_Driver/stm32f4xx_hal_gpio.o
 .ARM.attributes
                0x0000041f       0x34 ./Drivers/STM32F4xx_HAL_Driver/stm32f4xx_hal_i2c.o
 .ARM.attributes
                0x00000453       0x34 ./Drivers/STM32F4xx_HAL_Driver/stm32f4xx_hal_rcc.o
 .ARM.attributes
                0x00000487       0x34 ./Drivers/STM32F4xx_HAL_Driver/stm32f4xx_hal_spi.o
 .ARM.attributes
                0x000004bb       0x34 ./Drivers/STM32F4xx_HAL_Driver/stm32f4xx_hal_tim.o
 .ARM.attributes
                0x000004ef       0x34 ./Drivers/STM32F4xx_HAL_Driver/stm32f4xx_hal_tim_ex.o
 .ARM.attributes
                0x00000523       0x34 ./Middlewares/FreeRTOS/cmsis_os.o
 .ARM.attributes
                0x00000557       0x34 ./Middlewares/FreeRTOS/heap_4.o
 .ARM.attributes
                0x0000058b       0x34 ./Middlewares/FreeRTOS/list.o
 .ARM.attributes
                0x000005bf       0x34 ./Middlewares/FreeRTOS/port.o
 .ARM.attributes
                0x000005f3       0x34 ./Middlewares/FreeRTOS/queue.o
 .ARM.attributes
                0x00000627       0x34 ./Middlewares/FreeRTOS/tasks.o
 .ARM.attributes
                0x0000065b       0x34 C:/ST/STM32CubeIDE_2.0.0/STM32CubeIDE/plugins/com.st.stm32cube.ide.mcu.externaltools.gnu-tools-for-stm32.13.3.rel1.win32_1.0.100.202509120712/tools/bin/../lib/gcc/arm-none-eabi/13.3.1/../../../../arm-none-eabi/lib/thumb/v7e-m+fp/hard\libc_nano.a(libc_a-memset.o)
 .ARM.attributes
                0x0000068f       0x34 C:/ST/STM32CubeIDE_2.0.0/STM32CubeIDE/plugins/com.st.stm32cube.ide.mcu.externaltools.gnu-tools-for-stm32.13.3.rel1.win32_1.0.100.202509120712/tools/bin/../lib/gcc/arm-none-eabi/13.3.1/../../../../arm-none-eabi/lib/thumb/v7e-m+fp/hard\libc_nano.a(libc_a-init.o)
 .ARM.attributes
                0x000006c3       0x34 C:/ST/STM32CubeIDE_2.0.0/STM32CubeIDE/plugins/com.st.stm32cube.ide.mcu.externaltools.gnu-tools-for-stm32.13.3.rel1.win32_1.0.100.202509120712/tools/bin/../lib/gcc/arm-none-eabi/13.3.1/../../../../arm-none-eabi/lib/thumb/v7e-m+fp/hard\libc_nano.a(libc_a-memcpy-stub.o)
 .ARM.attributes
                0x000006f7       0x22 C:/ST/STM32CubeIDE_2.0.0/STM32CubeIDE/plugins/com.st.stm32cube.ide.mcu.externaltools.gnu-tools-for-stm32.13.3.rel1.win32_1.0.100.202509120712/tools/bin/../lib/gcc/arm-none-eabi/13.3.1/thumb/v7e-m+fp/hard\libgcc.a(_aeabi_uldivmod.o)
 .ARM.attributes
                0x00000719       0x34 C:/ST/STM32CubeIDE_2.0.0/STM32CubeIDE/plugins/com.st.stm32cube.ide.mcu.externaltools.gnu-tools-for-stm32.13.3.rel1.win32_1.0.100.202509120712/tools/bin/../lib/gcc/arm-none-eabi/13.3.1/thumb/v7e-m+fp/hard\libgcc.a(_udivmoddi4.o)
 .ARM.attributes
                0x0000074d       0x22 C:/ST/STM32CubeIDE_2.0.0/STM32CubeIDE/plugins/com.st.stm32cube.ide.mcu.externaltools.gnu-tools-for-stm32.13.3.rel1.win32_1.0.100.202509120712/tools/bin/../lib/gcc/arm-none-eabi/13.3.1/thumb/v7e-m+fp/hard\libgcc.a(_dvmd_tls.o)
 .ARM.attributes
                0x0000076f       0x22 C:/ST/STM32CubeIDE_2.0.0/STM32CubeIDE/plugins/com.st.stm32cube.ide.mcu.externaltools.gnu-tools-for-stm32.13.3.rel1.win32_1.0.100.202509120712/tools/bin/../lib/gcc/arm-none-eabi/13.3.1/thumb/v7e-m+fp/hard/crtn.o
OUTPUT(P3CAN.elf elf32-littlearm)
LOAD linker stubs
LOAD C:/ST/STM32CubeIDE_2.0.0/STM32CubeIDE/plugins/com.st.stm32cube.ide.mcu.externaltools.gnu-tools-for-stm32.13.3.rel1.win32_1.0.100.202509120712/tools/bin/../lib/gcc/arm-none-eabi/13.3.1/../../../../arm-none-eabi/lib/thumb/v7e-m+fp/hard\libc.a
LOAD C:/ST/STM32CubeIDE_2.0.0/STM32CubeIDE/plugins/com.st.stm32cube.ide.mcu.externaltools.gnu-tools-for-stm32.13.3.rel1.win32_1.0.100.202509120712/tools/bin/../lib/gcc/arm-none-eabi/13.3.1/../../../../arm-none-eabi/lib/thumb/v7e-m+fp/hard\libm.a
LOAD C:/ST/STM32CubeIDE_2.0.0/STM32CubeIDE/plugins/com.st.stm32cube.ide.mcu.externaltools.gnu-tools-for-stm32.13.3.rel1.win32_1.0.100.202509120712/tools/bin/../lib/gcc/arm-none-eabi/13.3.1/thumb/v7e-m+fp/hard\libgcc.a

.debug_line     0x00000000    0x1e186
 .debug_line    0x00000000       0x7a ./Application/Startup/startup_stm32f407vgtx.o
 .debug_line    0x0000007a      0x987 ./Application/User/T5Motor.o
 .debug_line    0x00000a01      0x9b8 ./Application/User/adc.o
 .debug_line    0x000013b9      0x885 ./Application/User/can.o
 .debug_line    0x00001c3e      0x9fd ./Application/User/freertos.o
 .debug_line    0x0000263b      0x882 ./Application/User/gpio.o
 .debug_line    0x00002ebd      0x881 ./Application/User/i2c.o
 .debug_line    0x0000373e      0xbaf ./Application/User/main.o
 .debug_line    0x000042ed      0x8d2 ./Application/User/spi.o
 .debug_line    0x00004bbf      0x812 ./Application/User/stm32f4xx_hal_msp.o
 .debug_line    0x000053d1      0x884 ./Application/User/stm32f4xx_hal_timebase_tim.o
 .debug_line    0x00005c55      0x95c ./Application/User/stm32f4xx_it.o
 .debug_line    0x000065b1      0x8bf ./Drivers/CMSIS/system_stm32f4xx.o
 .debug_line    0x00006e70      0xb07 ./Drivers/STM32F4xx_HAL_Driver/stm32f4xx_hal.o
 .debug_line    0x00007977     0x131e ./Drivers/STM32F4xx_HAL_Driver/stm32f4xx_hal_adc.o
 .debug_line    0x00008c95     0x12c6 ./Drivers/STM32F4xx_HAL_Driver/stm32f4xx_hal_can.o
 .debug_line    0x00009f5b      0xdd7 ./Drivers/STM32F4xx_HAL_Driver/stm32f4xx_hal_cortex.o
 .debug_line    0x0000ad32     0x1073 ./Drivers/STM32F4xx_HAL_Driver/stm32f4xx_hal_dma.o
 .debug_line    0x0000bda5      0xc5f ./Drivers/STM32F4xx_HAL_Driver/stm32f4xx_hal_gpio.o
 .debug_line    0x0000ca04     0x3bb4 ./Drivers/STM32F4xx_HAL_Driver/stm32f4xx_hal_i2c.o
 .debug_line    0x000105b8      0xf16 ./Drivers/STM32F4xx_HAL_Driver/stm32f4xx_hal_rcc.o
 .debug_line    0x000114ce     0x1da2 ./Drivers/STM32F4xx_HAL_Driver/stm32f4xx_hal_spi.o
 .debug_line    0x00013270     0x387c ./Drivers/STM32F4xx_HAL_Driver/stm32f4xx_hal_tim.o
 .debug_line    0x00016aec     0x1a67 ./Drivers/STM32F4xx_HAL_Driver/stm32f4xx_hal_tim_ex.o
 .debug_line    0x00018553     0x1354 ./Middlewares/FreeRTOS/cmsis_os.o
 .debug_line    0x000198a7      0x9df ./Middlewares/FreeRTOS/heap_4.o
 .debug_line    0x0001a286      0x7c8 ./Middlewares/FreeRTOS/list.o
 .debug_line    0x0001aa4e      0x88d ./Middlewares/FreeRTOS/port.o
 .debug_line    0x0001b2db     0x150c ./Middlewares/FreeRTOS/queue.o
 .debug_line    0x0001c7e7     0x199f ./Middlewares/FreeRTOS/tasks.o

.debug_line_str
                0x00000000       0x78
 .debug_line_str
                0x00000000       0x78 ./Application/Startup/startup_stm32f407vgtx.o

.debug_info     0x00000000    0x195f3
 .debug_info    0x00000000       0x30 ./Application/Startup/startup_stm32f407vgtx.o
 .debug_info    0x00000030      0x389 ./Application/User/T5Motor.o
 .debug_info    0x000003b9      0xa8f ./Application/User/adc.o
 .debug_info    0x00000e48      0xaad ./Application/User/can.o
 .debug_info    0x000018f5      0x78a ./Application/User/freertos.o
 .debug_info    0x0000207f      0x69a ./Application/User/gpio.o
 .debug_info    0x00002719      0xbd9 ./Application/User/i2c.o
 .debug_info    0x000032f2     0x13ad ./Application/User/main.o
 .debug_info    0x0000469f      0xa40 ./Application/User/spi.o
 .debug_info    0x000050df      0x4b7 ./Application/User/stm32f4xx_hal_msp.o
 .debug_info    0x00005596      0xbe0 ./Application/User/stm32f4xx_hal_timebase_tim.o
 .debug_info    0x00006176      0xf18 ./Application/User/stm32f4xx_it.o
 .debug_info    0x0000708e      0x512 ./Drivers/CMSIS/system_stm32f4xx.o
 .debug_info    0x000075a0      0x944 ./Drivers/STM32F4xx_HAL_Driver/stm32f4xx_hal.o
 .debug_info    0x00007ee4      0xce3 ./Drivers/STM32F4xx_HAL_Driver/stm32f4xx_hal_adc.o
 .debug_info    0x00008bc7      0xf49 ./Drivers/STM32F4xx_HAL_Driver/stm32f4xx_hal_can.o
 .debug_info    0x00009b10      0xd8c ./Drivers/STM32F4xx_HAL_Driver/stm32f4xx_hal_cortex.o
 .debug_info    0x0000a89c      0x8e7 ./Drivers/STM32F4xx_HAL_Driver/stm32f4xx_hal_dma.o
 .debug_info    0x0000b183      0x6c3 ./Drivers/STM32F4xx_HAL_Driver/stm32f4xx_hal_gpio.o
 .debug_info    0x0000b846     0x2415 ./Drivers/STM32F4xx_HAL_Driver/stm32f4xx_hal_i2c.o
 .debug_info    0x0000dc5b      0x8c3 ./Drivers/STM32F4xx_HAL_Driver/stm32f4xx_hal_rcc.o
 .debug_info    0x0000e51e     0x1525 ./Drivers/STM32F4xx_HAL_Driver/stm32f4xx_hal_spi.o
 .debug_info    0x0000fa43     0x299d ./Drivers/STM32F4xx_HAL_Driver/stm32f4xx_hal_tim.o
 .debug_info    0x000123e0     0x14db ./Drivers/STM32F4xx_HAL_Driver/stm32f4xx_hal_tim_ex.o
 .debug_info    0x000138bb     0x1b90 ./Middlewares/FreeRTOS/cmsis_os.o
 .debug_info    0x0001544b      0x4d5 ./Middlewares/FreeRTOS/heap_4.o
 .debug_info    0x00015920      0x2af ./Middlewares/FreeRTOS/list.o
 .debug_info    0x00015bcf      0x4de ./Middlewares/FreeRTOS/port.o
 .debug_info    0x000160ad     0x17cd ./Middlewares/FreeRTOS/queue.o
 .debug_info    0x0001787a     0x1d79 ./Middlewares/FreeRTOS/tasks.o

.debug_abbrev   0x00000000     0x41c9
 .debug_abbrev  0x00000000       0x24 ./Application/Startup/startup_stm32f407vgtx.o
 .debug_abbrev  0x00000024      0x1b6 ./Application/User/T5Motor.o
 .debug_abbrev  0x000001da      0x1f7 ./Application/User/adc.o
 .debug_abbrev  0x000003d1      0x210 ./Application/User/can.o
 .debug_abbrev  0x000005e1      0x19c ./Application/User/freertos.o
 .debug_abbrev  0x0000077d      0x174 ./Application/User/gpio.o
 .debug_abbrev  0x000008f1      0x210 ./Application/User/i2c.o
 .debug_abbrev  0x00000b01      0x313 ./Application/User/main.o
 .debug_abbrev  0x00000e14      0x243 ./Application/User/spi.o
 .debug_abbrev  0x00001057      0x119 ./Application/User/stm32f4xx_hal_msp.o
 .debug_abbrev  0x00001170      0x1f4 ./Application/User/stm32f4xx_hal_timebase_tim.o
 .debug_abbrev  0x00001364      0x22c ./Application/User/stm32f4xx_it.o
 .debug_abbrev  0x00001590      0x11a ./Drivers/CMSIS/system_stm32f4xx.o
 .debug_abbrev  0x000016aa      0x214 ./Drivers/STM32F4xx_HAL_Driver/stm32f4xx_hal.o
 .debug_abbrev  0x000018be      0x252 ./Drivers/STM32F4xx_HAL_Driver/stm32f4xx_hal_adc.o
 .debug_abbrev  0x00001b10      0x258 ./Drivers/STM32F4xx_HAL_Driver/stm32f4xx_hal_can.o
 .debug_abbrev  0x00001d68      0x31d ./Drivers/STM32F4xx_HAL_Driver/stm32f4xx_hal_cortex.o
 .debug_abbrev  0x00002085      0x264 ./Drivers/STM32F4xx_HAL_Driver/stm32f4xx_hal_dma.o
 .debug_abbrev  0x000022e9      0x1d4 ./Drivers/STM32F4xx_HAL_Driver/stm32f4xx_hal_gpio.o
 .debug_abbrev  0x000024bd      0x2ad ./Drivers/STM32F4xx_HAL_Driver/stm32f4xx_hal_i2c.o
 .debug_abbrev  0x0000276a      0x2b7 ./Drivers/STM32F4xx_HAL_Driver/stm32f4xx_hal_rcc.o
 .debug_abbrev  0x00002a21      0x27a ./Drivers/STM32F4xx_HAL_Driver/stm32f4xx_hal_spi.o
 .debug_abbrev  0x00002c9b      0x278 ./Drivers/STM32F4xx_HAL_Driver/stm32f4xx_hal_tim.o
 .debug_abbrev  0x00002f13      0x283 ./Drivers/STM32F4xx_HAL_Driver/stm32f4xx_hal_tim_ex.o
 .debug_abbrev  0x00003196      0x3b7 ./Middlewares/FreeRTOS/cmsis_os.o
 .debug_abbrev  0x0000354d      0x21d ./Middlewares/FreeRTOS/heap_4.o
 .debug_abbrev  0x0000376a       0xf5 ./Middlewares/FreeRTOS/list.o
 .debug_abbrev  0x0000385f      0x25c ./Middlewares/FreeRTOS/port.o
 .debug_abbrev  0x00003abb      0x3b5 ./Middlewares/FreeRTOS/queue.o
 .debug_abbrev  0x00003e70      0x359 ./Middlewares/FreeRTOS/tasks.o

.debug_aranges  0x00000000     0x17b8
 .debug_aranges
                0x00000000       0x28 ./Application/Startup/startup_stm32f407vgtx.o
 .debug_aranges
                0x00000028       0x20 ./Application/User/T5Motor.o
 .debug_aranges
                0x00000048       0x40 ./Application/User/adc.o
 .debug_aranges
                0x00000088       0x30 ./Application/User/can.o
 .debug_aranges
                0x000000b8       0x30 ./Application/User/freertos.o
 .debug_aranges
                0x000000e8       0x20 ./Application/User/gpio.o
 .debug_aranges
                0x00000108       0x30 ./Application/User/i2c.o
 .debug_aranges
                0x00000138       0x40 ./Application/User/main.o
 .debug_aranges
                0x00000178       0x40 ./Application/User/spi.o
 .debug_aranges
                0x000001b8       0x20 ./Application/User/stm32f4xx_hal_msp.o
 .debug_aranges
                0x000001d8       0x30 ./Application/User/stm32f4xx_hal_timebase_tim.o
 .debug_aranges
                0x00000208       0x70 ./Application/User/stm32f4xx_it.o
 .debug_aranges
                0x00000278       0x28 ./Drivers/CMSIS/system_stm32f4xx.o
 .debug_aranges
                0x000002a0       0xf0 ./Drivers/STM32F4xx_HAL_Driver/stm32f4xx_hal.o
 .debug_aranges
                0x00000390       0xe8 ./Drivers/STM32F4xx_HAL_Driver/stm32f4xx_hal_adc.o
 .debug_aranges
                0x00000478      0x138 ./Drivers/STM32F4xx_HAL_Driver/stm32f4xx_hal_can.o
 .debug_aranges
                0x000005b0      0x130 ./Drivers/STM32F4xx_HAL_Driver/stm32f4xx_hal_cortex.o
 .debug_aranges
                0x000006e0       0x90 ./Drivers/STM32F4xx_HAL_Driver/stm32f4xx_hal_dma.o
 .debug_aranges
                0x00000770       0x58 ./Drivers/STM32F4xx_HAL_Driver/stm32f4xx_hal_gpio.o
 .debug_aranges
                0x000007c8      0x2a8 ./Drivers/STM32F4xx_HAL_Driver/stm32f4xx_hal_i2c.o
 .debug_aranges
                0x00000a70       0x88 ./Drivers/STM32F4xx_HAL_Driver/stm32f4xx_hal_rcc.o
 .debug_aranges
                0x00000af8      0x1d0 ./Drivers/STM32F4xx_HAL_Driver/stm32f4xx_hal_spi.o
 .debug_aranges
                0x00000cc8      0x3d0 ./Drivers/STM32F4xx_HAL_Driver/stm32f4xx_hal_tim.o
 .debug_aranges
                0x00001098      0x168 ./Drivers/STM32F4xx_HAL_Driver/stm32f4xx_hal_tim_ex.o
 .debug_aranges
                0x00001200      0x1d8 ./Middlewares/FreeRTOS/cmsis_os.o
 .debug_aranges
                0x000013d8       0x58 ./Middlewares/FreeRTOS/heap_4.o
 .debug_aranges
                0x00001430       0x40 ./Middlewares/FreeRTOS/list.o
 .debug_aranges
                0x00001470       0x80 ./Middlewares/FreeRTOS/port.o
 .debug_aranges
                0x000014f0      0x108 ./Middlewares/FreeRTOS/queue.o
 .debug_aranges
                0x000015f8      0x1c0 ./Middlewares/FreeRTOS/tasks.o

.debug_str      0x00000000    0xe5b7c
 .debug_str     0x00000000    0xe5b7c ./Application/Startup/startup_stm32f407vgtx.o
                                 0x94 (size before relaxing)
 .debug_str     0x000e5b7c        0x0 ./Application/User/T5Motor.o
                              0xd851e (size before relaxing)
 .debug_str     0x000e5b7c        0x0 ./Application/User/adc.o
                              0xd3c14 (size before relaxing)
 .debug_str     0x000e5b7c        0x0 ./Application/User/can.o
                              0xd3f5e (size before relaxing)
 .debug_str     0x000e5b7c        0x0 ./Application/User/freertos.o
                              0xd9aec (size before relaxing)
 .debug_str     0x000e5b7c        0x0 ./Application/User/gpio.o
                              0xd3c9c (size before relaxing)
 .debug_str     0x000e5b7c        0x0 ./Application/User/i2c.o
                              0xd41df (size before relaxing)
 .debug_str     0x000e5b7c        0x0 ./Application/User/main.o
                              0xdcb71 (size before relaxing)
 .debug_str     0x000e5b7c        0x0 ./Application/User/spi.o
                              0xd3ca0 (size before relaxing)
 .debug_str     0x000e5b7c        0x0 ./Application/User/stm32f4xx_hal_msp.o
                              0xd3bbe (size before relaxing)
 .debug_str     0x000e5b7c        0x0 ./Application/User/stm32f4xx_hal_timebase_tim.o
                              0xd4248 (size before relaxing)
 .debug_str     0x000e5b7c        0x0 ./Application/User/stm32f4xx_it.o
                              0xd41e4 (size before relaxing)
 .debug_str     0x000e5b7c        0x0 ./Drivers/CMSIS/system_stm32f4xx.o
                              0xd3776 (size before relaxing)
 .debug_str     0x000e5b7c        0x0 ./Drivers/STM32F4xx_HAL_Driver/stm32f4xx_hal.o
                              0xd42ea (size before relaxing)
 .debug_str     0x000e5b7c        0x0 ./Drivers/STM32F4xx_HAL_Driver/stm32f4xx_hal_adc.o
                              0xd3d53 (size before relaxing)
 .debug_str     0x000e5b7c        0x0 ./Drivers/STM32F4xx_HAL_Driver/stm32f4xx_hal_can.o
                              0xd3e60 (size before relaxing)
 .debug_str     0x000e5b7c        0x0 ./Drivers/STM32F4xx_HAL_Driver/stm32f4xx_hal_cortex.o
                              0xd4066 (size before relaxing)
 .debug_str     0x000e5b7c        0x0 ./Drivers/STM32F4xx_HAL_Driver/stm32f4xx_hal_dma.o
                              0xd3b80 (size before relaxing)
 .debug_str     0x000e5b7c        0x0 ./Drivers/STM32F4xx_HAL_Driver/stm32f4xx_hal_gpio.o
                              0xd38e1 (size before relaxing)
 .debug_str     0x000e5b7c        0x0 ./Drivers/STM32F4xx_HAL_Driver/stm32f4xx_hal_i2c.o
                              0xd4784 (size before relaxing)
 .debug_str     0x000e5b7c        0x0 ./Drivers/STM32F4xx_HAL_Driver/stm32f4xx_hal_rcc.o
                              0xd3b9a (size before relaxing)
 .debug_str     0x000e5b7c        0x0 ./Drivers/STM32F4xx_HAL_Driver/stm32f4xx_hal_spi.o
                              0xd4024 (size before relaxing)
 .debug_str     0x000e5b7c        0x0 ./Drivers/STM32F4xx_HAL_Driver/stm32f4xx_hal_tim.o
                              0xd4af0 (size before relaxing)
 .debug_str     0x000e5b7c        0x0 ./Drivers/STM32F4xx_HAL_Driver/stm32f4xx_hal_tim_ex.o
                              0xd42fc (size before relaxing)
 .debug_str     0x000e5b7c        0x0 ./Middlewares/FreeRTOS/cmsis_os.o
                               0xeba4 (size before relaxing)
 .debug_str     0x000e5b7c        0x0 ./Middlewares/FreeRTOS/heap_4.o
                               0xb5ac (size before relaxing)
 .debug_str     0x000e5b7c        0x0 ./Middlewares/FreeRTOS/list.o
                               0xac6a (size before relaxing)
 .debug_str     0x000e5b7c        0x0 ./Middlewares/FreeRTOS/port.o
                               0x880c (size before relaxing)
 .debug_str     0x000e5b7c        0x0 ./Middlewares/FreeRTOS/queue.o
                               0xc5fd (size before relaxing)
 .debug_str     0x000e5b7c        0x0 ./Middlewares/FreeRTOS/tasks.o
                               0xd014 (size before relaxing)

.debug_rnglists
                0x00000000     0x125e
 .debug_rnglists
                0x00000000       0x19 ./Application/Startup/startup_stm32f407vgtx.o
 .debug_rnglists
                0x00000019       0x14 ./Application/User/T5Motor.o
 .debug_rnglists
                0x0000002d       0x30 ./Application/User/adc.o
 .debug_rnglists
                0x0000005d       0x20 ./Application/User/can.o
 .debug_rnglists
                0x0000007d       0x1f ./Application/User/freertos.o
 .debug_rnglists
                0x0000009c       0x14 ./Application/User/gpio.o
 .debug_rnglists
                0x000000b0       0x20 ./Application/User/i2c.o
 .debug_rnglists
                0x000000d0       0x2d ./Application/User/main.o
 .debug_rnglists
                0x000000fd       0x2c ./Application/User/spi.o
 .debug_rnglists
                0x00000129       0x13 ./Application/User/stm32f4xx_hal_msp.o
 .debug_rnglists
                0x0000013c       0x20 ./Application/User/stm32f4xx_hal_timebase_tim.o
 .debug_rnglists
                0x0000015c       0x50 ./Application/User/stm32f4xx_it.o
 .debug_rnglists
                0x000001ac       0x1a ./Drivers/CMSIS/system_stm32f4xx.o
 .debug_rnglists
                0x000001c6       0xaf ./Drivers/STM32F4xx_HAL_Driver/stm32f4xx_hal.o
 .debug_rnglists
                0x00000275       0xb5 ./Drivers/STM32F4xx_HAL_Driver/stm32f4xx_hal_adc.o
 .debug_rnglists
                0x0000032a       0xee ./Drivers/STM32F4xx_HAL_Driver/stm32f4xx_hal_can.o
 .debug_rnglists
                0x00000418       0xe0 ./Drivers/STM32F4xx_HAL_Driver/stm32f4xx_hal_cortex.o
 .debug_rnglists
                0x000004f8       0x70 ./Drivers/STM32F4xx_HAL_Driver/stm32f4xx_hal_dma.o
 .debug_rnglists
                0x00000568       0x3f ./Drivers/STM32F4xx_HAL_Driver/stm32f4xx_hal_gpio.o
 .debug_rnglists
                0x000005a7      0x23c ./Drivers/STM32F4xx_HAL_Driver/stm32f4xx_hal_i2c.o
 .debug_rnglists
                0x000007e3       0x66 ./Drivers/STM32F4xx_HAL_Driver/stm32f4xx_hal_rcc.o
 .debug_rnglists
                0x00000849      0x16f ./Drivers/STM32F4xx_HAL_Driver/stm32f4xx_hal_spi.o
 .debug_rnglists
                0x000009b8      0x31a ./Drivers/STM32F4xx_HAL_Driver/stm32f4xx_hal_tim.o
 .debug_rnglists
                0x00000cd2      0x125 ./Drivers/STM32F4xx_HAL_Driver/stm32f4xx_hal_tim_ex.o
 .debug_rnglists
                0x00000df7      0x16a ./Middlewares/FreeRTOS/cmsis_os.o
 .debug_rnglists
                0x00000f61       0x42 ./Middlewares/FreeRTOS/heap_4.o
 .debug_rnglists
                0x00000fa3       0x2b ./Middlewares/FreeRTOS/list.o
 .debug_rnglists
                0x00000fce       0x5d ./Middlewares/FreeRTOS/port.o
 .debug_rnglists
                0x0000102b       0xcd ./Middlewares/FreeRTOS/queue.o
 .debug_rnglists
                0x000010f8      0x166 ./Middlewares/FreeRTOS/tasks.o

.debug_macro    0x00000000    0x25c0b
 .debug_macro   0x00000000      0x2be ./Application/User/T5Motor.o
 .debug_macro   0x000002be      0xad8 ./Application/User/T5Motor.o
 .debug_macro   0x00000d96      0x190 ./Application/User/T5Motor.o
 .debug_macro   0x00000f26       0x22 ./Application/User/T5Motor.o
 .debug_macro   0x00000f48       0x8e ./Application/User/T5Motor.o
 .debug_macro   0x00000fd6       0x51 ./Application/User/T5Motor.o
 .debug_macro   0x00001027      0x103 ./Application/User/T5Motor.o
 .debug_macro   0x0000112a       0x6a ./Application/User/T5Motor.o
 .debug_macro   0x00001194      0x1df ./Application/User/T5Motor.o
 .debug_macro   0x00001373       0xf7 ./Application/User/T5Motor.o
 .debug_macro   0x0000146a      0x15a ./Application/User/T5Motor.o
 .debug_macro   0x000015c4       0xde ./Application/User/T5Motor.o
 .debug_macro   0x000016a2       0x1c ./Application/User/T5Motor.o
 .debug_macro   0x000016be       0x26 ./Application/User/T5Motor.o
 .debug_macro   0x000016e4      0x504 ./Application/User/T5Motor.o
 .debug_macro   0x00001be8       0xb5 ./Application/User/T5Motor.o
 .debug_macro   0x00001c9d       0xaa ./Application/User/T5Motor.o
 .debug_macro   0x00001d47       0x87 ./Application/User/T5Motor.o
 .debug_macro   0x00001dce       0x7e ./Application/User/T5Motor.o
 .debug_macro   0x00001e4c      0x2ad ./Application/User/T5Motor.o
 .debug_macro   0x000020f9       0x2e ./Application/User/T5Motor.o
 .debug_macro   0x00002127       0x2f ./Application/User/T5Motor.o
 .debug_macro   0x00002156       0x1c ./Application/User/T5Motor.o
 .debug_macro   0x00002172       0x22 ./Application/User/T5Motor.o
 .debug_macro   0x00002194       0xfb ./Application/User/T5Motor.o
 .debug_macro   0x0000228f     0x1011 ./Application/User/T5Motor.o
 .debug_macro   0x000032a0      0x11f ./Application/User/T5Motor.o
 .debug_macro   0x000033bf    0x15ea5 ./Application/User/T5Motor.o
 .debug_macro   0x00019264       0x6d ./Application/User/T5Motor.o
 .debug_macro   0x000192d1     0x3693 ./Application/User/T5Motor.o
 .debug_macro   0x0001c964       0x5c ./Application/User/T5Motor.o
 .debug_macro   0x0001c9c0      0x980 ./Application/User/T5Motor.o
 .debug_macro   0x0001d340      0x9e9 ./Application/User/T5Motor.o
 .debug_macro   0x0001dd29      0x115 ./Application/User/T5Motor.o
 .debug_macro   0x0001de3e      0x13e ./Application/User/T5Motor.o
 .debug_macro   0x0001df7c       0xa5 ./Application/User/T5Motor.o
 .debug_macro   0x0001e021      0x174 ./Application/User/T5Motor.o
 .debug_macro   0x0001e195      0x287 ./Application/User/T5Motor.o
 .debug_macro   0x0001e41c       0x5f ./Application/User/T5Motor.o
 .debug_macro   0x0001e47b      0x236 ./Application/User/T5Motor.o
 .debug_macro   0x0001e6b1      0xb5b ./Application/User/T5Motor.o
 .debug_macro   0x0001f20c      0x38b ./Application/User/T5Motor.o
 .debug_macro   0x0001f597      0x176 ./Application/User/T5Motor.o
 .debug_macro   0x0001f70d       0xf9 ./Application/User/T5Motor.o
 .debug_macro   0x0001f806      0x40f ./Application/User/T5Motor.o
 .debug_macro   0x0001fc15      0x12c ./Application/User/T5Motor.o
 .debug_macro   0x0001fd41      0x21e ./Application/User/T5Motor.o
 .debug_macro   0x0001ff5f       0x2e ./Application/User/T5Motor.o
 .debug_macro   0x0001ff8d      0x1b5 ./Application/User/T5Motor.o
 .debug_macro   0x00020142       0xd6 ./Application/User/T5Motor.o
 .debug_macro   0x00020218      0x127 ./Application/User/T5Motor.o
 .debug_macro   0x0002033f       0x7e ./Application/User/T5Motor.o
 .debug_macro   0x000203bd       0x89 ./Application/User/T5Motor.o
 .debug_macro   0x00020446      0x225 ./Application/User/T5Motor.o
 .debug_macro   0x0002066b      0x8ed ./Application/User/T5Motor.o
 .debug_macro   0x00020f58       0x4d ./Application/User/T5Motor.o
 .debug_macro   0x00020fa5      0x12d ./Application/User/T5Motor.o
 .debug_macro   0x000210d2      0x22e ./Application/User/adc.o
 .debug_macro   0x00021300      0x22e ./Application/User/can.o
 .debug_macro   0x0002152e      0x2ef ./Application/User/freertos.o
 .debug_macro   0x0002181d       0x91 ./Application/User/freertos.o
 .debug_macro   0x000218ae       0x8d ./Application/User/freertos.o
 .debug_macro   0x0002193b       0x19 ./Application/User/freertos.o
 .debug_macro   0x00021954       0xf2 ./Application/User/freertos.o
 .debug_macro   0x00021a46      0x22e ./Application/User/gpio.o
 .debug_macro   0x00021c74      0x22e ./Application/User/i2c.o
 .debug_macro   0x00021ea2      0x3c3 ./Application/User/main.o
 .debug_macro   0x00022265       0xf7 ./Application/User/main.o
 .debug_macro   0x0002235c       0x61 ./Application/User/main.o
 .debug_macro   0x000223bd       0x2a ./Application/User/main.o
 .debug_macro   0x000223e7       0x43 ./Application/User/main.o
 .debug_macro   0x0002242a       0x34 ./Application/User/main.o
 .debug_macro   0x0002245e      0x370 ./Application/User/main.o
 .debug_macro   0x000227ce       0x16 ./Application/User/main.o
 .debug_macro   0x000227e4       0x4a ./Application/User/main.o
 .debug_macro   0x0002282e       0x34 ./Application/User/main.o
 .debug_macro   0x00022862       0x10 ./Application/User/main.o
 .debug_macro   0x00022872       0x58 ./Application/User/main.o
 .debug_macro   0x000228ca       0x8e ./Application/User/main.o
 .debug_macro   0x00022958       0x1c ./Application/User/main.o
 .debug_macro   0x00022974      0x185 ./Application/User/main.o
 .debug_macro   0x00022af9      0x19b ./Application/User/main.o
 .debug_macro   0x00022c94      0x22e ./Application/User/spi.o
 .debug_macro   0x00022ec2      0x224 ./Application/User/stm32f4xx_hal_msp.o
 .debug_macro   0x000230e6      0x21a ./Application/User/stm32f4xx_hal_timebase_tim.o
 .debug_macro   0x00023300      0x238 ./Application/User/stm32f4xx_it.o
 .debug_macro   0x00023538      0x220 ./Drivers/CMSIS/system_stm32f4xx.o
 .debug_macro   0x00023758      0x27a ./Drivers/STM32F4xx_HAL_Driver/stm32f4xx_hal.o
 .debug_macro   0x000239d2      0x21b ./Drivers/STM32F4xx_HAL_Driver/stm32f4xx_hal_adc.o
 .debug_macro   0x00023bed      0x229 ./Drivers/STM32F4xx_HAL_Driver/stm32f4xx_hal_can.o
 .debug_macro   0x00023e16      0x21a ./Drivers/STM32F4xx_HAL_Driver/stm32f4xx_hal_cortex.o
 .debug_macro   0x00024030      0x220 ./Drivers/STM32F4xx_HAL_Driver/stm32f4xx_hal_dma.o
 .debug_macro   0x00024250      0x220 ./Drivers/STM32F4xx_HAL_Driver/stm32f4xx_hal_gpio.o
 .debug_macro   0x00024470      0x268 ./Drivers/STM32F4xx_HAL_Driver/stm32f4xx_hal_i2c.o
 .debug_macro   0x000246d8      0x23e ./Drivers/STM32F4xx_HAL_Driver/stm32f4xx_hal_rcc.o
 .debug_macro   0x00024916      0x229 ./Drivers/STM32F4xx_HAL_Driver/stm32f4xx_hal_spi.o
 .debug_macro   0x00024b3f      0x21b ./Drivers/STM32F4xx_HAL_Driver/stm32f4xx_hal_tim.o
 .debug_macro   0x00024d5a      0x21a ./Drivers/STM32F4xx_HAL_Driver/stm32f4xx_hal_tim_ex.o
 .debug_macro   0x00024f74      0x1fe ./Middlewares/FreeRTOS/cmsis_os.o
 .debug_macro   0x00025172       0x10 ./Middlewares/FreeRTOS/cmsis_os.o
 .debug_macro   0x00025182       0x20 ./Middlewares/FreeRTOS/cmsis_os.o
 .debug_macro   0x000251a2       0xe9 ./Middlewares/FreeRTOS/cmsis_os.o
 .debug_macro   0x0002528b      0x1ae ./Middlewares/FreeRTOS/heap_4.o
 .debug_macro   0x00025439      0x187 ./Middlewares/FreeRTOS/list.o
 .debug_macro   0x000255c0      0x196 ./Middlewares/FreeRTOS/port.o
 .debug_macro   0x00025756      0x216 ./Middlewares/FreeRTOS/queue.o
 .debug_macro   0x0002596c       0x16 ./Middlewares/FreeRTOS/queue.o
 .debug_macro   0x00025982      0x279 ./Middlewares/FreeRTOS/tasks.o
 .debug_macro   0x00025bfb       0x10 ./Middlewares/FreeRTOS/tasks.o

.comment        0x00000000       0x43
 .comment       0x00000000       0x43 ./Application/User/T5Motor.o
                                 0x44 (size before relaxing)
 .comment       0x00000043        0x0 ./Application/User/adc.o
                                 0x44 (size before relaxing)
 .comment       0x00000043        0x0 ./Application/User/can.o
                                 0x44 (size before relaxing)
 .comment       0x00000043        0x0 ./Application/User/freertos.o
                                 0x44 (size before relaxing)
 .comment       0x00000043        0x0 ./Application/User/gpio.o
                                 0x44 (size before relaxing)
 .comment       0x00000043        0x0 ./Application/User/i2c.o
                                 0x44 (size before relaxing)
 .comment       0x00000043        0x0 ./Application/User/main.o
                                 0x44 (size before relaxing)
 .comment       0x00000043        0x0 ./Application/User/spi.o
                                 0x44 (size before relaxing)
 .comment       0x00000043        0x0 ./Application/User/stm32f4xx_hal_msp.o
                                 0x44 (size before relaxing)
 .comment       0x00000043        0x0 ./Application/User/stm32f4xx_hal_timebase_tim.o
                                 0x44 (size before relaxing)
 .comment       0x00000043        0x0 ./Application/User/stm32f4xx_it.o
                                 0x44 (size before relaxing)
 .comment       0x00000043        0x0 ./Drivers/CMSIS/system_stm32f4xx.o
                                 0x44 (size before relaxing)
 .comment       0x00000043        0x0 ./Drivers/STM32F4xx_HAL_Driver/stm32f4xx_hal.o
                                 0x44 (size before relaxing)
 .comment       0x00000043        0x0 ./Drivers/STM32F4xx_HAL_Driver/stm32f4xx_hal_adc.o
                                 0x44 (size before relaxing)
 .comment       0x00000043        0x0 ./Drivers/STM32F4xx_HAL_Driver/stm32f4xx_hal_can.o
                                 0x44 (size before relaxing)
 .comment       0x00000043        0x0 ./Drivers/STM32F4xx_HAL_Driver/stm32f4xx_hal_cortex.o
                                 0x44 (size before relaxing)
 .comment       0x00000043        0x0 ./Drivers/STM32F4xx_HAL_Driver/stm32f4xx_hal_dma.o
                                 0x44 (size before relaxing)
 .comment       0x00000043        0x0 ./Drivers/STM32F4xx_HAL_Driver/stm32f4xx_hal_gpio.o
                                 0x44 (size before relaxing)
 .comment       0x00000043        0x0 ./Drivers/STM32F4xx_HAL_Driver/stm32f4xx_hal_i2c.o
                                 0x44 (size before relaxing)
 .comment       0x00000043        0x0 ./Drivers/STM32F4xx_HAL_Driver/stm32f4xx_hal_rcc.o
                                 0x44 (size before relaxing)
 .comment       0x00000043        0x0 ./Drivers/STM32F4xx_HAL_Driver/stm32f4xx_hal_spi.o
                                 0x44 (size before relaxing)
 .comment       0x00000043        0x0 ./Drivers/STM32F4xx_HAL_Driver/stm32f4xx_hal_tim.o
                                 0x44 (size before relaxing)
 .comment       0x00000043        0x0 ./Drivers/STM32F4xx_HAL_Driver/stm32f4xx_hal_tim_ex.o
                                 0x44 (size before relaxing)
 .comment       0x00000043        0x0 ./Middlewares/FreeRTOS/cmsis_os.o
                                 0x44 (size before relaxing)
 .comment       0x00000043        0x0 ./Middlewares/FreeRTOS/heap_4.o
                                 0x44 (size before relaxing)