Archive member included to satisfy reference by file (symbol)

C:/ST/STM32CubeIDE_2.0.0/STM32CubeIDE/plugins/com.st.stm32cube.ide.mcu.externaltools.gnu-tools-for-stm32.13.3.rel1.win32_1.0.100.202509120712/tools/bin/../lib/gcc/arm-none-eabi/13.3.1/../../../../arm-none-eabi/lib/thumb/v7e-m+fp/hard\libc_nano.a(libc_a-exit.o)
                              C:/ST/STM32CubeIDE_2.0.0/STM32CubeIDE/plugins/com.st.stm32cube.ide.mcu.externaltools.gnu-tools-for-stm32.13.3.rel1.win32_1.0.100.202509120712/tools/bin/../lib/gcc/arm-none-eabi/13.3.1/../../../../arm-none-eabi/lib/thumb/v7e-m+fp/hard/crt0.o (exit)
C:/ST/STM32CubeIDE_2.0.0/STM32CubeIDE/plugins/com.st.stm32cube.ide.mcu.externaltools.gnu-tools-for-stm32.13.3.rel1.win32_1.0.100.202509120712/tools/bin/../lib/gcc/arm-none-eabi/13.3.1/../../../../arm-none-eabi/lib/thumb/v7e-m+fp/hard\libc_nano.a(libc_a-findfp.o)
                              C:/ST/STM32CubeIDE_2.0.0/STM32CubeIDE/plugins/com.st.stm32cube.ide.mcu.externaltools.gnu-tools-for-stm32.13.3.rel1.win32_1.0.100.202509120712/tools/bin/../lib/gcc/arm-none-eabi/13.3.1/../../../../arm-none-eabi/lib/thumb/v7e-m+fp/hard\libc_nano.a(libc_a-exit.o) (__stdio_exit_handler)
C:/ST/STM32CubeIDE_2.0.0/STM32CubeIDE/plugins/com.st.stm32cube.ide.mcu.externaltools.gnu-tools-for-stm32.13.3.rel1.win32_1.0.100.202509120712/tools/bin/../lib/gcc/arm-none-eabi/13.3.1/../../../../arm-none-eabi/lib/thumb/v7e-m+fp/hard\libc_nano.a(libc_a-fwalk.o)
                              C:/ST/STM32CubeIDE_2.0.0/STM32CubeIDE/plugins/com.st.stm32cube.ide.mcu.externaltools.gnu-tools-for-stm32.13.3.rel1.win32_1.0.100.202509120712/tools/bin/../lib/gcc/arm-none-eabi/13.3.1/../../../../arm-none-eabi/lib/thumb/v7e-m+fp/hard\libc_nano.a(libc_a-findfp.o) (_fwalk_sglue)
C:/ST/STM32CubeIDE_2.0.0/STM32CubeIDE/plugins/com.st.stm32cube.ide.mcu.externaltools.gnu-tools-for-stm32.13.3.rel1.win32_1.0.100.202509120712/tools/bin/../lib/gcc/arm-none-eabi/13.3.1/../../../../arm-none-eabi/lib/thumb/v7e-m+fp/hard\libc_nano.a(libc_a-stdio.o)
                              C:/ST/STM32CubeIDE_2.0.0/STM32CubeIDE/plugins/com.st.stm32cube.ide.mcu.externaltools.gnu-tools-for-stm32.13.3.rel1.win32_1.0.100.202509120712/tools/bin/../lib/gcc/arm-none-eabi/13.3.1/../../../../arm-none-eabi/lib/thumb/v7e-m+fp/hard\libc_nano.a(libc_a-findfp.o) (__sread)
C:/ST/STM32CubeIDE_2.0.0/STM32CubeIDE/plugins/com.st.stm32cube.ide.mcu.externaltools.gnu-tools-for-stm32.13.3.rel1.win32_1.0.100.202509120712/tools/bin/../lib/gcc/arm-none-eabi/13.3.1/../../../../arm-none-eabi/lib/thumb/v7e-m+fp/hard\libc_nano.a(libc_a-memset.o)
                              C:/ST/STM32CubeIDE_2.0.0/STM32CubeIDE/plugins/com.st.stm32cube.ide.mcu.externaltools.gnu-tools-for-stm32.13.3.rel1.win32_1.0.100.202509120712/tools/bin/../lib/gcc/arm-none-eabi/13.3.1/../../../../arm-none-eabi/lib/thumb/v7e-m+fp/hard/crt0.o (memset)
C:/ST/STM32CubeIDE_2.0.0/STM32CubeIDE/plugins/com.st.stm32cube.ide.mcu.externaltools.gnu-tools-for-stm32.13.3.rel1.win32_1.0.100.202509120712/tools/bin/../lib/gcc/arm-none-eabi/13.3.1/../../../../arm-none-eabi/lib/thumb/v7e-m+fp/hard\libc_nano.a(libc_a-closer.o)
                              C:/ST/STM32CubeIDE_2.0.0/STM32CubeIDE/plugins/com.st.stm32cube.ide.mcu.externaltools.gnu-tools-for-stm32.13.3.rel1.win32_1.0.100.202509120712/tools/bin/../lib/gcc/arm-none-eabi/13.3.1/../../../../arm-none-eabi/lib/thumb/v7e-m+fp/hard\libc_nano.a(libc_a-stdio.o) (_close_r)
C:/ST/STM32CubeIDE_2.0.0/STM32CubeIDE/plugins/com.st.stm32cube.ide.mcu.externaltools.gnu-tools-for-stm32.13.3.rel1.win32_1.0.100.202509120712/tools/bin/../lib/gcc/arm-none-eabi/13.3.1/../../../../arm-none-eabi/lib/thumb/v7e-m+fp/hard\libc_nano.a(libc_a-reent.o)
                              C:/ST/STM32CubeIDE_2.0.0/STM32CubeIDE/plugins/com.st.stm32cube.ide.mcu.externaltools.gnu-tools-for-stm32.13.3.rel1.win32_1.0.100.202509120712/tools/bin/../lib/gcc/arm-none-eabi/13.3.1/../../../../arm-none-eabi/lib/thumb/v7e-m+fp/hard\libc_nano.a(libc_a-closer.o) (errno)
C:/ST/STM32CubeIDE_2.0.0/STM32CubeIDE/plugins/com.st.stm32cube.ide.mcu.externaltools.gnu-tools-for-stm32.13.3.rel1.win32_1.0.100.202509120712/tools/bin/../lib/gcc/arm-none-eabi/13.3.1/../../../../arm-none-eabi/lib/thumb/v7e-m+fp/hard\libc_nano.a(libc_a-impure.o)
                              C:/ST/STM32CubeIDE_2.0.0/STM32CubeIDE/plugins/com.st.stm32cube.ide.mcu.externaltools.gnu-tools-for-stm32.13.3.rel1.win32_1.0.100.202509120712/tools/bin/../lib/gcc/arm-none-eabi/13.3.1/../../../../arm-none-eabi/lib/thumb/v7e-m+fp/hard\libc_nano.a(libc_a-reent.o) (_impure_ptr)
C:/ST/STM32CubeIDE_2.0.0/STM32CubeIDE/plugins/com.st.stm32cube.ide.mcu.externaltools.gnu-tools-for-stm32.13.3.rel1.win32_1.0.100.202509120712/tools/bin/../lib/gcc/arm-none-eabi/13.3.1/../../../../arm-none-eabi/lib/thumb/v7e-m+fp/hard\libc_nano.a(libc_a-lseekr.o)
[...]
Memory Configuration

Name             Origin             Length             Attributes
CCMRAM           0x10000000         0x00010000         xrw
RAM              0x20000000         0x00020000         xrw
FLASH            0x08000000         0x00100000         xr
*default*        0x00000000         0xffffffff

Linker script and memory map

LOAD C:/ST/STM32CubeIDE_2.0.0/STM32CubeIDE/plugins/com.st.stm32cube.ide.mcu.externaltools.gnu-tools-for-stm32.13.3.rel1.win32_1.0.100.202509120712/tools/bin/../lib/gcc/arm-none-eabi/13.3.1/thumb/v7e-m+fp/hard/crti.o
LOAD C:/ST/STM32CubeIDE_2.0.0/STM32CubeIDE/plugins/com.st.stm32cube.ide.mcu.externaltools.gnu-tools-for-stm32.13.3.rel1.win32_1.0.100.202509120712/tools/bin/../lib/gcc/arm-none-eabi/13.3.1/thumb/v7e-m+fp/hard/crtbegin.o
LOAD C:/ST/STM32CubeIDE_2.0.0/STM32CubeIDE/plugins/com.st.stm32cube.ide.mcu.externaltools.gnu-tools-for-stm32.13.3.rel1.win32_1.0.100.202509120712/tools/bin/../lib/gcc/arm-none-eabi/13.3.1/../../../../arm-none-eabi/lib/thumb/v7e-m+fp/hard/crt0.o
LOAD ./Application/Startup/startup_stm32f407vgtx.o
LOAD ./Application/User/T1Altitude.o
LOAD ./Application/User/T2Incliantion.o
LOAD ./Application/User/T3Vibration.o
LOAD ./Application/User/T4Activation.o
LOAD ./Application/User/T5Motor.o
LOAD ./Application/User/adc.o
LOAD ./Application/User/can.o
LOAD ./Application/User/freertos.o
LOAD ./Application/User/gpio.o
LOAD ./Application/User/i2c.o
LOAD ./Application/User/main.o
LOAD ./Application/User/spi.o
LOAD ./Application/User/stm32f4xx_hal_msp.o
LOAD ./Application/User/stm32f4xx_hal_timebase_tim.o
LOAD ./Application/User/stm32f4xx_it.o
LOAD ./Application/User/syscalls.o
LOAD ./Application/User/sysmem.o
LOAD ./Drivers/CMSIS/system_stm32f4xx.o
LOAD ./Drivers/STM32F4xx_HAL_Driver/stm32f4xx_hal.o
LOAD ./Drivers/STM32F4xx_HAL_Driver/stm32f4xx_hal_adc.o
LOAD ./Drivers/STM32F4xx_HAL_Driver/stm32f4xx_hal_adc_ex.o
LOAD ./Drivers/STM32F4xx_HAL_Driver/stm32f4xx_hal_can.o
LOAD ./Drivers/STM32F4xx_HAL_Driver/stm32f4xx_hal_cortex.o
LOAD ./Drivers/STM32F4xx_HAL_Driver/stm32f4xx_hal_dma.o
LOAD ./Drivers/STM32F4xx_HAL_Driver/stm32f4xx_hal_dma_ex.o
LOAD ./Drivers/STM32F4xx_HAL_Driver/stm32f4xx_hal_exti.o
LOAD ./Drivers/STM32F4xx_HAL_Driver/stm32f4xx_hal_flash.o
LOAD ./Drivers/STM32F4xx_HAL_Driver/stm32f4xx_hal_flash_ex.o
LOAD ./Drivers/STM32F4xx_HAL_Driver/stm32f4xx_hal_flash_ramfunc.o
LOAD ./Drivers/STM32F4xx_HAL_Driver/stm32f4xx_hal_gpio.o
LOAD ./Drivers/STM32F4xx_HAL_Driver/stm32f4xx_hal_i2c.o
LOAD ./Drivers/STM32F4xx_HAL_Driver/stm32f4xx_hal_i2c_ex.o
LOAD ./Drivers/STM32F4xx_HAL_Driver/stm32f4xx_hal_pwr.o
LOAD ./Drivers/STM32F4xx_HAL_Driver/stm32f4xx_hal_pwr_ex.o
LOAD ./Drivers/STM32F4xx_HAL_Driver/stm32f4xx_hal_rcc.o
LOAD ./Drivers/STM32F4xx_HAL_Driver/stm32f4xx_hal_rcc_ex.o
LOAD ./Drivers/STM32F4xx_HAL_Driver/stm32f4xx_hal_spi.o
LOAD ./Drivers/STM32F4xx_HAL_Driver/stm32f4xx_hal_tim.o
LOAD ./Drivers/STM32F4xx_HAL_Driver/stm32f4xx_hal_tim_ex.o
LOAD ./Middlewares/FreeRTOS/cmsis_os.o
LOAD ./Middlewares/FreeRTOS/croutine.o
LOAD ./Middlewares/FreeRTOS/event_groups.o
LOAD ./Middlewares/FreeRTOS/heap_4.o
LOAD ./Middlewares/FreeRTOS/list.o
LOAD ./Middlewares/FreeRTOS/port.o
LOAD ./Middlewares/FreeRTOS/queue.o
LOAD ./Middlewares/FreeRTOS/stream_buffer.o
LOAD ./Middlewares/FreeRTOS/tasks.o
LOAD ./Middlewares/FreeRTOS/timers.o
START GROUP
LOAD C:/ST/STM32CubeIDE_2.0.0/STM32CubeIDE/plugins/com.st.stm32cube.ide.mcu.externaltools.gnu-tools-for-stm32.13.3.rel1.win32_1.0.100.202509120712/tools/bin/../lib/gcc/arm-none-eabi/13.3.1/../../../../arm-none-eabi/lib/thumb/v7e-m+fp/hard\libc_nano.a
LOAD C:/ST/STM32CubeIDE_2.0.0/STM32CubeIDE/plugins/com.st.stm32cube.ide.mcu.externaltools.gnu-tools-for-stm32.13.3.rel1.win32_1.0.100.202509120712/tools/bin/../lib/gcc/arm-none-eabi/13.3.1/../../../../arm-none-eabi/lib/thumb/v7e-m+fp/hard\libm.a
END GROUP
START GROUP
LOAD C:/ST/STM32CubeIDE_2.0.0/STM32CubeIDE/plugins/com.st.stm32cube.ide.mcu.externaltools.gnu-tools-for-stm32.13.3.rel1.win32_1.0.100.202509120712/tools/bin/../lib/gcc/arm-none-eabi/13.3.1/thumb/v7e-m+fp/hard\libgcc.a
LOAD C:/ST/STM32CubeIDE_2.0.0/STM32CubeIDE/plugins/com.st.stm32cube.ide.mcu.externaltools.gnu-tools-for-stm32.13.3.rel1.win32_1.0.100.202509120712/tools/bin/../lib/gcc/arm-none-eabi/13.3.1/../../../../arm-none-eabi/lib/thumb/v7e-m+fp/hard\libc_nano.a
END GROUP
START GROUP
LOAD C:/ST/STM32CubeIDE_2.0.0/STM32CubeIDE/plugins/com.st.stm32cube.ide.mcu.externaltools.gnu-tools-for-stm32.13.3.rel1.win32_1.0.100.202509120712/tools/bin/../lib/gcc/arm-none-eabi/13.3.1/thumb/v7e-m+fp/hard\libgcc.a
LOAD C:/ST/STM32CubeIDE_2.0.0/STM32CubeIDE/plugins/com.st.stm32cube.ide.mcu.externaltools.gnu-tools-for-stm32.13.3.rel1.win32_1.0.100.202509120712/tools/bin/../lib/gcc/arm-none-eabi/13.3.1/../../../../arm-none-eabi/lib/thumb/v7e-m+fp/hard\libc_nano.a
LOAD C:/ST/STM32CubeIDE_2.0.0/STM32CubeIDE/plugins/com.st.stm32cube.ide.mcu.externaltools.gnu-tools-for-stm32.13.3.rel1.win32_1.0.100.202509120712/tools/bin/../lib/gcc/arm-none-eabi/13.3.1/../../../../arm-none-eabi/lib/thumb/v7e-m+fp/hard\libnosys.a
END GROUP
START GROUP
LOAD C:/ST/STM32CubeIDE_2.0.0/STM32CubeIDE/plugins/com.st.stm32cube.ide.mcu.externaltools.gnu-tools-for-stm32.13.3.rel1.win32_1.0.100.202509120712/tools/bin/../lib/gcc/arm-none-eabi/13.3.1/thumb/v7e-m+fp/hard\libgcc.a
LOAD C:/ST/STM32CubeIDE_2.0.0/STM32CubeIDE/plugins/com.st.stm32cube.ide.mcu.externaltools.gnu-tools-for-stm32.13.3.rel1.win32_1.0.100.202509120712/tools/bin/../lib/gcc/arm-none-eabi/13.3.1/../../../../arm-none-eabi/lib/thumb/v7e-m+fp/hard\libc_nano.a
LOAD C:/ST/STM32CubeIDE_2.0.0/STM32CubeIDE/plugins/com.st.stm32cube.ide.mcu.externaltools.gnu-tools-for-stm32.13.3.rel1.win32_1.0.100.202509120712/tools/bin/../lib/gcc/arm-none-eabi/13.3.1/../../../../arm-none-eabi/lib/thumb/v7e-m+fp/hard\libnosys.a
END GROUP
LOAD C:/ST/STM32CubeIDE_2.0.0/STM32CubeIDE/plugins/com.st.stm32cube.ide.mcu.externaltools.gnu-tools-for-stm32.13.3.rel1.win32_1.0.100.202509120712/tools/bin/../lib/gcc/arm-none-eabi/13.3.1/thumb/v7e-m+fp/hard/crtend.o
LOAD C:/ST/STM32CubeIDE_2.0.0/STM32CubeIDE/plugins/com.st.stm32cube.ide.mcu.externaltools.gnu-tools-for-stm32.13.3.rel1.win32_1.0.100.202509120712/tools/bin/../lib/gcc/arm-none-eabi/13.3.1/thumb/v7e-m+fp/hard/crtn.o
                0x20020000                        _estack = (ORIGIN (RAM) + LENGTH (RAM))
                0x00000200                        _Min_Heap_Size = 0x200
                0x00000400                        _Min_Stack_Size = 0x400

.isr_vector     0x08000000      0x188
                0x08000000                        . = ALIGN (0x4)
 *(.isr_vector)
 .isr_vector    0x08000000      0x188 ./Application/Startup/startup_stm32f407vgtx.o
                0x08000000                g_pfnVectors
                0x08000188                        . = ALIGN (0x4)

.text           0x08000190     0x9bf0
                0x08000190                        . = ALIGN (0x4)
 *(.text)
 .text          0x08000190       0x40 C:/ST/STM32CubeIDE_2.0.0/STM32CubeIDE/plugins/com.st.stm32cube.ide.mcu.externaltools.gnu-tools-for-stm32.13.3.rel1.win32_1.0.100.202509120712/tools/bin/../lib/gcc/arm-none-eabi/13.3.1/thumb/v7e-m+fp/hard/crtbegin.o
 .text          0x080001d0      0x378 C:/ST/STM32CubeIDE_2.0.0/STM32CubeIDE/plugins/com.st.stm32cube.ide.mcu.externaltools.gnu-tools-for-stm32.13.3.rel1.win32_1.0.100.202509120712/tools/bin/../lib/gcc/arm-none-eabi/13.3.1/thumb/v7e-m+fp/hard\libgcc.a(_arm_addsubdf3.o)
                0x080001d0                __aeabi_drsub
                0x080001d8                __aeabi_dsub
                0x080001d8                __subdf3
                0x080001dc                __aeabi_dadd
                0x080001dc                __adddf3
                0x08000454                __floatunsidf
                0x08000454                __aeabi_ui2d
                0x08000474                __floatsidf
                0x08000474                __aeabi_i2d
                0x08000498                __aeabi_f2d
                0x08000498                __extendsfdf2
                0x080004dc                __floatundidf
                0x080004dc                __aeabi_ul2d
                0x080004ec                __floatdidf
                0x080004ec                __aeabi_l2d
 .text          0x08000548      0x424 C:/ST/STM32CubeIDE_2.0.0/STM32CubeIDE/plugins/com.st.stm32cube.ide.mcu.externaltools.gnu-tools-for-stm32.13.3.rel1.win32_1.0.100.202509120712/tools/bin/../lib/gcc/arm-none-eabi/13.3.1/thumb/v7e-m+fp/hard\libgcc.a(_arm_muldivdf3.o)
                0x08000548                __aeabi_dmul
                0x08000548                __muldf3
                0x0800079c                __divdf3
                0x0800079c                __aeabi_ddiv
 .text          0x0800096c      0x110 C:/ST/STM32CubeIDE_2.0.0/STM32CubeIDE/plugins/com.st.stm32cube.ide.mcu.externaltools.gnu-tools-for-stm32.13.3.rel1.win32_1.0.100.202509120712/tools/bin/../lib/gcc/arm-none-eabi/13.3.1/thumb/v7e-m+fp/hard\libgcc.a(_arm_cmpdf2.o)
                0x0800096c                __gtdf2
                0x0800096c                __gedf2
                0x08000974                __ltdf2
                0x08000974                __ledf2
                0x0800097c                __nedf2
                0x0800097c                __eqdf2
                0x0800097c                __cmpdf2
                0x080009f8                __aeabi_cdrcmple
                0x08000a08                __aeabi_cdcmpeq
                0x08000a08                __aeabi_cdcmple
                0x08000a18                __aeabi_dcmpeq
                0x08000a2c                __aeabi_dcmplt
                0x08000a40                __aeabi_dcmple
                0x08000a54                __aeabi_dcmpge
                0x08000a68                __aeabi_dcmpgt
 .text          0x08000a7c       0x2c C:/ST/STM32CubeIDE_2.0.0/STM32CubeIDE/plugins/com.st.stm32cube.ide.mcu.externaltools.gnu-tools-for-stm32.13.3.rel1.win32_1.0.100.202509120712/tools/bin/../lib/gcc/arm-none-eabi/13.3.1/thumb/v7e-m+fp/hard\libgcc.a(_arm_unorddf2.o)
                0x08000a7c                __unorddf2
                0x08000a7c                __aeabi_dcmpun
 .text          0x08000aa8       0x30 C:/ST/STM32CubeIDE_2.0.0/STM32CubeIDE/plugins/com.st.stm32cube.ide.mcu.externaltools.gnu-tools-for-stm32.13.3.rel1.win32_1.0.100.202509120712/tools/bin/../lib/gcc/arm-none-eabi/13.3.1/thumb/v7e-m+fp/hard\libgcc.a(_aeabi_uldivmod.o)
                0x08000aa8                __aeabi_uldivmod
 .text          0x08000ad8      0x2f8 C:/ST/STM32CubeIDE_2.0.0/STM32CubeIDE/plugins/com.st.stm32cube.ide.mcu.externaltools.gnu-tools-for-stm32.13.3.rel1.win32_1.0.100.202509120712/tools/bin/../lib/gcc/arm-none-eabi/13.3.1/thumb/v7e-m+fp/hard\libgcc.a(_udivmoddi4.o)
                0x08000ad8                __udivmoddi4
 .text          0x08000dd0        0x4 C:/ST/STM32CubeIDE_2.0.0/STM32CubeIDE/plugins/com.st.stm32cube.ide.mcu.externaltools.gnu-tools-for-stm32.13.3.rel1.win32_1.0.100.202509120712/tools/bin/../lib/gcc/arm-none-eabi/13.3.1/thumb/v7e-m+fp/hard\libgcc.a(_dvmd_tls.o)
                0x08000dd0                __aeabi_idiv0
                0x08000dd0                __aeabi_ldiv0
 *(.text*)
 .text.Reset_Handler
                0x08000dd4       0x50 ./Application/Startup/startup_stm32f407vgtx.o
                0x08000dd4                Reset_Handler
 .text.Default_Handler
                0x08000e24        0x2 ./Application/Startup/startup_stm32f407vgtx.o
                0x08000e24                RTC_Alarm_IRQHandler
                0x08000e24                HASH_RNG_IRQHandler
                0x08000e24                EXTI2_IRQHandler
                0x08000e24                TIM8_CC_IRQHandler
                0x08000e24                TIM1_CC_IRQHandler
                0x08000e24                DMA2_Stream5_IRQHandler
                0x08000e24                DMA1_Stream5_IRQHandler
                0x08000e24                PVD_IRQHandler
                0x08000e24                SDIO_IRQHandler
                0x08000e24                TAMP_STAMP_IRQHandler
                0x08000e24                CAN2_RX1_IRQHandler
                0x08000e24                TIM8_TRG_COM_TIM14_IRQHandler
                0x08000e24                TIM8_UP_TIM13_IRQHandler
                0x08000e24                I2C3_ER_IRQHandler
                0x08000e24                DMA1_Stream2_IRQHandler
                0x08000e24                FPU_IRQHandler
                0x08000e24                OTG_HS_WKUP_IRQHandler
                0x08000e24                CAN2_SCE_IRQHandler
                0x08000e24                DMA2_Stream2_IRQHandler
                0x08000e24                SPI1_IRQHandler
                0x08000e24                TIM6_DAC_IRQHandler
                0x08000e24                TIM1_BRK_TIM9_IRQHandler
                0x08000e24                DCMI_IRQHandler
                0x08000e24                CAN2_RX0_IRQHandler
                0x08000e24                DMA2_Stream3_IRQHandler
                0x08000e24                USART6_IRQHandler
                0x08000e24                USART3_IRQHandler
                0x08000e24                CAN1_RX1_IRQHandler
                0x08000e24                UART5_IRQHandler
                0x08000e24                DMA2_Stream0_IRQHandler
                0x08000e24                TIM4_IRQHandler
                0x08000e24                I2C1_EV_IRQHandler
                0x08000e24                DMA1_Stream6_IRQHandler
                0x08000e24                DMA1_Stream1_IRQHandler
                0x08000e24                UART4_IRQHandler
                0x08000e24                TIM3_IRQHandler
                0x08000e24                RCC_IRQHandler
                0x08000e24                TIM8_BRK_TIM12_IRQHandler
                0x08000e24                Default_Handler
                0x08000e24                EXTI15_10_IRQHandler
                0x08000e24                ADC_IRQHandler
                0x08000e24                DMA1_Stream7_IRQHandler
                0x08000e24                TIM7_IRQHandler
                0x08000e24                CAN2_TX_IRQHandler
                0x08000e24                TIM5_IRQHandler
                0x08000e24                DMA2_Stream7_IRQHandler
                0x08000e24                I2C3_EV_IRQHandler
                0x08000e24                EXTI9_5_IRQHandler
                0x08000e24                RTC_WKUP_IRQHandler
                0x08000e24                ETH_WKUP_IRQHandler
                0x08000e24                SPI2_IRQHandler
                0x08000e24                OTG_HS_EP1_IN_IRQHandler
                0x08000e24                DMA1_Stream0_IRQHandler
                0x08000e24                CAN1_TX_IRQHandler
                0x08000e24                EXTI4_IRQHandler
                0x08000e24                FSMC_IRQHandler
                0x08000e24                ETH_IRQHandler
                0x08000e24                OTG_HS_EP1_OUT_IRQHandler
                0x08000e24                WWDG_IRQHandler
                0x08000e24                TIM2_IRQHandler
                0x08000e24                OTG_FS_WKUP_IRQHandler
                0x08000e24                TIM1_TRG_COM_TIM11_IRQHandler
                0x08000e24                OTG_HS_IRQHandler
                0x08000e24                EXTI1_IRQHandler
                0x08000e24                USART2_IRQHandler
                0x08000e24                I2C2_ER_IRQHandler
                0x08000e24                DMA2_Stream1_IRQHandler
                0x08000e24                CAN1_SCE_IRQHandler
                0x08000e24                FLASH_IRQHandler
                0x08000e24                DMA2_Stream4_IRQHandler
                0x08000e24                USART1_IRQHandler
                0x08000e24                OTG_FS_IRQHandler
                0x08000e24                SPI3_IRQHandler
                0x08000e24                DMA1_Stream4_IRQHandler
                0x08000e24                I2C1_ER_IRQHandler
                0x08000e24                DMA2_Stream6_IRQHandler
                0x08000e24                DMA1_Stream3_IRQHandler
 *fill*         0x08000e26        0x2 
 .text.StartTarea1Altitude
                0x08000e28       0xf0 ./Application/User/T1Altitude.o
                0x08000e28                StartTarea1Altitude
 .text.Obtain_Coordinates_XYZ
                0x08000f18       0xf8 ./Application/User/T2Incliantion.o
                0x08000f18                Obtain_Coordinates_XYZ
 .text.Calculate_RotationX
                0x08001010       0xd8 ./Application/User/T2Incliantion.o
                0x08001010                Calculate_RotationX
 .text.Calculate_RotationY
                0x080010e8       0xe0 ./Application/User/T2Incliantion.o
                0x080010e8                Calculate_RotationY
 .text.StartTask02Incliantion
                0x080011c8       0x70 ./Application/User/T2Incliantion.o
                0x080011c8                StartTask02Incliantion
 .text.StartTask03Vibration
                0x08001238      0x240 ./Application/User/T3Vibration.o
                0x08001238                StartTask03Vibration
 .text.HAL_GPIO_EXTI_Callback
                0x08001478       0x44 ./Application/User/T4Activation.o
                0x08001478                HAL_GPIO_EXTI_Callback
 .text.StartTask04Activation
                0x080014bc       0x54 ./Application/User/T4Activation.o
                0x080014bc                StartTask04Activation
 .text.StartTask05Motor
                0x08001510      0x228 ./Application/User/T5Motor.o
                0x08001510                StartTask05Motor
 .text.MX_ADC1_Init
                0x08001738       0xa8 ./Application/User/adc.o
                0x08001738                MX_ADC1_Init
 .text.MX_ADC2_Init
                0x080017e0       0xa4 ./Application/User/adc.o
                0x080017e0                MX_ADC2_Init
 .text.MX_ADC3_Init
                0x08001884       0xa4 ./Application/User/adc.o
                0x08001884                MX_ADC3_Init
 .text.HAL_ADC_MspInit
                0x08001928      0x180 ./Application/User/adc.o
                0x08001928                HAL_ADC_MspInit
 .text.MX_CAN1_Init
                0x08001aa8       0x6c ./Application/User/can.o
                0x08001aa8                MX_CAN1_Init
 .text.HAL_CAN_MspInit
                0x08001b14       0xa0 ./Application/User/can.o
                0x08001b14                HAL_CAN_MspInit
 .text.vApplicationGetIdleTaskMemory
                0x08001bb4       0x34 ./Application/User/freertos.o
                0x08001bb4                vApplicationGetIdleTaskMemory
 .text.MX_FREERTOS_Init
                0x08001be8       0x74 ./Application/User/freertos.o
                0x08001be8                MX_FREERTOS_Init
 .text.StartTarea1
                0x08001c5c       0x10 ./Application/User/freertos.o
                0x08001c5c                StartTarea1
 .text.MX_GPIO_Init
                0x08001c6c      0x220 ./Application/User/gpio.o
                0x08001c6c                MX_GPIO_Init
 .text.MX_I2C2_Init
                0x08001e8c       0x5c ./Application/User/i2c.o
                0x08001e8c                MX_I2C2_Init
 .text.HAL_I2C_MspInit
                0x08001ee8       0xa0 ./Application/User/i2c.o
                0x08001ee8                HAL_I2C_MspInit
 .text.main     0x08001f88      0x120 ./Application/User/main.o
                0x08001f88                main
 .text.SystemClock_Config
                0x080020a8       0xd4 ./Application/User/main.o
                0x080020a8                SystemClock_Config
 .text.HAL_TIM_PeriodElapsedCallback
                0x0800217c       0x24 ./Application/User/main.o
                0x0800217c                HAL_TIM_PeriodElapsedCallback
 .text.Error_Handler
                0x080021a0        0xe ./Application/User/main.o
                0x080021a0                Error_Handler
 *fill*         0x080021ae        0x2 
 .text.MX_SPI1_Init
                0x080021b0       0x6c ./Application/User/spi.o
                0x080021b0                MX_SPI1_Init
 .text.HAL_SPI_MspInit
                0x0800221c       0x90 ./Application/User/spi.o
                0x0800221c                HAL_SPI_MspInit
 .text.SPI_Read
                0x080022ac       0x60 ./Application/User/spi.o
                0x080022ac                SPI_Read
 .text.Inicializa_Acelerometro
                0x0800230c       0x78 ./Application/User/spi.o
                0x0800230c                Inicializa_Acelerometro
 .text.HAL_MspInit
                0x08002384       0x58 ./Application/User/stm32f4xx_hal_msp.o
                0x08002384                HAL_MspInit
 .text.HAL_InitTick
                0x080023dc       0xe8 ./Application/User/stm32f4xx_hal_timebase_tim.o
                0x080023dc                HAL_InitTick
 .text.NMI_Handler
                0x080024c4        0xe ./Application/User/stm32f4xx_it.o
                0x080024c4                NMI_Handler
 .text.HardFault_Handler
                0x080024d2        0x8 ./Application/User/stm32f4xx_it.o
                0x080024d2                HardFault_Handler
 .text.MemManage_Handler
                0x080024da        0x8 ./Application/User/stm32f4xx_it.o
                0x080024da                MemManage_Handler
 .text.BusFault_Handler
                0x080024e2        0x8 ./Application/User/stm32f4xx_it.o
                0x080024e2                BusFault_Handler
 .text.UsageFault_Handler
                0x080024ea        0x8 ./Application/User/stm32f4xx_it.o
                0x080024ea                UsageFault_Handler
 .text.DebugMon_Handler
                0x080024f2        0xe ./Application/User/stm32f4xx_it.o
                0x080024f2                DebugMon_Handler
 .text.EXTI0_IRQHandler
                0x08002500        0xe ./Application/User/stm32f4xx_it.o
                0x08002500                EXTI0_IRQHandler
 .text.EXTI3_IRQHandler
                0x0800250e        0xe ./Application/User/stm32f4xx_it.o
                0x0800250e                EXTI3_IRQHandler
 .text.CAN1_RX0_IRQHandler
                0x0800251c       0x14 ./Application/User/stm32f4xx_it.o
                0x0800251c                CAN1_RX0_IRQHandler
 .text.TIM1_UP_TIM10_IRQHandler
                0x08002530       0x14 ./Application/User/stm32f4xx_it.o
                0x08002530                TIM1_UP_TIM10_IRQHandler
 .text.I2C2_EV_IRQHandler
                0x08002544       0x14 ./Application/User/stm32f4xx_it.o
                0x08002544                I2C2_EV_IRQHandler
 .text.SystemInit
                0x08002558       0x6c ./Drivers/CMSIS/system_stm32f4xx.o
                0x08002558                SystemInit
 .text.HAL_Init
                0x080025c4       0x44 ./Drivers/STM32F4xx_HAL_Driver/stm32f4xx_hal.o
                0x080025c4                HAL_Init
 .text.HAL_IncTick
                0x08002608       0x28 ./Drivers/STM32F4xx_HAL_Driver/stm32f4xx_hal.o
                0x08002608                HAL_IncTick
 .text.HAL_GetTick
                0x08002630       0x18 ./Drivers/STM32F4xx_HAL_Driver/stm32f4xx_hal.o
                0x08002630                HAL_GetTick
 .text.HAL_ADC_Init
                0x08002648       0x86 ./Drivers/STM32F4xx_HAL_Driver/stm32f4xx_hal_adc.o
                0x08002648                HAL_ADC_Init
 *fill*         0x080026ce        0x2 
 .text.HAL_ADC_Start
                0x080026d0      0x1a4 ./Drivers/STM32F4xx_HAL_Driver/stm32f4xx_hal_adc.o
                0x080026d0                HAL_ADC_Start
 .text.HAL_ADC_PollForConversion
                0x08002874      0x116 ./Drivers/STM32F4xx_HAL_Driver/stm32f4xx_hal_adc.o
                0x08002874                HAL_ADC_PollForConversion
 .text.HAL_ADC_GetValue
                0x0800298a       0x1a ./Drivers/STM32F4xx_HAL_Driver/stm32f4xx_hal_adc.o
                0x0800298a                HAL_ADC_GetValue
 .text.HAL_ADC_ConfigChannel
                0x080029a4      0x244 ./Drivers/STM32F4xx_HAL_Driver/stm32f4xx_hal_adc.o
                0x080029a4                HAL_ADC_ConfigChannel
 .text.ADC_Init
                0x08002be8      0x1f8 ./Drivers/STM32F4xx_HAL_Driver/stm32f4xx_hal_adc.o
 .text.HAL_CAN_Init
                0x08002de0      0x1f6 ./Drivers/STM32F4xx_HAL_Driver/stm32f4xx_hal_can.o
                0x08002de0                HAL_CAN_Init
 .text.HAL_CAN_IRQHandler
                0x08002fd6      0x36e ./Drivers/STM32F4xx_HAL_Driver/stm32f4xx_hal_can.o
                0x08002fd6                HAL_CAN_IRQHandler
 .text.HAL_CAN_TxMailbox0CompleteCallback
                0x08003344       0x14 ./Drivers/STM32F4xx_HAL_Driver/stm32f4xx_hal_can.o
                0x08003344                HAL_CAN_TxMailbox0CompleteCallback
 .text.HAL_CAN_TxMailbox1CompleteCallback
                0x08003358       0x14 ./Drivers/STM32F4xx_HAL_Driver/stm32f4xx_hal_can.o
                0x08003358                HAL_CAN_TxMailbox1CompleteCallback
 .text.HAL_CAN_TxMailbox2CompleteCallback
                0x0800336c       0x14 ./Drivers/STM32F4xx_HAL_Driver/stm32f4xx_hal_can.o
                0x0800336c                HAL_CAN_TxMailbox2CompleteCallback
 .text.HAL_CAN_TxMailbox0AbortCallback
                0x08003380       0x14 ./Drivers/STM32F4xx_HAL_Driver/stm32f4xx_hal_can.o
                0x08003380                HAL_CAN_TxMailbox0AbortCallback
 .text.HAL_CAN_TxMailbox1AbortCallback
                0x08003394       0x14 ./Drivers/STM32F4xx_HAL_Driver/stm32f4xx_hal_can.o
                0x08003394                HAL_CAN_TxMailbox1AbortCallback
 .text.HAL_CAN_TxMailbox2AbortCallback
                0x080033a8       0x14 ./Drivers/STM32F4xx_HAL_Driver/stm32f4xx_hal_can.o
                0x080033a8                HAL_CAN_TxMailbox2AbortCallback
 .text.HAL_CAN_RxFifo0MsgPendingCallback
                0x080033bc       0x14 ./Drivers/STM32F4xx_HAL_Driver/stm32f4xx_hal_can.o
                0x080033bc                HAL_CAN_RxFifo0MsgPendingCallback
 .text.HAL_CAN_RxFifo0FullCallback
                0x080033d0       0x14 ./Drivers/STM32F4xx_HAL_Driver/stm32f4xx_hal_can.o
                0x080033d0                HAL_CAN_RxFifo0FullCallback
 .text.HAL_CAN_RxFifo1MsgPendingCallback
                0x080033e4       0x14 ./Drivers/STM32F4xx_HAL_Driver/stm32f4xx_hal_can.o
                0x080033e4                HAL_CAN_RxFifo1MsgPendingCallback
 .text.HAL_CAN_RxFifo1FullCallback
                0x080033f8       0x14 ./Drivers/STM32F4xx_HAL_Driver/stm32f4xx_hal_can.o
                0x080033f8                HAL_CAN_RxFifo1FullCallback
 .text.HAL_CAN_SleepCallback
                0x0800340c       0x14 ./Drivers/STM32F4xx_HAL_Driver/stm32f4xx_hal_can.o
                0x0800340c                HAL_CAN_SleepCallback
 .text.HAL_CAN_WakeUpFromRxMsgCallback
                0x08003420       0x14 ./Drivers/STM32F4xx_HAL_Driver/stm32f4xx_hal_can.o
                0x08003420                HAL_CAN_WakeUpFromRxMsgCallback
 .text.HAL_CAN_ErrorCallback
                0x08003434       0x14 ./Drivers/STM32F4xx_HAL_Driver/stm32f4xx_hal_can.o
                0x08003434                HAL_CAN_ErrorCallback
 .text.__NVIC_SetPriorityGrouping
                0x08003448       0x48 ./Drivers/STM32F4xx_HAL_Driver/stm32f4xx_hal_cortex.o
 .text.__NVIC_GetPriorityGrouping
                0x08003490       0x1c ./Drivers/STM32F4xx_HAL_Driver/stm32f4xx_hal_cortex.o
 .text.__NVIC_EnableIRQ
                0x080034ac       0x3c ./Drivers/STM32F4xx_HAL_Driver/stm32f4xx_hal_cortex.o
 .text.__NVIC_SetPriority
                0x080034e8       0x54 ./Drivers/STM32F4xx_HAL_Driver/stm32f4xx_hal_cortex.o
 .text.NVIC_EncodePriority
                0x0800353c       0x66 ./Drivers/STM32F4xx_HAL_Driver/stm32f4xx_hal_cortex.o
 .text.HAL_NVIC_SetPriorityGrouping
                0x080035a2       0x16 ./Drivers/STM32F4xx_HAL_Driver/stm32f4xx_hal_cortex.o
                0x080035a2                HAL_NVIC_SetPriorityGrouping
 .text.HAL_NVIC_SetPriority
                0x080035b8       0x38 ./Drivers/STM32F4xx_HAL_Driver/stm32f4xx_hal_cortex.o
                0x080035b8                HAL_NVIC_SetPriority
 .text.HAL_NVIC_EnableIRQ
                0x080035f0       0x1c ./Drivers/STM32F4xx_HAL_Driver/stm32f4xx_hal_cortex.o
                0x080035f0                HAL_NVIC_EnableIRQ
 .text.HAL_DMA_Abort_IT
                0x0800360c       0x44 ./Drivers/STM32F4xx_HAL_Driver/stm32f4xx_hal_dma.o
                0x0800360c                HAL_DMA_Abort_IT
 .text.HAL_DMA_GetState
                0x08003650       0x1c ./Drivers/STM32F4xx_HAL_Driver/stm32f4xx_hal_dma.o
                0x08003650                HAL_DMA_GetState
 .text.HAL_GPIO_Init
                0x0800366c      0x338 ./Drivers/STM32F4xx_HAL_Driver/stm32f4xx_hal_gpio.o
                0x0800366c                HAL_GPIO_Init
 .text.HAL_GPIO_ReadPin
                0x080039a4       0x30 ./Drivers/STM32F4xx_HAL_Driver/stm32f4xx_hal_gpio.o
                0x080039a4                HAL_GPIO_ReadPin
 .text.HAL_GPIO_WritePin
                0x080039d4       0x32 ./Drivers/STM32F4xx_HAL_Driver/stm32f4xx_hal_gpio.o
                0x080039d4                HAL_GPIO_WritePin
 *fill*         0x08003a06        0x2 
 .text.HAL_GPIO_EXTI_IRQHandler
                0x08003a08       0x30 ./Drivers/STM32F4xx_HAL_Driver/stm32f4xx_hal_gpio.o
                0x08003a08                HAL_GPIO_EXTI_IRQHandler
 .text.HAL_I2C_Init
                0x08003a38      0x288 ./Drivers/STM32F4xx_HAL_Driver/stm32f4xx_hal_i2c.o
                0x08003a38                HAL_I2C_Init
 .text.I2C_Flush_DR
                0x08003cc0       0x2a ./Drivers/STM32F4xx_HAL_Driver/stm32f4xx_hal_i2c.o
 .text.HAL_I2C_EV_IRQHandler
                0x08003cea      0x2e2 ./Drivers/STM32F4xx_HAL_Driver/stm32f4xx_hal_i2c.o
                0x08003cea                HAL_I2C_EV_IRQHandler
 .text.HAL_I2C_MasterTxCpltCallback
                0x08003fcc       0x14 ./Drivers/STM32F4xx_HAL_Driver/stm32f4xx_hal_i2c.o
                0x08003fcc                HAL_I2C_MasterTxCpltCallback
 .text.HAL_I2C_MasterRxCpltCallback
                0x08003fe0       0x14 ./Drivers/STM32F4xx_HAL_Driver/stm32f4xx_hal_i2c.o
                0x08003fe0                HAL_I2C_MasterRxCpltCallback
 .text.HAL_I2C_SlaveTxCpltCallback
                0x08003ff4       0x14 ./Drivers/STM32F4xx_HAL_Driver/stm32f4xx_hal_i2c.o
                0x08003ff4                HAL_I2C_SlaveTxCpltCallback
 .text.HAL_I2C_SlaveRxCpltCallback
                0x08004008       0x14 ./Drivers/STM32F4xx_HAL_Driver/stm32f4xx_hal_i2c.o
                0x08004008                HAL_I2C_SlaveRxCpltCallback
 .text.HAL_I2C_AddrCallback
                0x0800401c       0x1c ./Drivers/STM32F4xx_HAL_Driver/stm32f4xx_hal_i2c.o
                0x0800401c                HAL_I2C_AddrCallback
 .text.HAL_I2C_ListenCpltCallback
                0x08004038       0x14 ./Drivers/STM32F4xx_HAL_Driver/stm32f4xx_hal_i2c.o
                0x08004038                HAL_I2C_ListenCpltCallback
 .text.HAL_I2C_MemTxCpltCallback
                0x0800404c       0x14 ./Drivers/STM32F4xx_HAL_Driver/stm32f4xx_hal_i2c.o
                0x0800404c                HAL_I2C_MemTxCpltCallback
 .text.HAL_I2C_MemRxCpltCallback
                0x08004060       0x14 ./Drivers/STM32F4xx_HAL_Driver/stm32f4xx_hal_i2c.o
                0x08004060                HAL_I2C_MemRxCpltCallback
 .text.HAL_I2C_ErrorCallback
                0x08004074       0x14 ./Drivers/STM32F4xx_HAL_Driver/stm32f4xx_hal_i2c.o
                0x08004074                HAL_I2C_ErrorCallback
 .text.HAL_I2C_AbortCpltCallback
                0x08004088       0x14 ./Drivers/STM32F4xx_HAL_Driver/stm32f4xx_hal_i2c.o
                0x08004088                HAL_I2C_AbortCpltCallback
 .text.I2C_MasterTransmit_TXE
                0x0800409c      0x138 ./Drivers/STM32F4xx_HAL_Driver/stm32f4xx_hal_i2c.o
 .text.I2C_MasterTransmit_BTF
                0x080041d4       0xec ./Drivers/STM32F4xx_HAL_Driver/stm32f4xx_hal_i2c.o
 .text.I2C_MemoryTransmit_TXE_BTF
                0x080042c0      0x130 ./Drivers/STM32F4xx_HAL_Driver/stm32f4xx_hal_i2c.o
 .text.I2C_MasterReceive_RXNE
                0x080043f0      0x190 ./Drivers/STM32F4xx_HAL_Driver/stm32f4xx_hal_i2c.o
 .text.I2C_MasterReceive_BTF
                0x08004580      0x1e2 ./Drivers/STM32F4xx_HAL_Driver/stm32f4xx_hal_i2c.o
 .text.I2C_Master_SB
                0x08004762      0x10c ./Drivers/STM32F4xx_HAL_Driver/stm32f4xx_hal_i2c.o
 .text.I2C_Master_ADD10
                0x0800486e       0x54 ./Drivers/STM32F4xx_HAL_Driver/stm32f4xx_hal_i2c.o
 .text.I2C_Master_ADDR
                0x080048c2      0x322 ./Drivers/STM32F4xx_HAL_Driver/stm32f4xx_hal_i2c.o
 .text.I2C_SlaveTransmit_TXE
                0x08004be4       0x7a ./Drivers/STM32F4xx_HAL_Driver/stm32f4xx_hal_i2c.o
 .text.I2C_SlaveTransmit_BTF
                0x08004c5e       0x42 ./Drivers/STM32F4xx_HAL_Driver/stm32f4xx_hal_i2c.o
 .text.I2C_SlaveReceive_RXNE
                0x08004ca0       0x7c ./Drivers/STM32F4xx_HAL_Driver/stm32f4xx_hal_i2c.o
 .text.I2C_SlaveReceive_BTF
                0x08004d1c       0x44 ./Drivers/STM32F4xx_HAL_Driver/stm32f4xx_hal_i2c.o
 .text.I2C_Slave_ADDR
                0x08004d60       0x94 ./Drivers/STM32F4xx_HAL_Driver/stm32f4xx_hal_i2c.o
 .text.I2C_Slave_STOPF
                0x08004df4      0x260 ./Drivers/STM32F4xx_HAL_Driver/stm32f4xx_hal_i2c.o
 .text.I2C_ITError
                0x08005054      0x264 ./Drivers/STM32F4xx_HAL_Driver/stm32f4xx_hal_i2c.o
 .text.I2C_DMAAbort
                0x080052b8      0x150 ./Drivers/STM32F4xx_HAL_Driver/stm32f4xx_hal_i2c.o
 .text.I2C_WaitOnSTOPRequestThroughIT
                0x08005408       0x64 ./Drivers/STM32F4xx_HAL_Driver/stm32f4xx_hal_i2c.o
 .text.I2C_ConvertOtherXferOptions
                0x0800546c       0x36 ./Drivers/STM32F4xx_HAL_Driver/stm32f4xx_hal_i2c.o
 *fill*         0x080054a2        0x2 
 .text.HAL_RCC_OscConfig
                0x080054a4      0x4f0 ./Drivers/STM32F4xx_HAL_Driver/stm32f4xx_hal_rcc.o
                0x080054a4                HAL_RCC_OscConfig
 .text.HAL_RCC_ClockConfig
                0x08005994      0x1cc ./Drivers/STM32F4xx_HAL_Driver/stm32f4xx_hal_rcc.o
                0x08005994                HAL_RCC_ClockConfig
 .text.HAL_RCC_GetSysClockFreq
                0x08005b60      0x20c ./Drivers/STM32F4xx_HAL_Driver/stm32f4xx_hal_rcc.o
                0x08005b60                HAL_RCC_GetSysClockFreq
 .text.HAL_RCC_GetHCLKFreq
                0x08005d6c       0x18 ./Drivers/STM32F4xx_HAL_Driver/stm32f4xx_hal_rcc.o
                0x08005d6c                HAL_RCC_GetHCLKFreq
 .text.HAL_RCC_GetPCLK1Freq
                0x08005d84       0x28 ./Drivers/STM32F4xx_HAL_Driver/stm32f4xx_hal_rcc.o
                0x08005d84                HAL_RCC_GetPCLK1Freq
 .text.HAL_RCC_GetPCLK2Freq
                0x08005dac       0x28 ./Drivers/STM32F4xx_HAL_Driver/stm32f4xx_hal_rcc.o
                0x08005dac                HAL_RCC_GetPCLK2Freq
 .text.HAL_RCC_GetClockConfig
                0x08005dd4       0x64 ./Drivers/STM32F4xx_HAL_Driver/stm32f4xx_hal_rcc.o
                0x08005dd4                HAL_RCC_GetClockConfig
 .text.HAL_SPI_Init
                0x08005e38      0x112 ./Drivers/STM32F4xx_HAL_Driver/stm32f4xx_hal_spi.o
                0x08005e38                HAL_SPI_Init
 .text.HAL_SPI_Transmit
                0x08005f4a      0x288 ./Drivers/STM32F4xx_HAL_Driver/stm32f4xx_hal_spi.o
                0x08005f4a                HAL_SPI_Transmit
 .text.HAL_SPI_Receive
                0x080061d2      0x232 ./Drivers/STM32F4xx_HAL_Driver/stm32f4xx_hal_spi.o
                0x080061d2                HAL_SPI_Receive
 .text.HAL_SPI_TransmitReceive
                0x08006404      0x352 ./Drivers/STM32F4xx_HAL_Driver/stm32f4xx_hal_spi.o
                0x08006404                HAL_SPI_TransmitReceive
 *fill*         0x08006756        0x2 
 .text.SPI_WaitFlagStateUntilTimeout
                0x08006758      0x110 ./Drivers/STM32F4xx_HAL_Driver/stm32f4xx_hal_spi.o
 .text.SPI_EndRxTransaction
                0x08006868       0xca ./Drivers/STM32F4xx_HAL_Driver/stm32f4xx_hal_spi.o
 *fill*         0x08006932        0x2 
 .text.SPI_EndRxTxTransaction
                0x08006934       0xa8 ./Drivers/STM32F4xx_HAL_Driver/stm32f4xx_hal_spi.o
 .text.HAL_TIM_Base_Init
                0x080069dc       0x9e ./Drivers/STM32F4xx_HAL_Driver/stm32f4xx_hal_tim.o
                0x080069dc                HAL_TIM_Base_Init
 .text.HAL_TIM_Base_MspInit
                0x08006a7a       0x14 ./Drivers/STM32F4xx_HAL_Driver/stm32f4xx_hal_tim.o
                0x08006a7a                HAL_TIM_Base_MspInit
 *fill*         0x08006a8e        0x2 
 .text.HAL_TIM_Base_Start_IT
                0x08006a90       0xe0 ./Drivers/STM32F4xx_HAL_Driver/stm32f4xx_hal_tim.o
                0x08006a90                HAL_TIM_Base_Start_IT
 .text.HAL_TIM_IRQHandler
                0x08006b70      0x1e0 ./Drivers/STM32F4xx_HAL_Driver/stm32f4xx_hal_tim.o
                0x08006b70                HAL_TIM_IRQHandler
 .text.HAL_TIM_OC_DelayElapsedCallback
                0x08006d50       0x14 ./Drivers/STM32F4xx_HAL_Driver/stm32f4xx_hal_tim.o
                0x08006d50                HAL_TIM_OC_DelayElapsedCallback
 .text.HAL_TIM_IC_CaptureCallback
                0x08006d64       0x14 ./Drivers/STM32F4xx_HAL_Driver/stm32f4xx_hal_tim.o
                0x08006d64                HAL_TIM_IC_CaptureCallback
 .text.HAL_TIM_PWM_PulseFinishedCallback
                0x08006d78       0x14 ./Drivers/STM32F4xx_HAL_Driver/stm32f4xx_hal_tim.o
                0x08006d78                HAL_TIM_PWM_PulseFinishedCallback
 .text.HAL_TIM_TriggerCallback
                0x08006d8c       0x14 ./Drivers/STM32F4xx_HAL_Driver/stm32f4xx_hal_tim.o
                0x08006d8c                HAL_TIM_TriggerCallback
 .text.TIM_Base_SetConfig
                0x08006da0      0x14c ./Drivers/STM32F4xx_HAL_Driver/stm32f4xx_hal_tim.o
                0x08006da0                TIM_Base_SetConfig
 .text.HAL_TIMEx_CommutCallback
                0x08006eec       0x14 ./Drivers/STM32F4xx_HAL_Driver/stm32f4xx_hal_tim_ex.o
                0x08006eec                HAL_TIMEx_CommutCallback
 .text.HAL_TIMEx_BreakCallback
                0x08006f00       0x14 ./Drivers/STM32F4xx_HAL_Driver/stm32f4xx_hal_tim_ex.o
                0x08006f00                HAL_TIMEx_BreakCallback
 .text.makeFreeRtosPriority
                0x08006f14       0x30 ./Middlewares/FreeRTOS/cmsis_os.o
 .text.osKernelStart
                0x08006f44        0xe ./Middlewares/FreeRTOS/cmsis_os.o
                0x08006f44                osKernelStart
 .text.osThreadCreate
                0x08006f52       0x98 ./Middlewares/FreeRTOS/cmsis_os.o
                0x08006f52                osThreadCreate
 .text.osDelay  0x08006fea       0x28 ./Middlewares/FreeRTOS/cmsis_os.o
                0x08006fea                osDelay
 .text.osMutexCreate
                0x08007012       0x30 ./Middlewares/FreeRTOS/cmsis_os.o
                0x08007012                osMutexCreate
 .text.osSemaphoreCreate
                0x08007042       0x64 ./Middlewares/FreeRTOS/cmsis_os.o
                0x08007042                osSemaphoreCreate
 *fill*         0x080070a6        0x2 
 .text.pvPortMalloc
                0x080070a8      0x19c ./Middlewares/FreeRTOS/heap_4.o
                0x080070a8                pvPortMalloc
 .text.vPortFree
                0x08007244       0xc8 ./Middlewares/FreeRTOS/heap_4.o
                0x08007244                vPortFree
 .text.prvHeapInit
                0x0800730c       0xc4 ./Middlewares/FreeRTOS/heap_4.o
 .text.prvInsertBlockIntoFreeList
                0x080073d0       0xb4 ./Middlewares/FreeRTOS/heap_4.o
 .text.vListInitialise
                0x08007484       0x40 ./Middlewares/FreeRTOS/list.o
                0x08007484                vListInitialise
 .text.vListInitialiseItem
                0x080074c4       0x1a ./Middlewares/FreeRTOS/list.o
                0x080074c4                vListInitialiseItem
 .text.vListInsertEnd
                0x080074de       0x48 ./Middlewares/FreeRTOS/list.o
                0x080074de                vListInsertEnd
 .text.vListInsert
                0x08007526       0x72 ./Middlewares/FreeRTOS/list.o
                0x08007526                vListInsert
 .text.uxListRemove
                0x08007598       0x54 ./Middlewares/FreeRTOS/list.o
                0x08007598                uxListRemove
 .text.pxPortInitialiseStack
                0x080075ec       0x68 ./Middlewares/FreeRTOS/port.o
                0x080075ec                pxPortInitialiseStack
 .text.prvTaskExitError
                0x08007654       0x5c ./Middlewares/FreeRTOS/port.o
 .text.SVC_Handler
                0x080076b0       0x28 ./Middlewares/FreeRTOS/port.o
                0x080076b0                SVC_Handler
 .text.prvPortStartFirstTask
                0x080076d8       0x28 ./Middlewares/FreeRTOS/port.o
 .text.xPortStartScheduler
                0x08007700      0x148 ./Middlewares/FreeRTOS/port.o
                0x08007700                xPortStartScheduler
 .text.vPortEnterCritical
                0x08007848       0x64 ./Middlewares/FreeRTOS/port.o
                0x08007848                vPortEnterCritical
 .text.vPortExitCritical
                0x080078ac       0x54 ./Middlewares/FreeRTOS/port.o
                0x080078ac                vPortExitCritical
 .text.PendSV_Handler
                0x08007900       0x68 ./Middlewares/FreeRTOS/port.o
                0x08007900                PendSV_Handler
 .text.SysTick_Handler
                0x08007968       0x44 ./Middlewares/FreeRTOS/port.o
                0x08007968                SysTick_Handler
 .text.vPortSetupTimerInterrupt
                0x080079ac       0x48 ./Middlewares/FreeRTOS/port.o
                0x080079ac                vPortSetupTimerInterrupt
 .text.vPortEnableVFP
                0x080079f4       0x14 ./Middlewares/FreeRTOS/port.o
 .text.vPortValidateInterruptPriority
                0x08007a08       0x84 ./Middlewares/FreeRTOS/port.o
                0x08007a08                vPortValidateInterruptPriority
 .text.xQueueGenericReset
                0x08007a8c       0xd4 ./Middlewares/FreeRTOS/queue.o
                0x08007a8c                xQueueGenericReset
 .text.xQueueGenericCreateStatic
                0x08007b60       0xfa ./Middlewares/FreeRTOS/queue.o
                0x08007b60                xQueueGenericCreateStatic
 .text.xQueueGenericCreate
                0x08007c5a       0x76 ./Middlewares/FreeRTOS/queue.o
                0x08007c5a                xQueueGenericCreate
 .text.prvInitialiseNewQueue
                0x08007cd0       0x3e ./Middlewares/FreeRTOS/queue.o
 .text.prvInitialiseMutex
                0x08007d0e       0x34 ./Middlewares/FreeRTOS/queue.o
 .text.xQueueCreateMutex
                0x08007d42       0x30 ./Middlewares/FreeRTOS/queue.o
                0x08007d42                xQueueCreateMutex
 .text.xQueueCreateMutexStatic
                0x08007d72       0x36 ./Middlewares/FreeRTOS/queue.o
                0x08007d72                xQueueCreateMutexStatic
 .text.xQueueGenericSend
                0x08007da8      0x204 ./Middlewares/FreeRTOS/queue.o
                0x08007da8                xQueueGenericSend
 .text.xQueueGiveFromISR
                0x08007fac      0x120 ./Middlewares/FreeRTOS/queue.o
                0x08007fac                xQueueGiveFromISR
 .text.xQueueSemaphoreTake
                0x080080cc      0x220 ./Middlewares/FreeRTOS/queue.o
                0x080080cc                xQueueSemaphoreTake
 .text.prvGetDisinheritPriorityAfterTimeout
                0x080082ec       0x30 ./Middlewares/FreeRTOS/queue.o
 .text.prvCopyDataToQueue
                0x0800831c       0xd4 ./Middlewares/FreeRTOS/queue.o
 .text.prvUnlockQueue
                0x080083f0       0xa4 ./Middlewares/FreeRTOS/queue.o
 .text.prvIsQueueEmpty
                0x08008494       0x2c ./Middlewares/FreeRTOS/queue.o
 .text.prvIsQueueFull
                0x080084c0       0x30 ./Middlewares/FreeRTOS/queue.o
 .text.xTaskCreateStatic
                0x080084f0       0xc0 ./Middlewares/FreeRTOS/tasks.o
                0x080084f0                xTaskCreateStatic
 .text.xTaskCreate
                0x080085b0       0x8a ./Middlewares/FreeRTOS/tasks.o
                0x080085b0                xTaskCreate
 .text.prvInitialiseNewTask
                0x0800863a      0x110 ./Middlewares/FreeRTOS/tasks.o
 *fill*         0x0800874a        0x2 
 .text.prvAddNewTaskToReadyList
                0x0800874c       0xd4 ./Middlewares/FreeRTOS/tasks.o
 .text.vTaskDelayUntil
                0x08008820      0x100 ./Middlewares/FreeRTOS/tasks.o
                0x08008820                vTaskDelayUntil
 .text.vTaskDelay
                0x08008920       0x6c ./Middlewares/FreeRTOS/tasks.o
                0x08008920                vTaskDelay
 .text.vTaskStartScheduler
                0x0800898c       0xc4 ./Middlewares/FreeRTOS/tasks.o
                0x0800898c                vTaskStartScheduler
 .text.vTaskSuspendAll
                0x08008a50       0x1c ./Middlewares/FreeRTOS/tasks.o
                0x08008a50                vTaskSuspendAll
 .text.xTaskResumeAll
                0x08008a6c      0x13c ./Middlewares/FreeRTOS/tasks.o
                0x08008a6c                xTaskResumeAll
 .text.xTaskGetTickCount
                0x08008ba8       0x20 ./Middlewares/FreeRTOS/tasks.o
                0x08008ba8                xTaskGetTickCount
 .text.xTaskIncrementTick
                0x08008bc8      0x174 ./Middlewares/FreeRTOS/tasks.o
                0x08008bc8                xTaskIncrementTick
 .text.vTaskSwitchContext
                0x08008d3c       0xb8 ./Middlewares/FreeRTOS/tasks.o
                0x08008d3c                vTaskSwitchContext
 .text.vTaskPlaceOnEventList
                0x08008df4       0x4c ./Middlewares/FreeRTOS/tasks.o
                0x08008df4                vTaskPlaceOnEventList
 .text.xTaskRemoveFromEventList
                0x08008e40       0xc8 ./Middlewares/FreeRTOS/tasks.o
                0x08008e40                xTaskRemoveFromEventList
 .text.vTaskInternalSetTimeOutState
                0x08008f08       0x2c ./Middlewares/FreeRTOS/tasks.o
                0x08008f08                vTaskInternalSetTimeOutState
 .text.xTaskCheckForTimeOut
                0x08008f34       0xc8 ./Middlewares/FreeRTOS/tasks.o
                0x08008f34                xTaskCheckForTimeOut
 .text.vTaskMissedYield
                0x08008ffc       0x18 ./Middlewares/FreeRTOS/tasks.o
                0x08008ffc                vTaskMissedYield
 .text.prvIdleTask
                0x08009014       0x30 ./Middlewares/FreeRTOS/tasks.o
 .text.prvInitialiseTaskLists
                0x08009044       0x80 ./Middlewares/FreeRTOS/tasks.o
 .text.prvCheckTasksWaitingTermination
                0x080090c4       0x5c ./Middlewares/FreeRTOS/tasks.o
 .text.prvDeleteTCB
                0x08009120       0x60 ./Middlewares/FreeRTOS/tasks.o
 .text.prvResetNextTaskUnblockTime
                0x08009180       0x40 ./Middlewares/FreeRTOS/tasks.o
 .text.xTaskGetSchedulerState
                0x080091c0       0x3c ./Middlewares/FreeRTOS/tasks.o
                0x080091c0                xTaskGetSchedulerState
 .text.xTaskPriorityInherit
                0x080091fc       0xec ./Middlewares/FreeRTOS/tasks.o
                0x080091fc                xTaskPriorityInherit
 .text.xTaskPriorityDisinherit
                0x080092e8      0x110 ./Middlewares/FreeRTOS/tasks.o
                0x080092e8                xTaskPriorityDisinherit
 .text.vTaskPriorityDisinheritAfterTimeout
                0x080093f8      0x120 ./Middlewares/FreeRTOS/tasks.o
                0x080093f8                vTaskPriorityDisinheritAfterTimeout
 .text.pvTaskIncrementMutexHeldCount
                0x08009518       0x28 ./Middlewares/FreeRTOS/tasks.o
                0x08009518                pvTaskIncrementMutexHeldCount
 .text.prvAddCurrentTaskToDelayedList
                0x08009540       0xcc ./Middlewares/FreeRTOS/tasks.o
 .text.memset   0x0800960c       0x10 C:/ST/STM32CubeIDE_2.0.0/STM32CubeIDE/plugins/com.st.stm32cube.ide.mcu.externaltools.gnu-tools-for-stm32.13.3.rel1.win32_1.0.100.202509120712/tools/bin/../lib/gcc/arm-none-eabi/13.3.1/../../../../arm-none-eabi/lib/thumb/v7e-m+fp/hard\libc_nano.a(libc_a-memset.o)
                0x0800960c                memset
 .text.__errno  0x0800961c        0xc C:/ST/STM32CubeIDE_2.0.0/STM32CubeIDE/plugins/com.st.stm32cube.ide.mcu.externaltools.gnu-tools-for-stm32.13.3.rel1.win32_1.0.100.202509120712/tools/bin/../lib/gcc/arm-none-eabi/13.3.1/../../../../arm-none-eabi/lib/thumb/v7e-m+fp/hard\libc_nano.a(libc_a-errno.o)
                0x0800961c                __errno
 .text.__libc_init_array
                0x08009628       0x48 C:/ST/STM32CubeIDE_2.0.0/STM32CubeIDE/plugins/com.st.stm32cube.ide.mcu.externaltools.gnu-tools-for-stm32.13.3.rel1.win32_1.0.100.202509120712/tools/bin/../lib/gcc/arm-none-eabi/13.3.1/../../../../arm-none-eabi/lib/thumb/v7e-m+fp/hard\libc_nano.a(libc_a-init.o)
                0x08009628                __libc_init_array
 .text.memcpy   0x08009670       0x1c C:/ST/STM32CubeIDE_2.0.0/STM32CubeIDE/plugins/com.st.stm32cube.ide.mcu.externaltools.gnu-tools-for-stm32.13.3.rel1.win32_1.0.100.202509120712/tools/bin/../lib/gcc/arm-none-eabi/13.3.1/../../../../arm-none-eabi/lib/thumb/v7e-m+fp/hard\libc_nano.a(libc_a-memcpy-stub.o)
                0x08009670                memcpy
 .text.atan2    0x0800968c        0x4 C:/ST/STM32CubeIDE_2.0.0/STM32CubeIDE/plugins/com.st.stm32cube.ide.mcu.externaltools.gnu-tools-for-stm32.13.3.rel1.win32_1.0.100.202509120712/tools/bin/../lib/gcc/arm-none-eabi/13.3.1/../../../../arm-none-eabi/lib/thumb/v7e-m+fp/hard\libm.a(libm_a-w_atan2.o)
                0x0800968c                atan2
 .text.sqrt     0x08009690       0x58 C:/ST/STM32CubeIDE_2.0.0/STM32CubeIDE/plugins/com.st.stm32cube.ide.mcu.externaltools.gnu-tools-for-stm32.13.3.rel1.win32_1.0.100.202509120712/tools/bin/../lib/gcc/arm-none-eabi/13.3.1/../../../../arm-none-eabi/lib/thumb/v7e-m+fp/hard\libm.a(libm_a-w_sqrt.o)
                0x08009690                sqrt
 .text.__ieee754_sqrt
                0x080096e8      0x1ac C:/ST/STM32CubeIDE_2.0.0/STM32CubeIDE/plugins/com.st.stm32cube.ide.mcu.externaltools.gnu-tools-for-stm32.13.3.rel1.win32_1.0.100.202509120712/tools/bin/../lib/gcc/arm-none-eabi/13.3.1/../../../../arm-none-eabi/lib/thumb/v7e-m+fp/hard\libm.a(libm_a-e_sqrt.o)
                0x080096e8                __ieee754_sqrt
 *fill*         0x08009894        0x4 
 .text.__ieee754_atan2
                0x08009898      0x18c C:/ST/STM32CubeIDE_2.0.0/STM32CubeIDE/plugins/com.st.stm32cube.ide.mcu.externaltools.gnu-tools-for-stm32.13.3.rel1.win32_1.0.100.202509120712/tools/bin/../lib/gcc/arm-none-eabi/13.3.1/../../../../arm-none-eabi/lib/thumb/v7e-m+fp/hard\libm.a(libm_a-e_atan2.o)
                0x08009898                __ieee754_atan2
 *fill*         0x08009a24        0x4 
 .text.atan     0x08009a28      0x330 C:/ST/STM32CubeIDE_2.0.0/STM32CubeIDE/plugins/com.st.stm32cube.ide.mcu.externaltools.gnu-tools-for-stm32.13.3.rel1.win32_1.0.100.202509120712/tools/bin/../lib/gcc/arm-none-eabi/13.3.1/../../../../arm-none-eabi/lib/thumb/v7e-m+fp/hard\libm.a(libm_a-s_atan.o)
                0x08009a28                atan
 .text.fabs     0x08009d58       0x10 C:/ST/STM32CubeIDE_2.0.0/STM32CubeIDE/plugins/com.st.stm32cube.ide.mcu.externaltools.gnu-tools-for-stm32.13.3.rel1.win32_1.0.100.202509120712/tools/bin/../lib/gcc/arm-none-eabi/13.3.1/../../../../arm-none-eabi/lib/thumb/v7e-m+fp/hard\libm.a(libm_a-s_fabs.o)
                0x08009d58                fabs
 *(.glue_7)
 .glue_7        0x08009d68        0x0 linker stubs
 *(.glue_7t)
 .glue_7t       0x08009d68        0x0 linker stubs
 *(.eh_frame)
 .eh_frame      0x08009d68        0x0 C:/ST/STM32CubeIDE_2.0.0/STM32CubeIDE/plugins/com.st.stm32cube.ide.mcu.externaltools.gnu-tools-for-stm32.13.3.rel1.win32_1.0.100.202509120712/tools/bin/../lib/gcc/arm-none-eabi/13.3.1/thumb/v7e-m+fp/hard/crtbegin.o
 *(.init)
 .init          0x08009d68        0x4 C:/ST/STM32CubeIDE_2.0.0/STM32CubeIDE/plugins/com.st.stm32cube.ide.mcu.externaltools.gnu-tools-for-stm32.13.3.rel1.win32_1.0.100.202509120712/tools/bin/../lib/gcc/arm-none-eabi/13.3.1/thumb/v7e-m+fp/hard/crti.o
                0x08009d68                _init
 .init          0x08009d6c        0x8 C:/ST/STM32CubeIDE_2.0.0/STM32CubeIDE/plugins/com.st.stm32cube.ide.mcu.externaltools.gnu-tools-for-stm32.13.3.rel1.win32_1.0.100.202509120712/tools/bin/../lib/gcc/arm-none-eabi/13.3.1/thumb/v7e-m+fp/hard/crtn.o
 *(.fini)
 .fini          0x08009d74        0x4 C:/ST/STM32CubeIDE_2.0.0/STM32CubeIDE/plugins/com.st.stm32cube.ide.mcu.externaltools.gnu-tools-for-stm32.13.3.rel1.win32_1.0.100.202509120712/tools/bin/../lib/gcc/arm-none-eabi/13.3.1/thumb/v7e-m+fp/hard/crti.o
                0x08009d74                _fini
 .fini          0x08009d78        0x8 C:/ST/STM32CubeIDE_2.0.0/STM32CubeIDE/plugins/com.st.stm32cube.ide.mcu.externaltools.gnu-tools-for-stm32.13.3.rel1.win32_1.0.100.202509120712/tools/bin/../lib/gcc/arm-none-eabi/13.3.1/thumb/v7e-m+fp/hard/crtn.o
                0x08009d80                        . = ALIGN (0x4)
                0x08009d80                        _etext = .

.vfp11_veneer   0x08009d80        0x0
 .vfp11_veneer  0x08009d80        0x0 linker stubs

.v4_bx          0x08009d80        0x0
 .v4_bx         0x08009d80        0x0 linker stubs

.iplt           0x08009d80        0x0
 .iplt          0x08009d80        0x0 C:/ST/STM32CubeIDE_2.0.0/STM32CubeIDE/plugins/com.st.stm32cube.ide.mcu.externaltools.gnu-tools-for-stm32.13.3.rel1.win32_1.0.100.202509120712/tools/bin/../lib/gcc/arm-none-eabi/13.3.1/thumb/v7e-m+fp/hard/crtbegin.o

.rodata         0x08009d80       0xf0
                0x08009d80                        . = ALIGN (0x4)
 *(.rodata)
 .rodata        0x08009d80       0x24 ./Application/User/freertos.o
 .rodata        0x08009da4       0x27 ./Application/User/main.o
 *fill*         0x08009dcb        0x1 
 .rodata        0x08009dcc        0x5 ./Middlewares/FreeRTOS/tasks.o
 *(.rodata*)
 *fill*         0x08009dd1        0x3 
 .rodata.AHBPrescTable
                0x08009dd4       0x10 ./Drivers/CMSIS/system_stm32f4xx.o
                0x08009dd4                AHBPrescTable
 .rodata.APBPrescTable
                0x08009de4        0x8 ./Drivers/CMSIS/system_stm32f4xx.o
                0x08009de4                APBPrescTable
 *fill*         0x08009dec        0x4 
 .rodata.tiny   0x08009df0        0x8 C:/ST/STM32CubeIDE_2.0.0/STM32CubeIDE/plugins/com.st.stm32cube.ide.mcu.externaltools.gnu-tools-for-stm32.13.3.rel1.win32_1.0.100.202509120712/tools/bin/../lib/gcc/arm-none-eabi/13.3.1/../../../../arm-none-eabi/lib/thumb/v7e-m+fp/hard\libm.a(libm_a-e_sqrt.o)
 .rodata.one    0x08009df8        0x8 C:/ST/STM32CubeIDE_2.0.0/STM32CubeIDE/plugins/com.st.stm32cube.ide.mcu.externaltools.gnu-tools-for-stm32.13.3.rel1.win32_1.0.100.202509120712/tools/bin/../lib/gcc/arm-none-eabi/13.3.1/../../../../arm-none-eabi/lib/thumb/v7e-m+fp/hard\libm.a(libm_a-e_sqrt.o)
 .rodata.CSWTCH.9
                0x08009e00       0x18 C:/ST/STM32CubeIDE_2.0.0/STM32CubeIDE/plugins/com.st.stm32cube.ide.mcu.externaltools.gnu-tools-for-stm32.13.3.rel1.win32_1.0.100.202509120712/tools/bin/../lib/gcc/arm-none-eabi/13.3.1/../../../../arm-none-eabi/lib/thumb/v7e-m+fp/hard\libm.a(libm_a-e_atan2.o)
 .rodata.CSWTCH.8
                0x08009e18       0x18 C:/ST/STM32CubeIDE_2.0.0/STM32CubeIDE/plugins/com.st.stm32cube.ide.mcu.externaltools.gnu-tools-for-stm32.13.3.rel1.win32_1.0.100.202509120712/tools/bin/../lib/gcc/arm-none-eabi/13.3.1/../../../../arm-none-eabi/lib/thumb/v7e-m+fp/hard\libm.a(libm_a-e_atan2.o)
 .rodata.atanlo
                0x08009e30       0x20 C:/ST/STM32CubeIDE_2.0.0/STM32CubeIDE/plugins/com.st.stm32cube.ide.mcu.externaltools.gnu-tools-for-stm32.13.3.rel1.win32_1.0.100.202509120712/tools/bin/../lib/gcc/arm-none-eabi/13.3.1/../../../../arm-none-eabi/lib/thumb/v7e-m+fp/hard\libm.a(libm_a-s_atan.o)
 .rodata.atanhi
                0x08009e50       0x20 C:/ST/STM32CubeIDE_2.0.0/STM32CubeIDE/plugins/com.st.stm32cube.ide.mcu.externaltools.gnu-tools-for-stm32.13.3.rel1.win32_1.0.100.202509120712/tools/bin/../lib/gcc/arm-none-eabi/13.3.1/../../../../arm-none-eabi/lib/thumb/v7e-m+fp/hard\libm.a(libm_a-s_atan.o)
                0x08009e70                        . = ALIGN (0x4)

.ARM.extab      0x08009e70        0x0
                0x08009e70                        . = ALIGN (0x4)
 *(.ARM.extab* .gnu.linkonce.armextab.*)
                0x08009e70                        . = ALIGN (0x4)

.ARM            0x08009e70        0x8
                0x08009e70                        . = ALIGN (0x4)
                0x08009e70                        __exidx_start = .
 *(.ARM.exidx*)
 .ARM.exidx     0x08009e70        0x8 C:/ST/STM32CubeIDE_2.0.0/STM32CubeIDE/plugins/com.st.stm32cube.ide.mcu.externaltools.gnu-tools-for-stm32.13.3.rel1.win32_1.0.100.202509120712/tools/bin/../lib/gcc/arm-none-eabi/13.3.1/thumb/v7e-m+fp/hard\libgcc.a(_udivmoddi4.o)
                0x08009e78                        __exidx_end = .
                0x08009e78                        . = ALIGN (0x4)

.preinit_array  0x08009e78        0x0
                0x08009e78                        . = ALIGN (0x4)
                0x08009e78                        PROVIDE (__preinit_array_start = .)
 *(.preinit_array*)
                0x08009e78                        PROVIDE (__preinit_array_end = .)
                0x08009e78                        . = ALIGN (0x4)

.init_array     0x08009e78        0x4
                0x08009e78                        . = ALIGN (0x4)
                0x08009e78                        PROVIDE (__init_array_start = .)
 *(SORT_BY_NAME(.init_array.*))
 *(.init_array*)
 .init_array    0x08009e78        0x4 C:/ST/STM32CubeIDE_2.0.0/STM32CubeIDE/plugins/com.st.stm32cube.ide.mcu.externaltools.gnu-tools-for-stm32.13.3.rel1.win32_1.0.100.202509120712/tools/bin/../lib/gcc/arm-none-eabi/13.3.1/thumb/v7e-m+fp/hard/crtbegin.o
                0x08009e7c                        PROVIDE (__init_array_end = .)
                0x08009e7c                        . = ALIGN (0x4)

.fini_array     0x08009e7c        0x4
                0x08009e7c                        . = ALIGN (0x4)
                [!provide]                        PROVIDE (__fini_array_start = .)
 *(SORT_BY_NAME(.fini_array.*))
 *(.fini_array*)
 .fini_array    0x08009e7c        0x4 C:/ST/STM32CubeIDE_2.0.0/STM32CubeIDE/plugins/com.st.stm32cube.ide.mcu.externaltools.gnu-tools-for-stm32.13.3.rel1.win32_1.0.100.202509120712/tools/bin/../lib/gcc/arm-none-eabi/13.3.1/thumb/v7e-m+fp/hard/crtbegin.o
                [!provide]                        PROVIDE (__fini_array_end = .)
                0x08009e80                        . = ALIGN (0x4)
                0x08009e80                        _sidata = LOADADDR (.data)

.rel.dyn        0x08009e80        0x0
 .rel.iplt      0x08009e80        0x0 C:/ST/STM32CubeIDE_2.0.0/STM32CubeIDE/plugins/com.st.stm32cube.ide.mcu.externaltools.gnu-tools-for-stm32.13.3.rel1.win32_1.0.100.202509120712/tools/bin/../lib/gcc/arm-none-eabi/13.3.1/thumb/v7e-m+fp/hard/crtbegin.o

.data           0x20000000       0x60 load address 0x08009e80
                0x20000000                        . = ALIGN (0x4)
                0x20000000                        _sdata = .
 *(.data)
 *(.data*)
 .data.SystemCoreClock
                0x20000000        0x4 ./Drivers/CMSIS/system_stm32f4xx.o
                0x20000000                SystemCoreClock
 .data.uwTickPrio
                0x20000004        0x4 ./Drivers/STM32F4xx_HAL_Driver/stm32f4xx_hal.o
                0x20000004                uwTickPrio
 .data.uwTickFreq
                0x20000008        0x1 ./Drivers/STM32F4xx_HAL_Driver/stm32f4xx_hal.o
                0x20000008                uwTickFreq
 *fill*         0x20000009        0x3 
 .data.uxCriticalNesting
                0x2000000c        0x4 ./Middlewares/FreeRTOS/port.o
 .data._impure_ptr
                0x20000010        0x4 C:/ST/STM32CubeIDE_2.0.0/STM32CubeIDE/plugins/com.st.stm32cube.ide.mcu.externaltools.gnu-tools-for-stm32.13.3.rel1.win32_1.0.100.202509120712/tools/bin/../lib/gcc/arm-none-eabi/13.3.1/../../../../arm-none-eabi/lib/thumb/v7e-m+fp/hard\libc_nano.a(libc_a-impure.o)
                0x20000010                _impure_ptr
 .data._impure_data
                0x20000014       0x4c C:/ST/STM32CubeIDE_2.0.0/STM32CubeIDE/plugins/com.st.stm32cube.ide.mcu.externaltools.gnu-tools-for-stm32.13.3.rel1.win32_1.0.100.202509120712/tools/bin/../lib/gcc/arm-none-eabi/13.3.1/../../../../arm-none-eabi/lib/thumb/v7e-m+fp/hard\libc_nano.a(libc_a-impure.o)
                0x20000014                _impure_data
 *(.RamFunc)
 *(.RamFunc*)
                0x20000060                        . = ALIGN (0x4)
                0x20000060                        _edata = .
                0x08009ee0                        _siccmram = LOADADDR (.ccmram)

.igot.plt       0x20000060        0x0 load address 0x08009ee0
 .igot.plt      0x20000060        0x0 C:/ST/STM32CubeIDE_2.0.0/STM32CubeIDE/plugins/com.st.stm32cube.ide.mcu.externaltools.gnu-tools-for-stm32.13.3.rel1.win32_1.0.100.202509120712/tools/bin/../lib/gcc/arm-none-eabi/13.3.1/thumb/v7e-m+fp/hard/crtbegin.o

.ccmram         0x10000000        0x0 load address 0x08009ee0
                0x10000000                        . = ALIGN (0x4)
                0x10000000                        _sccmram = .
 *(.ccmram)
 *(.ccmram*)
                0x10000000                        . = ALIGN (0x4)
                0x10000000                        _eccmram = .
                0x10000000                        . = ALIGN (0x4)

.bss            0x20000060     0x4380
                0x20000060                        _sbss = .
                0x20000060                        __bss_start__ = _sbss
 *(.bss)
 .bss           0x20000060       0x1c C:/ST/STM32CubeIDE_2.0.0/STM32CubeIDE/plugins/com.st.stm32cube.ide.mcu.externaltools.gnu-tools-for-stm32.13.3.rel1.win32_1.0.100.202509120712/tools/bin/../lib/gcc/arm-none-eabi/13.3.1/thumb/v7e-m+fp/hard/crtbegin.o
 *(.bss*)
 *fill*         0x2000007c        0x4 
 .bss.lastX.3   0x20000080        0x8 ./Application/User/T3Vibration.o
 .bss.lastY.2   0x20000088        0x8 ./Application/User/T3Vibration.o
 .bss.lastZ.1   0x20000090        0x8 ./Application/User/T3Vibration.o
 .bss.counter.0
                0x20000098        0x4 ./Application/User/T3Vibration.o
 .bss.hadc1     0x2000009c       0x48 ./Application/User/adc.o
                0x2000009c                hadc1
 .bss.hadc2     0x200000e4       0x48 ./Application/User/adc.o
                0x200000e4                hadc2
 .bss.hadc3     0x2000012c       0x48 ./Application/User/adc.o
                0x2000012c                hadc3
 .bss.hcan1     0x20000174       0x28 ./Application/User/can.o
                0x20000174                hcan1
 .bss.Tarea1Handle
                0x2000019c        0x4 ./Application/User/freertos.o
                0x2000019c                Tarea1Handle
 .bss.mutex1Handle
                0x200001a0        0x4 ./Application/User/freertos.o
                0x200001a0                mutex1Handle
 .bss.Semaforo_1Handle
                0x200001a4        0x4 ./Application/User/freertos.o
                0x200001a4                Semaforo_1Handle
 .bss.xIdleTaskTCBBuffer
                0x200001a8       0x54 ./Application/User/freertos.o
 .bss.xIdleStack
                0x200001fc      0x200 ./Application/User/freertos.o
 .bss.hi2c2     0x200003fc       0x54 ./Application/User/i2c.o
                0x200003fc                hi2c2
 .bss.Task04Handle
                0x20000450        0x4 ./Application/User/main.o
                0x20000450                Task04Handle
 .bss.xMutexBalanceComm
                0x20000454        0x4 ./Application/User/main.o
                0x20000454                xMutexBalanceComm
 .bss.xMutexEmergencies
                0x20000458        0x4 ./Application/User/main.o
                0x20000458                xMutexEmergencies
 .bss.xMutexTargetCurrentAltitude
                0x2000045c        0x4 ./Application/User/main.o
                0x2000045c                xMutexTargetCurrentAltitude
 .bss.xMutexAltitudeComm
                0x20000460        0x4 ./Application/User/main.o
                0x20000460                xMutexAltitudeComm
 .bss.xBinaryInterruption
                0x20000464        0x4 ./Application/User/main.o
                0x20000464                xBinaryInterruption
 .bss.emergency
                0x20000468        0x4 ./Application/User/main.o
                0x20000468                emergency
 *fill*         0x2000046c        0x4 
 .bss.RX        0x20000470        0x8 ./Application/User/main.o
                0x20000470                RX
 .bss.RY        0x20000478        0x8 ./Application/User/main.o
                0x20000478                RY
 .bss.alt_ok    0x20000480        0x4 ./Application/User/main.o
                0x20000480                alt_ok
 .bss.target_altitud
                0x20000484        0x4 ./Application/User/main.o
                0x20000484                target_altitud
 .bss.current_altitud
                0x20000488        0x4 ./Application/User/main.o
                0x20000488                current_altitud
 *fill*         0x2000048c        0x4 
 .bss.X         0x20000490        0x8 ./Application/User/main.o
                0x20000490                X
 .bss.Y         0x20000498        0x8 ./Application/User/main.o
                0x20000498                Y
 .bss.Z         0x200004a0        0x8 ./Application/User/main.o
                0x200004a0                Z
 .bss.hspi1     0x200004a8       0x58 ./Application/User/spi.o
                0x200004a8                hspi1
 .bss.spiTxBuf  0x20000500        0x2 ./Application/User/spi.o
                0x20000500                spiTxBuf
 *fill*         0x20000502        0x2 
 .bss.spiRxBuf  0x20000504        0x2 ./Application/User/spi.o
                0x20000504                spiRxBuf
 *fill*         0x20000506        0x2 
 .bss.htim1     0x20000508       0x48 ./Application/User/stm32f4xx_hal_timebase_tim.o
                0x20000508                htim1
 .bss.uwTick    0x20000550        0x4 ./Drivers/STM32F4xx_HAL_Driver/stm32f4xx_hal.o
                0x20000550                uwTick
 .bss.ucHeap    0x20000554     0x3c00 ./Middlewares/FreeRTOS/heap_4.o
 .bss.xStart    0x20004154        0x8 ./Middlewares/FreeRTOS/heap_4.o
 .bss.pxEnd     0x2000415c        0x4 ./Middlewares/FreeRTOS/heap_4.o
 .bss.xFreeBytesRemaining
                0x20004160        0x4 ./Middlewares/FreeRTOS/heap_4.o
 .bss.xMinimumEverFreeBytesRemaining
                0x20004164        0x4 ./Middlewares/FreeRTOS/heap_4.o
 .bss.xNumberOfSuccessfulAllocations
                0x20004168        0x4 ./Middlewares/FreeRTOS/heap_4.o
 .bss.xNumberOfSuccessfulFrees
                0x2000416c        0x4 ./Middlewares/FreeRTOS/heap_4.o
 .bss.xBlockAllocatedBit
                0x20004170        0x4 ./Middlewares/FreeRTOS/heap_4.o
 .bss.ucMaxSysCallPriority
                0x20004174        0x1 ./Middlewares/FreeRTOS/port.o
 *fill*         0x20004175        0x3 
 .bss.ulMaxPRIGROUPValue
                0x20004178        0x4 ./Middlewares/FreeRTOS/port.o
 .bss.pxCurrentTCB
                0x2000417c        0x4 ./Middlewares/FreeRTOS/tasks.o
                0x2000417c                pxCurrentTCB
 .bss.pxReadyTasksLists
                0x20004180       0x8c ./Middlewares/FreeRTOS/tasks.o
 .bss.xDelayedTaskList1
                0x2000420c       0x14 ./Middlewares/FreeRTOS/tasks.o
 .bss.xDelayedTaskList2
                0x20004220       0x14 ./Middlewares/FreeRTOS/tasks.o
 .bss.pxDelayedTaskList
                0x20004234        0x4 ./Middlewares/FreeRTOS/tasks.o
 .bss.pxOverflowDelayedTaskList
                0x20004238        0x4 ./Middlewares/FreeRTOS/tasks.o
 .bss.xPendingReadyList
                0x2000423c       0x14 ./Middlewares/FreeRTOS/tasks.o
 .bss.xTasksWaitingTermination
                0x20004250       0x14 ./Middlewares/FreeRTOS/tasks.o
 .bss.uxDeletedTasksWaitingCleanUp
                0x20004264        0x4 ./Middlewares/FreeRTOS/tasks.o
 .bss.xSuspendedTaskList
                0x20004268       0x14 ./Middlewares/FreeRTOS/tasks.o
 .bss.uxCurrentNumberOfTasks
                0x2000427c        0x4 ./Middlewares/FreeRTOS/tasks.o
 .bss.xTickCount
                0x20004280        0x4 ./Middlewares/FreeRTOS/tasks.o
 .bss.uxTopReadyPriority
                0x20004284        0x4 ./Middlewares/FreeRTOS/tasks.o
 .bss.xSchedulerRunning
                0x20004288        0x4 ./Middlewares/FreeRTOS/tasks.o
 .bss.xPendedTicks
                0x2000428c        0x4 ./Middlewares/FreeRTOS/tasks.o
 .bss.xYieldPending
                0x20004290        0x4 ./Middlewares/FreeRTOS/tasks.o
 .bss.xNumOfOverflows
                0x20004294        0x4 ./Middlewares/FreeRTOS/tasks.o
 .bss.uxTaskNumber
                0x20004298        0x4 ./Middlewares/FreeRTOS/tasks.o
 .bss.xNextTaskUnblockTime
                0x2000429c        0x4 ./Middlewares/FreeRTOS/tasks.o
 .bss.xIdleTaskHandle
                0x200042a0        0x4 ./Middlewares/FreeRTOS/tasks.o
 .bss.uxSchedulerSuspended
                0x200042a4        0x4 ./Middlewares/FreeRTOS/tasks.o
 .bss.__sf      0x200042a8      0x138 C:/ST/STM32CubeIDE_2.0.0/STM32CubeIDE/plugins/com.st.stm32cube.ide.mcu.externaltools.gnu-tools-for-stm32.13.3.rel1.win32_1.0.100.202509120712/tools/bin/../lib/gcc/arm-none-eabi/13.3.1/../../../../arm-none-eabi/lib/thumb/v7e-m+fp/hard\libc_nano.a(libc_a-findfp.o)
                0x200042a8                __sf
 *(COMMON)
                0x200043e0                        . = ALIGN (0x4)
                0x200043e0                        _ebss = .
                0x200043e0                        __bss_end__ = _ebss

._user_heap_stack
                0x200043e0      0x600
                0x200043e0                        . = ALIGN (0x8)
                [!provide]                        PROVIDE (end = .)
                0x200043e0                        PROVIDE (_end = .)
                0x200045e0                        . = (. + _Min_Heap_Size)
 *fill*         0x200043e0      0x200 
                0x200049e0                        . = (. + _Min_Stack_Size)
 *fill*         0x200045e0      0x400 
                0x200049e0                        . = ALIGN (0x8)

/DISCARD/
 libc.a(*)
 libm.a(*)
 libgcc.a(*)

.ARM.attributes
                0x00000000       0x30
 *(.ARM.attributes)
 .ARM.attributes
                0x00000000       0x22 C:/ST/STM32CubeIDE_2.0.0/STM32CubeIDE/plugins/com.st.stm32cube.ide.mcu.externaltools.gnu-tools-for-stm32.13.3.rel1.win32_1.0.100.202509120712/tools/bin/../lib/gcc/arm-none-eabi/13.3.1/thumb/v7e-m+fp/hard/crti.o
 .ARM.attributes
                0x00000022       0x34 C:/ST/STM32CubeIDE_2.0.0/STM32CubeIDE/plugins/com.st.stm32cube.ide.mcu.externaltools.gnu-tools-for-stm32.13.3.rel1.win32_1.0.100.202509120712/tools/bin/../lib/gcc/arm-none-eabi/13.3.1/thumb/v7e-m+fp/hard/crtbegin.o
 .ARM.attributes
                0x00000056       0x21 ./Application/Startup/startup_stm32f407vgtx.o
 .ARM.attributes
                0x00000077       0x34 ./Application/User/T1Altitude.o
 .ARM.attributes
                0x000000ab       0x34 ./Application/User/T2Incliantion.o
 .ARM.attributes
                0x000000df       0x34 ./Application/User/T3Vibration.o
 .ARM.attributes
                0x00000113       0x34 ./Application/User/T4Activation.o
 .ARM.attributes
                0x00000147       0x34 ./Application/User/T5Motor.o
 .ARM.attributes
                0x0000017b       0x34 ./Application/User/adc.o
 .ARM.attributes
                0x000001af       0x34 ./Application/User/can.o
 .ARM.attributes
                0x000001e3       0x34 ./Application/User/freertos.o
 .ARM.attributes
                0x00000217       0x34 ./Application/User/gpio.o
 .ARM.attributes
                0x0000024b       0x34 ./Application/User/i2c.o
 .ARM.attributes
                0x0000027f       0x34 ./Application/User/main.o
 .ARM.attributes
                0x000002b3       0x34 ./Application/User/spi.o
 .ARM.attributes
                0x000002e7       0x34 ./Application/User/stm32f4xx_hal_msp.o
 .ARM.attributes
                0x0000031b       0x34 ./Application/User/stm32f4xx_hal_timebase_tim.o
 .ARM.attributes
                0x0000034f       0x34 ./Application/User/stm32f4xx_it.o
 .ARM.attributes
                0x00000383       0x34 ./Drivers/CMSIS/system_stm32f4xx.o
 .ARM.attributes
                0x000003b7       0x34 ./Drivers/STM32F4xx_HAL_Driver/stm32f4xx_hal.o
 .ARM.attributes
                0x000003eb       0x34 ./Drivers/STM32F4xx_HAL_Driver/stm32f4xx_hal_adc.o
 .ARM.attributes
                0x0000041f       0x34 ./Drivers/STM32F4xx_HAL_Driver/stm32f4xx_hal_can.o
 .ARM.attributes
                0x00000453       0x34 ./Drivers/STM32F4xx_HAL_Driver/stm32f4xx_hal_cortex.o
 .ARM.attributes
                0x00000487       0x34 ./Drivers/STM32F4xx_HAL_Driver/stm32f4xx_hal_dma.o
 .ARM.attributes
                0x000004bb       0x34 ./Drivers/STM32F4xx_HAL_Driver/stm32f4xx_hal_gpio.o
 .ARM.attributes
                0x000004ef       0x34 ./Drivers/STM32F4xx_HAL_Driver/stm32f4xx_hal_i2c.o
 .ARM.attributes
                0x00000523       0x34 ./Drivers/STM32F4xx_HAL_Driver/stm32f4xx_hal_rcc.o
 .ARM.attributes
                0x00000557       0x34 ./Drivers/STM32F4xx_HAL_Driver/stm32f4xx_hal_spi.o
 .ARM.attributes
                0x0000058b       0x34 ./Drivers/STM32F4xx_HAL_Driver/stm32f4xx_hal_tim.o
 .ARM.attributes
                0x000005bf       0x34 ./Drivers/STM32F4xx_HAL_Driver/stm32f4xx_hal_tim_ex.o
 .ARM.attributes
                0x000005f3       0x34 ./Middlewares/FreeRTOS/cmsis_os.o
 .ARM.attributes
                0x00000627       0x34 ./Middlewares/FreeRTOS/heap_4.o
 .ARM.attributes
                0x0000065b       0x34 ./Middlewares/FreeRTOS/list.o
 .ARM.attributes
                0x0000068f       0x34 ./Middlewares/FreeRTOS/port.o
 .ARM.attributes
                0x000006c3       0x34 ./Middlewares/FreeRTOS/queue.o
 .ARM.attributes
                0x000006f7       0x34 ./Middlewares/FreeRTOS/tasks.o
 .ARM.attributes
                0x0000072b       0x34 C:/ST/STM32CubeIDE_2.0.0/STM32CubeIDE/plugins/com.st.stm32cube.ide.mcu.externaltools.gnu-tools-for-stm32.13.3.rel1.win32_1.0.100.202509120712/tools/bin/../lib/gcc/arm-none-eabi/13.3.1/../../../../arm-none-eabi/lib/thumb/v7e-m+fp/hard\libc_nano.a(libc_a-findfp.o)
 .ARM.attributes
                0x0000075f       0x34 C:/ST/STM32CubeIDE_2.0.0/STM32CubeIDE/plugins/com.st.stm32cube.ide.mcu.externaltools.gnu-tools-for-stm32.13.3.rel1.win32_1.0.100.202509120712/tools/bin/../lib/gcc/arm-none-eabi/13.3.1/../../../../arm-none-eabi/lib/thumb/v7e-m+fp/hard\libc_nano.a(libc_a-memset.o)
 .ARM.attributes
                0x00000793       0x34 C:/ST/STM32CubeIDE_2.0.0/STM32CubeIDE/plugins/com.st.stm32cube.ide.mcu.externaltools.gnu-tools-for-stm32.13.3.rel1.win32_1.0.100.202509120712/tools/bin/../lib/gcc/arm-none-eabi/13.3.1/../../../../arm-none-eabi/lib/thumb/v7e-m+fp/hard\libc_nano.a(libc_a-impure.o)
 .ARM.attributes
                0x000007c7       0x34 C:/ST/STM32CubeIDE_2.0.0/STM32CubeIDE/plugins/com.st.stm32cube.ide.mcu.externaltools.gnu-tools-for-stm32.13.3.rel1.win32_1.0.100.202509120712/tools/bin/../lib/gcc/arm-none-eabi/13.3.1/../../../../arm-none-eabi/lib/thumb/v7e-m+fp/hard\libc_nano.a(libc_a-errno.o)
 .ARM.attributes
                0x000007fb       0x34 C:/ST/STM32CubeIDE_2.0.0/STM32CubeIDE/plugins/com.st.stm32cube.ide.mcu.externaltools.gnu-tools-for-stm32.13.3.rel1.win32_1.0.100.202509120712/tools/bin/../lib/gcc/arm-none-eabi/13.3.1/../../../../arm-none-eabi/lib/thumb/v7e-m+fp/hard\libc_nano.a(libc_a-init.o)
 .ARM.attributes
                0x0000082f       0x34 C:/ST/STM32CubeIDE_2.0.0/STM32CubeIDE/plugins/com.st.stm32cube.ide.mcu.externaltools.gnu-tools-for-stm32.13.3.rel1.win32_1.0.100.202509120712/tools/bin/../lib/gcc/arm-none-eabi/13.3.1/../../../../arm-none-eabi/lib/thumb/v7e-m+fp/hard\libc_nano.a(libc_a-memcpy-stub.o)
 .ARM.attributes
                0x00000863       0x34 C:/ST/STM32CubeIDE_2.0.0/STM32CubeIDE/plugins/com.st.stm32cube.ide.mcu.externaltools.gnu-tools-for-stm32.13.3.rel1.win32_1.0.100.202509120712/tools/bin/../lib/gcc/arm-none-eabi/13.3.1/../../../../arm-none-eabi/lib/thumb/v7e-m+fp/hard\libm.a(libm_a-w_atan2.o)
 .ARM.attributes
                0x00000897       0x34 C:/ST/STM32CubeIDE_2.0.0/STM32CubeIDE/plugins/com.st.stm32cube.ide.mcu.externaltools.gnu-tools-for-stm32.13.3.rel1.win32_1.0.100.202509120712/tools/bin/../lib/gcc/arm-none-eabi/13.3.1/../../../../arm-none-eabi/lib/thumb/v7e-m+fp/hard\libm.a(libm_a-w_sqrt.o)
 .ARM.attributes
                0x000008cb       0x34 C:/ST/STM32CubeIDE_2.0.0/STM32CubeIDE/plugins/com.st.stm32cube.ide.mcu.externaltools.gnu-tools-for-stm32.13.3.rel1.win32_1.0.100.202509120712/tools/bin/../lib/gcc/arm-none-eabi/13.3.1/../../../../arm-none-eabi/lib/thumb/v7e-m+fp/hard\libm.a(libm_a-e_sqrt.o)
 .ARM.attributes
                0x000008ff       0x34 C:/ST/STM32CubeIDE_2.0.0/STM32CubeIDE/plugins/com.st.stm32cube.ide.mcu.externaltools.gnu-tools-for-stm32.13.3.rel1.win32_1.0.100.202509120712/tools/bin/../lib/gcc/arm-none-eabi/13.3.1/../../../../arm-none-eabi/lib/thumb/v7e-m+fp/hard\libm.a(libm_a-e_atan2.o)
 .ARM.attributes
                0x00000933       0x34 C:/ST/STM32CubeIDE_2.0.0/STM32CubeIDE/plugins/com.st.stm32cube.ide.mcu.externaltools.gnu-tools-for-stm32.13.3.rel1.win32_1.0.100.202509120712/tools/bin/../lib/gcc/arm-none-eabi/13.3.1/../../../../arm-none-eabi/lib/thumb/v7e-m+fp/hard\libm.a(libm_a-s_atan.o)
 .ARM.attributes
                0x00000967       0x34 C:/ST/STM32CubeIDE_2.0.0/STM32CubeIDE/plugins/com.st.stm32cube.ide.mcu.externaltools.gnu-tools-for-stm32.13.3.rel1.win32_1.0.100.202509120712/tools/bin/../lib/gcc/arm-none-eabi/13.3.1/../../../../arm-none-eabi/lib/thumb/v7e-m+fp/hard\libm.a(libm_a-s_fabs.o)
 .ARM.attributes
                0x0000099b       0x22 C:/ST/STM32CubeIDE_2.0.0/STM32CubeIDE/plugins/com.st.stm32cube.ide.mcu.externaltools.gnu-tools-for-stm32.13.3.rel1.win32_1.0.100.202509120712/tools/bin/../lib/gcc/arm-none-eabi/13.3.1/thumb/v7e-m+fp/hard\libgcc.a(_arm_addsubdf3.o)
 .ARM.attributes
                0x000009bd       0x22 C:/ST/STM32CubeIDE_2.0.0/STM32CubeIDE/plugins/com.st.stm32cube.ide.mcu.externaltools.gnu-tools-for-stm32.13.3.rel1.win32_1.0.100.202509120712/tools/bin/../lib/gcc/arm-none-eabi/13.3.1/thumb/v7e-m+fp/hard\libgcc.a(_arm_muldivdf3.o)
 .ARM.attributes
                0x000009df       0x22 C:/ST/STM32CubeIDE_2.0.0/STM32CubeIDE/plugins/com.st.stm32cube.ide.mcu.externaltools.gnu-tools-for-stm32.13.3.rel1.win32_1.0.100.202509120712/tools/bin/../lib/gcc/arm-none-eabi/13.3.1/thumb/v7e-m+fp/hard\libgcc.a(_arm_cmpdf2.o)
 .ARM.attributes
                0x00000a01       0x22 C:/ST/STM32CubeIDE_2.0.0/STM32CubeIDE/plugins/com.st.stm32cube.ide.mcu.externaltools.gnu-tools-for-stm32.13.3.rel1.win32_1.0.100.202509120712/tools/bin/../lib/gcc/arm-none-eabi/13.3.1/thumb/v7e-m+fp/hard\libgcc.a(_arm_unorddf2.o)
 .ARM.attributes
                0x00000a23       0x22 C:/ST/STM32CubeIDE_2.0.0/STM32CubeIDE/plugins/com.st.stm32cube.ide.mcu.externaltools.gnu-tools-for-stm32.13.3.rel1.win32_1.0.100.202509120712/tools/bin/../lib/gcc/arm-none-eabi/13.3.1/thumb/v7e-m+fp/hard\libgcc.a(_aeabi_uldivmod.o)
 .ARM.attributes
                0x00000a45       0x34 C:/ST/STM32CubeIDE_2.0.0/STM32CubeIDE/plugins/com.st.stm32cube.ide.mcu.externaltools.gnu-tools-for-stm32.13.3.rel1.win32_1.0.100.202509120712/tools/bin/../lib/gcc/arm-none-eabi/13.3.1/thumb/v7e-m+fp/hard\libgcc.a(_udivmoddi4.o)
 .ARM.attributes
                0x00000a79       0x22 C:/ST/STM32CubeIDE_2.0.0/STM32CubeIDE/plugins/com.st.stm32cube.ide.mcu.externaltools.gnu-tools-for-stm32.13.3.rel1.win32_1.0.100.202509120712/tools/bin/../lib/gcc/arm-none-eabi/13.3.1/thumb/v7e-m+fp/hard\libgcc.a(_dvmd_tls.o)
 .ARM.attributes
                0x00000a9b       0x22 C:/ST/STM32CubeIDE_2.0.0/STM32CubeIDE/plugins/com.st.stm32cube.ide.mcu.externaltools.gnu-tools-for-stm32.13.3.rel1.win32_1.0.100.202509120712/tools/bin/../lib/gcc/arm-none-eabi/13.3.1/thumb/v7e-m+fp/hard/crtn.o
OUTPUT(P3CAN.elf elf32-littlearm)
LOAD linker stubs
LOAD C:/ST/STM32CubeIDE_2.0.0/STM32CubeIDE/plugins/com.st.stm32cube.ide.mcu.externaltools.gnu-tools-for-stm32.13.3.rel1.win32_1.0.100.202509120712/tools/bin/../lib/gcc/arm-none-eabi/13.3.1/../../../../arm-none-eabi/lib/thumb/v7e-m+fp/hard\libc.a
LOAD C:/ST/STM32CubeIDE_2.0.0/STM32CubeIDE/plugins/com.st.stm32cube.ide.mcu.externaltools.gnu-tools-for-stm32.13.3.rel1.win32_1.0.100.202509120712/tools/bin/../lib/gcc/arm-none-eabi/13.3.1/../../../../arm-none-eabi/lib/thumb/v7e-m+fp/hard\libm.a
LOAD C:/ST/STM32CubeIDE_2.0.0/STM32CubeIDE/plugins/com.st.stm32cube.ide.mcu.externaltools.gnu-tools-for-stm32.13.3.rel1.win32_1.0.100.202509120712/tools/bin/../lib/gcc/arm-none-eabi/13.3.1/thumb/v7e-m+fp/hard\libgcc.a

.debug_line     0x00000000    0x2081a
 .debug_line    0x00000000       0x7a ./Application/Startup/startup_stm32f407vgtx.o
 .debug_line    0x0000007a      0x970 ./Application/User/T1Altitude.o
 .debug_line    0x000009ea      0xa73 ./Application/User/T2Incliantion.o
 .debug_line    0x0000145d      0xae0 ./Application/User/T3Vibration.o
 .debug_line    0x00001f3d      0x954 ./Application/User/T4Activation.o
 .debug_line    0x00002891      0x971 ./Application/User/T5Motor.o
 .debug_line    0x00003202      0x9ae ./Application/User/adc.o
 .debug_line    0x00003bb0      0x87b ./Application/User/can.o
 .debug_line    0x0000442b      0x9f3 ./Application/User/freertos.o
 .debug_line    0x00004e1e      0x878 ./Application/User/gpio.o
 .debug_line    0x00005696      0x877 ./Application/User/i2c.o
 .debug_line    0x00005f0d      0xbb5 ./Application/User/main.o
 .debug_line    0x00006ac2      0x8c8 ./Application/User/spi.o
 .debug_line    0x0000738a      0x808 ./Application/User/stm32f4xx_hal_msp.o
 .debug_line    0x00007b92      0x87a ./Application/User/stm32f4xx_hal_timebase_tim.o
 .debug_line    0x0000840c      0x8ed ./Application/User/stm32f4xx_it.o
 .debug_line    0x00008cf9      0x8b5 ./Drivers/CMSIS/system_stm32f4xx.o
 .debug_line    0x000095ae      0xafd ./Drivers/STM32F4xx_HAL_Driver/stm32f4xx_hal.o
 .debug_line    0x0000a0ab     0x1314 ./Drivers/STM32F4xx_HAL_Driver/stm32f4xx_hal_adc.o
 .debug_line    0x0000b3bf     0x12bc ./Drivers/STM32F4xx_HAL_Driver/stm32f4xx_hal_can.o
 .debug_line    0x0000c67b      0xdcd ./Drivers/STM32F4xx_HAL_Driver/stm32f4xx_hal_cortex.o
 .debug_line    0x0000d448     0x1069 ./Drivers/STM32F4xx_HAL_Driver/stm32f4xx_hal_dma.o
 .debug_line    0x0000e4b1      0xc55 ./Drivers/STM32F4xx_HAL_Driver/stm32f4xx_hal_gpio.o
 .debug_line    0x0000f106     0x3baa ./Drivers/STM32F4xx_HAL_Driver/stm32f4xx_hal_i2c.o
 .debug_line    0x00012cb0      0xf0c ./Drivers/STM32F4xx_HAL_Driver/stm32f4xx_hal_rcc.o
 .debug_line    0x00013bbc     0x1d98 ./Drivers/STM32F4xx_HAL_Driver/stm32f4xx_hal_spi.o
 .debug_line    0x00015954     0x3872 ./Drivers/STM32F4xx_HAL_Driver/stm32f4xx_hal_tim.o
 .debug_line    0x000191c6     0x1a5d ./Drivers/STM32F4xx_HAL_Driver/stm32f4xx_hal_tim_ex.o
 .debug_line    0x0001ac23     0x134a ./Middlewares/FreeRTOS/cmsis_os.o
 .debug_line    0x0001bf6d      0x9d5 ./Middlewares/FreeRTOS/heap_4.o
 .debug_line    0x0001c942      0x7be ./Middlewares/FreeRTOS/list.o
 .debug_line    0x0001d100      0x883 ./Middlewares/FreeRTOS/port.o
 .debug_line    0x0001d983     0x1502 ./Middlewares/FreeRTOS/queue.o
 .debug_line    0x0001ee85     0x1995 ./Middlewares/FreeRTOS/tasks.o

.debug_line_str
                0x00000000       0x6e
 .debug_line_str
                0x00000000       0x6e ./Application/Startup/startup_stm32f407vgtx.o

.debug_info     0x00000000    0x19ce8
 .debug_info    0x00000000       0x30 ./Application/Startup/startup_stm32f407vgtx.o
 .debug_info    0x00000030      0x7a2 ./Application/User/T1Altitude.o
 .debug_info    0x000007d2      0x334 ./Application/User/T2Incliantion.o
 .debug_info    0x00000b06      0x237 ./Application/User/T3Vibration.o
 .debug_info    0x00000d3d      0x1f6 ./Application/User/T4Activation.o
 .debug_info    0x00000f33      0x306 ./Application/User/T5Motor.o
 .debug_info    0x00001239      0xa8f ./Application/User/adc.o
 .debug_info    0x00001cc8      0xabb ./Application/User/can.o
 .debug_info    0x00002783      0x78a ./Application/User/freertos.o
 .debug_info    0x00002f0d      0x69a ./Application/User/gpio.o
 .debug_info    0x000035a7      0xbd9 ./Application/User/i2c.o
 .debug_info    0x00004180      0xd6d ./Application/User/main.o
 .debug_info    0x00004eed      0xa40 ./Application/User/spi.o
 .debug_info    0x0000592d      0x4b7 ./Application/User/stm32f4xx_hal_msp.o
 .debug_info    0x00005de4      0xbe0 ./Application/User/stm32f4xx_hal_timebase_tim.o
 .debug_info    0x000069c4      0xdbf ./Application/User/stm32f4xx_it.o
 .debug_info    0x00007783      0x512 ./Drivers/CMSIS/system_stm32f4xx.o
 .debug_info    0x00007c95      0x944 ./Drivers/STM32F4xx_HAL_Driver/stm32f4xx_hal.o
 .debug_info    0x000085d9      0xce3 ./Drivers/STM32F4xx_HAL_Driver/stm32f4xx_hal_adc.o
 .debug_info    0x000092bc      0xf49 ./Drivers/STM32F4xx_HAL_Driver/stm32f4xx_hal_can.o
 .debug_info    0x0000a205      0xd8c ./Drivers/STM32F4xx_HAL_Driver/stm32f4xx_hal_cortex.o
 .debug_info    0x0000af91      0x8e7 ./Drivers/STM32F4xx_HAL_Driver/stm32f4xx_hal_dma.o
 .debug_info    0x0000b878      0x6c3 ./Drivers/STM32F4xx_HAL_Driver/stm32f4xx_hal_gpio.o
 .debug_info    0x0000bf3b     0x2415 ./Drivers/STM32F4xx_HAL_Driver/stm32f4xx_hal_i2c.o
 .debug_info    0x0000e350      0x8c3 ./Drivers/STM32F4xx_HAL_Driver/stm32f4xx_hal_rcc.o
 .debug_info    0x0000ec13     0x1525 ./Drivers/STM32F4xx_HAL_Driver/stm32f4xx_hal_spi.o
 .debug_info    0x00010138     0x299d ./Drivers/STM32F4xx_HAL_Driver/stm32f4xx_hal_tim.o
 .debug_info    0x00012ad5     0x14db ./Drivers/STM32F4xx_HAL_Driver/stm32f4xx_hal_tim_ex.o
 .debug_info    0x00013fb0     0x1b90 ./Middlewares/FreeRTOS/cmsis_os.o
 .debug_info    0x00015b40      0x4d5 ./Middlewares/FreeRTOS/heap_4.o
 .debug_info    0x00016015      0x2af ./Middlewares/FreeRTOS/list.o
 .debug_info    0x000162c4      0x4de ./Middlewares/FreeRTOS/port.o
 .debug_info    0x000167a2     0x17cd ./Middlewares/FreeRTOS/queue.o
 .debug_info    0x00017f6f     0x1d79 ./Middlewares/FreeRTOS/tasks.o

.debug_abbrev   0x00000000     0x46a6
 .debug_abbrev  0x00000000       0x24 ./Application/Startup/startup_stm32f407vgtx.o
 .debug_abbrev  0x00000024      0x1b0 ./Application/User/T1Altitude.o
 .debug_abbrev  0x000001d4      0x1bc ./Application/User/T2Incliantion.o
 .debug_abbrev  0x00000390      0x112 ./Application/User/T3Vibration.o
 .debug_abbrev  0x000004a2       0xfb ./Application/User/T4Activation.o
 .debug_abbrev  0x0000059d      0x1c7 ./Application/User/T5Motor.o
 .debug_abbrev  0x00000764      0x1f7 ./Application/User/adc.o
 .debug_abbrev  0x0000095b      0x21f ./Application/User/can.o
 .debug_abbrev  0x00000b7a      0x19c ./Application/User/freertos.o
 .debug_abbrev  0x00000d16      0x174 ./Application/User/gpio.o
 .debug_abbrev  0x00000e8a      0x210 ./Application/User/i2c.o
 .debug_abbrev  0x0000109a      0x2a8 ./Application/User/main.o
 .debug_abbrev  0x00001342      0x243 ./Application/User/spi.o
 .debug_abbrev  0x00001585      0x119 ./Application/User/stm32f4xx_hal_msp.o
 .debug_abbrev  0x0000169e      0x1f4 ./Application/User/stm32f4xx_hal_timebase_tim.o
 .debug_abbrev  0x00001892      0x1db ./Application/User/stm32f4xx_it.o
 .debug_abbrev  0x00001a6d      0x11a ./Drivers/CMSIS/system_stm32f4xx.o
 .debug_abbrev  0x00001b87      0x214 ./Drivers/STM32F4xx_HAL_Driver/stm32f4xx_hal.o
 .debug_abbrev  0x00001d9b      0x252 ./Drivers/STM32F4xx_HAL_Driver/stm32f4xx_hal_adc.o
 .debug_abbrev  0x00001fed      0x258 ./Drivers/STM32F4xx_HAL_Driver/stm32f4xx_hal_can.o
 .debug_abbrev  0x00002245      0x31d ./Drivers/STM32F4xx_HAL_Driver/stm32f4xx_hal_cortex.o
 .debug_abbrev  0x00002562      0x264 ./Drivers/STM32F4xx_HAL_Driver/stm32f4xx_hal_dma.o
 .debug_abbrev  0x000027c6      0x1d4 ./Drivers/STM32F4xx_HAL_Driver/stm32f4xx_hal_gpio.o
 .debug_abbrev  0x0000299a      0x2ad ./Drivers/STM32F4xx_HAL_Driver/stm32f4xx_hal_i2c.o
 .debug_abbrev  0x00002c47      0x2b7 ./Drivers/STM32F4xx_HAL_Driver/stm32f4xx_hal_rcc.o
 .debug_abbrev  0x00002efe      0x27a ./Drivers/STM32F4xx_HAL_Driver/stm32f4xx_hal_spi.o
 .debug_abbrev  0x00003178      0x278 ./Drivers/STM32F4xx_HAL_Driver/stm32f4xx_hal_tim.o
 .debug_abbrev  0x000033f0      0x283 ./Drivers/STM32F4xx_HAL_Driver/stm32f4xx_hal_tim_ex.o
 .debug_abbrev  0x00003673      0x3b7 ./Middlewares/FreeRTOS/cmsis_os.o
 .debug_abbrev  0x00003a2a      0x21d ./Middlewares/FreeRTOS/heap_4.o
 .debug_abbrev  0x00003c47       0xf5 ./Middlewares/FreeRTOS/list.o
 .debug_abbrev  0x00003d3c      0x25c ./Middlewares/FreeRTOS/port.o
 .debug_abbrev  0x00003f98      0x3b5 ./Middlewares/FreeRTOS/queue.o
 .debug_abbrev  0x0000434d      0x359 ./Middlewares/FreeRTOS/tasks.o

.debug_aranges  0x00000000     0x1850
 .debug_aranges
                0x00000000       0x28 ./Application/Startup/startup_stm32f407vgtx.o
 .debug_aranges
                0x00000028       0x20 ./Application/User/T1Altitude.o
 .debug_aranges
                0x00000048       0x38 ./Application/User/T2Incliantion.o
 .debug_aranges
                0x00000080       0x20 ./Application/User/T3Vibration.o
 .debug_aranges
                0x000000a0       0x28 ./Application/User/T4Activation.o
 .debug_aranges
                0x000000c8       0x20 ./Application/User/T5Motor.o
 .debug_aranges
                0x000000e8       0x40 ./Application/User/adc.o
 .debug_aranges
                0x00000128       0x30 ./Application/User/can.o
 .debug_aranges
                0x00000158       0x30 ./Application/User/freertos.o
 .debug_aranges
                0x00000188       0x20 ./Application/User/gpio.o
 .debug_aranges
                0x000001a8       0x30 ./Application/User/i2c.o
 .debug_aranges
                0x000001d8       0x38 ./Application/User/main.o
 .debug_aranges
                0x00000210       0x40 ./Application/User/spi.o
 .debug_aranges
                0x00000250       0x20 ./Application/User/stm32f4xx_hal_msp.o
 .debug_aranges
                0x00000270       0x30 ./Application/User/stm32f4xx_hal_timebase_tim.o
 .debug_aranges
                0x000002a0       0x70 ./Application/User/stm32f4xx_it.o
 .debug_aranges
                0x00000310       0x28 ./Drivers/CMSIS/system_stm32f4xx.o
 .debug_aranges
                0x00000338       0xf0 ./Drivers/STM32F4xx_HAL_Driver/stm32f4xx_hal.o
 .debug_aranges
                0x00000428       0xe8 ./Drivers/STM32F4xx_HAL_Driver/stm32f4xx_hal_adc.o
 .debug_aranges
                0x00000510      0x138 ./Drivers/STM32F4xx_HAL_Driver/stm32f4xx_hal_can.o
 .debug_aranges
                0x00000648      0x130 ./Drivers/STM32F4xx_HAL_Driver/stm32f4xx_hal_cortex.o
 .debug_aranges
                0x00000778       0x90 ./Drivers/STM32F4xx_HAL_Driver/stm32f4xx_hal_dma.o
 .debug_aranges
                0x00000808       0x58 ./Drivers/STM32F4xx_HAL_Driver/stm32f4xx_hal_gpio.o
 .debug_aranges
                0x00000860      0x2a8 ./Drivers/STM32F4xx_HAL_Driver/stm32f4xx_hal_i2c.o
 .debug_aranges
                0x00000b08       0x88 ./Drivers/STM32F4xx_HAL_Driver/stm32f4xx_hal_rcc.o
 .debug_aranges
                0x00000b90      0x1d0 ./Drivers/STM32F4xx_HAL_Driver/stm32f4xx_hal_spi.o
 .debug_aranges
                0x00000d60      0x3d0 ./Drivers/STM32F4xx_HAL_Driver/stm32f4xx_hal_tim.o
 .debug_aranges
                0x00001130      0x168 ./Drivers/STM32F4xx_HAL_Driver/stm32f4xx_hal_tim_ex.o
 .debug_aranges
                0x00001298      0x1d8 ./Middlewares/FreeRTOS/cmsis_os.o
 .debug_aranges
                0x00001470       0x58 ./Middlewares/FreeRTOS/heap_4.o
 .debug_aranges
                0x000014c8       0x40 ./Middlewares/FreeRTOS/list.o
 .debug_aranges
                0x00001508       0x80 ./Middlewares/FreeRTOS/port.o
 .debug_aranges
                0x00001588      0x108 ./Middlewares/FreeRTOS/queue.o
 .debug_aranges
                0x00001690      0x1c0 ./Middlewares/FreeRTOS/tasks.o

.debug_str      0x00000000    0xe5ba8
 .debug_str     0x00000000    0xe5ba8 ./Application/Startup/startup_stm32f407vgtx.o
                                 0x8a (size before relaxing)
 .debug_str     0x000e5ba8        0x0 ./Application/User/T1Altitude.o
                              0xd88fc (size before relaxing)
 .debug_str     0x000e5ba8        0x0 ./Application/User/T2Incliantion.o
                              0xd8481 (size before relaxing)
 .debug_str     0x000e5ba8        0x0 ./Application/User/T3Vibration.o
                              0xdbdb3 (size before relaxing)
 .debug_str     0x000e5ba8        0x0 ./Application/User/T4Activation.o
                              0xd8489 (size before relaxing)
 .debug_str     0x000e5ba8        0x0 ./Application/User/T5Motor.o
                              0xd84b7 (size before relaxing)
 .debug_str     0x000e5ba8        0x0 ./Application/User/adc.o
                              0xd3c00 (size before relaxing)
 .debug_str     0x000e5ba8        0x0 ./Application/User/can.o
                              0xd3f4a (size before relaxing)
 .debug_str     0x000e5ba8        0x0 ./Application/User/freertos.o
                              0xd9ad8 (size before relaxing)
 .debug_str     0x000e5ba8        0x0 ./Application/User/gpio.o
                              0xd3c88 (size before relaxing)
 .debug_str     0x000e5ba8        0x0 ./Application/User/i2c.o
                              0xd41cb (size before relaxing)
 .debug_str     0x000e5ba8        0x0 ./Application/User/main.o
                              0xdc7da (size before relaxing)
 .debug_str     0x000e5ba8        0x0 ./Application/User/spi.o
                              0xd3c8c (size before relaxing)
 .debug_str     0x000e5ba8        0x0 ./Application/User/stm32f4xx_hal_msp.o
                              0xd3baa (size before relaxing)
 .debug_str     0x000e5ba8        0x0 ./Application/User/stm32f4xx_hal_timebase_tim.o
                              0xd4234 (size before relaxing)
 .debug_str     0x000e5ba8        0x0 ./Application/User/stm32f4xx_it.o
                              0xd40e8 (size before relaxing)
 .debug_str     0x000e5ba8        0x0 ./Drivers/CMSIS/system_stm32f4xx.o
                              0xd3762 (size before relaxing)
 .debug_str     0x000e5ba8        0x0 ./Drivers/STM32F4xx_HAL_Driver/stm32f4xx_hal.o