Archive member included to satisfy reference by file (symbol)

C:/ST/STM32CubeIDE_2.0.0/STM32CubeIDE/plugins/com.st.stm32cube.ide.mcu.externaltools.gnu-tools-for-stm32.13.3.rel1.win32_1.0.100.202509120712/tools/bin/../lib/gcc/arm-none-eabi/13.3.1/../../../../arm-none-eabi/lib/thumb/v7e-m+fp/hard\libc_nano.a(libc_a-exit.o)
                              C:/ST/STM32CubeIDE_2.0.0/STM32CubeIDE/plugins/com.st.stm32cube.ide.mcu.externaltools.gnu-tools-for-stm32.13.3.rel1.win32_1.0.100.202509120712/tools/bin/../lib/gcc/arm-none-eabi/13.3.1/../../../../arm-none-eabi/lib/thumb/v7e-m+fp/hard/crt0.o (exit)
C:/ST/STM32CubeIDE_2.0.0/STM32CubeIDE/plugins/com.st.stm32cube.ide.mcu.externaltools.gnu-tools-for-stm32.13.3.rel1.win32_1.0.100.202509120712/tools/bin/../lib/gcc/arm-none-eabi/13.3.1/../../../../arm-none-eabi/lib/thumb/v7e-m+fp/hard\libc_nano.a(libc_a-findfp.o)
                              C:/ST/STM32CubeIDE_2.0.0/STM32CubeIDE/plugins/com.st.stm32cube.ide.mcu.externaltools.gnu-tools-for-stm32.13.3.rel1.win32_1.0.100.202509120712/tools/bin/../lib/gcc/arm-none-eabi/13.3.1/../../../../arm-none-eabi/lib/thumb/v7e-m+fp/hard\libc_nano.a(libc_a-exit.o) (__stdio_exit_handler)
C:/ST/STM32CubeIDE_2.0.0/STM32CubeIDE/plugins/com.st.stm32cube.ide.mcu.externaltools.gnu-tools-for-stm32.13.3.rel1.win32_1.0.100.202509120712/tools/bin/../lib/gcc/arm-none-eabi/13.3.1/../../../../arm-none-eabi/lib/thumb/v7e-m+fp/hard\libc_nano.a(libc_a-fwalk.o)
                              C:/ST/STM32CubeIDE_2.0.0/STM32CubeIDE/plugins/com.st.stm32cube.ide.mcu.externaltools.gnu-tools-for-stm32.13.3.rel1.win32_1.0.100.202509120712/tools/bin/../lib/gcc/arm-none-eabi/13.3.1/../../../../arm-none-eabi/lib/thumb/v7e-m+fp/hard\libc_nano.a(libc_a-findfp.o) (_fwalk_sglue)
C:/ST/STM32CubeIDE_2.0.0/STM32CubeIDE/plugins/com.st.stm32cube.ide.mcu.externaltools.gnu-tools-for-stm32.13.3.rel1.win32_1.0.100.202509120712/tools/bin/../lib/gcc/arm-none-eabi/13.3.1/../../../../arm-none-eabi/lib/thumb/v7e-m+fp/hard\libc_nano.a(libc_a-stdio.o)
                              C:/ST/STM32CubeIDE_2.0.0/STM32CubeIDE/plugins/com.st.stm32cube.ide.mcu.externaltools.gnu-tools-for-stm32.13.3.rel1.win32_1.0.100.202509120712/tools/bin/../lib/gcc/arm-none-eabi/13.3.1/../../../../arm-none-eabi/lib/thumb/v7e-m+fp/hard\libc_nano.a(libc_a-findfp.o) (__sread)
C:/ST/STM32CubeIDE_2.0.0/STM32CubeIDE/plugins/com.st.stm32cube.ide.mcu.externaltools.gnu-tools-for-stm32.13.3.rel1.win32_1.0.100.202509120712/tools/bin/../lib/gcc/arm-none-eabi/13.3.1/../../../../arm-none-eabi/lib/thumb/v7e-m+fp/hard\libc_nano.a(libc_a-memset.o)
                              C:/ST/STM32CubeIDE_2.0.0/STM32CubeIDE/plugins/com.st.stm32cube.ide.mcu.externaltools.gnu-tools-for-stm32.13.3.rel1.win32_1.0.100.202509120712/tools/bin/../lib/gcc/arm-none-eabi/13.3.1/../../../../arm-none-eabi/lib/thumb/v7e-m+fp/hard/crt0.o (memset)
C:/ST/STM32CubeIDE_2.0.0/STM32CubeIDE/plugins/com.st.stm32cube.ide.mcu.externaltools.gnu-tools-for-stm32.13.3.rel1.win32_1.0.100.202509120712/tools/bin/../lib/gcc/arm-none-eabi/13.3.1/../../../../arm-none-eabi/lib/thumb/v7e-m+fp/hard\libc_nano.a(libc_a-closer.o)
                              C:/ST/STM32CubeIDE_2.0.0/STM32CubeIDE/plugins/com.st.stm32cube.ide.mcu.externaltools.gnu-tools-for-stm32.13.3.rel1.win32_1.0.100.202509120712/tools/bin/../lib/gcc/arm-none-eabi/13.3.1/../../../../arm-none-eabi/lib/thumb/v7e-m+fp/hard\libc_nano.a(libc_a-stdio.o) (_close_r)
C:/ST/STM32CubeIDE_2.0.0/STM32CubeIDE/plugins/com.st.stm32cube.ide.mcu.externaltools.gnu-tools-for-stm32.13.3.rel1.win32_1.0.100.202509120712/tools/bin/../lib/gcc/arm-none-eabi/13.3.1/../../../../arm-none-eabi/lib/thumb/v7e-m+fp/hard\libc_nano.a(libc_a-reent.o)
                              C:/ST/STM32CubeIDE_2.0.0/STM32CubeIDE/plugins/com.st.stm32cube.ide.mcu.externaltools.gnu-tools-for-stm32.13.3.rel1.win32_1.0.100.202509120712/tools/bin/../lib/gcc/arm-none-eabi/13.3.1/../../../../arm-none-eabi/lib/thumb/v7e-m+fp/hard\libc_nano.a(libc_a-closer.o) (errno)
C:/ST/STM32CubeIDE_2.0.0/STM32CubeIDE/plugins/com.st.stm32cube.ide.mcu.externaltools.gnu-tools-for-stm32.13.3.rel1.win32_1.0.100.202509120712/tools/bin/../lib/gcc/arm-none-eabi/13.3.1/../../../../arm-none-eabi/lib/thumb/v7e-m+fp/hard\libc_nano.a(libc_a-impure.o)
                              C:/ST/STM32CubeIDE_2.0.0/STM32CubeIDE/plugins/com.st.stm32cube.ide.mcu.externaltools.gnu-tools-for-stm32.13.3.rel1.win32_1.0.100.202509120712/tools/bin/../lib/gcc/arm-none-eabi/13.3.1/../../../../arm-none-eabi/lib/thumb/v7e-m+fp/hard\libc_nano.a(libc_a-reent.o) (_impure_ptr)
C:/ST/STM32CubeIDE_2.0.0/STM32CubeIDE/plugins/com.st.stm32cube.ide.mcu.externaltools.gnu-tools-for-stm32.13.3.rel1.win32_1.0.100.202509120712/tools/bin/../lib/gcc/arm-none-eabi/13.3.1/../../../../arm-none-eabi/lib/thumb/v7e-m+fp/hard\libc_nano.a(libc_a-lseekr.o)
[...]
Memory Configuration

Name             Origin             Length             Attributes
CCMRAM           0x10000000         0x00010000         xrw
RAM              0x20000000         0x00020000         xrw
FLASH            0x08000000         0x00100000         xr
*default*        0x00000000         0xffffffff

Linker script and memory map

LOAD C:/ST/STM32CubeIDE_2.0.0/STM32CubeIDE/plugins/com.st.stm32cube.ide.mcu.externaltools.gnu-tools-for-stm32.13.3.rel1.win32_1.0.100.202509120712/tools/bin/../lib/gcc/arm-none-eabi/13.3.1/thumb/v7e-m+fp/hard/crti.o
LOAD C:/ST/STM32CubeIDE_2.0.0/STM32CubeIDE/plugins/com.st.stm32cube.ide.mcu.externaltools.gnu-tools-for-stm32.13.3.rel1.win32_1.0.100.202509120712/tools/bin/../lib/gcc/arm-none-eabi/13.3.1/thumb/v7e-m+fp/hard/crtbegin.o
LOAD C:/ST/STM32CubeIDE_2.0.0/STM32CubeIDE/plugins/com.st.stm32cube.ide.mcu.externaltools.gnu-tools-for-stm32.13.3.rel1.win32_1.0.100.202509120712/tools/bin/../lib/gcc/arm-none-eabi/13.3.1/../../../../arm-none-eabi/lib/thumb/v7e-m+fp/hard/crt0.o
LOAD ./Application/Startup/startup_stm32f407vgtx.o
LOAD ./Application/User/adc.o
LOAD ./Application/User/can.o
LOAD ./Application/User/freertos.o
LOAD ./Application/User/gpio.o
LOAD ./Application/User/i2c.o
LOAD ./Application/User/main.o
LOAD ./Application/User/spi.o
LOAD ./Application/User/stm32f4xx_hal_msp.o
LOAD ./Application/User/stm32f4xx_hal_timebase_tim.o
LOAD ./Application/User/stm32f4xx_it.o
LOAD ./Application/User/syscalls.o
LOAD ./Application/User/sysmem.o
LOAD ./Drivers/CMSIS/system_stm32f4xx.o
LOAD ./Drivers/STM32F4xx_HAL_Driver/stm32f4xx_hal.o
LOAD ./Drivers/STM32F4xx_HAL_Driver/stm32f4xx_hal_adc.o
LOAD ./Drivers/STM32F4xx_HAL_Driver/stm32f4xx_hal_adc_ex.o
LOAD ./Drivers/STM32F4xx_HAL_Driver/stm32f4xx_hal_can.o
LOAD ./Drivers/STM32F4xx_HAL_Driver/stm32f4xx_hal_cortex.o
LOAD ./Drivers/STM32F4xx_HAL_Driver/stm32f4xx_hal_dma.o
LOAD ./Drivers/STM32F4xx_HAL_Driver/stm32f4xx_hal_dma_ex.o
LOAD ./Drivers/STM32F4xx_HAL_Driver/stm32f4xx_hal_exti.o
LOAD ./Drivers/STM32F4xx_HAL_Driver/stm32f4xx_hal_flash.o
LOAD ./Drivers/STM32F4xx_HAL_Driver/stm32f4xx_hal_flash_ex.o
LOAD ./Drivers/STM32F4xx_HAL_Driver/stm32f4xx_hal_flash_ramfunc.o
LOAD ./Drivers/STM32F4xx_HAL_Driver/stm32f4xx_hal_gpio.o
LOAD ./Drivers/STM32F4xx_HAL_Driver/stm32f4xx_hal_i2c.o
LOAD ./Drivers/STM32F4xx_HAL_Driver/stm32f4xx_hal_i2c_ex.o
LOAD ./Drivers/STM32F4xx_HAL_Driver/stm32f4xx_hal_pwr.o
LOAD ./Drivers/STM32F4xx_HAL_Driver/stm32f4xx_hal_pwr_ex.o
LOAD ./Drivers/STM32F4xx_HAL_Driver/stm32f4xx_hal_rcc.o
LOAD ./Drivers/STM32F4xx_HAL_Driver/stm32f4xx_hal_rcc_ex.o
LOAD ./Drivers/STM32F4xx_HAL_Driver/stm32f4xx_hal_spi.o
LOAD ./Drivers/STM32F4xx_HAL_Driver/stm32f4xx_hal_tim.o
LOAD ./Drivers/STM32F4xx_HAL_Driver/stm32f4xx_hal_tim_ex.o
LOAD ./Middlewares/FreeRTOS/cmsis_os.o
LOAD ./Middlewares/FreeRTOS/croutine.o
LOAD ./Middlewares/FreeRTOS/event_groups.o
LOAD ./Middlewares/FreeRTOS/heap_4.o
LOAD ./Middlewares/FreeRTOS/list.o
LOAD ./Middlewares/FreeRTOS/port.o
LOAD ./Middlewares/FreeRTOS/queue.o
LOAD ./Middlewares/FreeRTOS/stream_buffer.o
LOAD ./Middlewares/FreeRTOS/tasks.o
LOAD ./Middlewares/FreeRTOS/timers.o
START GROUP
LOAD C:/ST/STM32CubeIDE_2.0.0/STM32CubeIDE/plugins/com.st.stm32cube.ide.mcu.externaltools.gnu-tools-for-stm32.13.3.rel1.win32_1.0.100.202509120712/tools/bin/../lib/gcc/arm-none-eabi/13.3.1/../../../../arm-none-eabi/lib/thumb/v7e-m+fp/hard\libc_nano.a
LOAD C:/ST/STM32CubeIDE_2.0.0/STM32CubeIDE/plugins/com.st.stm32cube.ide.mcu.externaltools.gnu-tools-for-stm32.13.3.rel1.win32_1.0.100.202509120712/tools/bin/../lib/gcc/arm-none-eabi/13.3.1/../../../../arm-none-eabi/lib/thumb/v7e-m+fp/hard\libm.a
END GROUP
START GROUP
LOAD C:/ST/STM32CubeIDE_2.0.0/STM32CubeIDE/plugins/com.st.stm32cube.ide.mcu.externaltools.gnu-tools-for-stm32.13.3.rel1.win32_1.0.100.202509120712/tools/bin/../lib/gcc/arm-none-eabi/13.3.1/thumb/v7e-m+fp/hard\libgcc.a
LOAD C:/ST/STM32CubeIDE_2.0.0/STM32CubeIDE/plugins/com.st.stm32cube.ide.mcu.externaltools.gnu-tools-for-stm32.13.3.rel1.win32_1.0.100.202509120712/tools/bin/../lib/gcc/arm-none-eabi/13.3.1/../../../../arm-none-eabi/lib/thumb/v7e-m+fp/hard\libc_nano.a
END GROUP
START GROUP
LOAD C:/ST/STM32CubeIDE_2.0.0/STM32CubeIDE/plugins/com.st.stm32cube.ide.mcu.externaltools.gnu-tools-for-stm32.13.3.rel1.win32_1.0.100.202509120712/tools/bin/../lib/gcc/arm-none-eabi/13.3.1/thumb/v7e-m+fp/hard\libgcc.a
LOAD C:/ST/STM32CubeIDE_2.0.0/STM32CubeIDE/plugins/com.st.stm32cube.ide.mcu.externaltools.gnu-tools-for-stm32.13.3.rel1.win32_1.0.100.202509120712/tools/bin/../lib/gcc/arm-none-eabi/13.3.1/../../../../arm-none-eabi/lib/thumb/v7e-m+fp/hard\libc_nano.a
LOAD C:/ST/STM32CubeIDE_2.0.0/STM32CubeIDE/plugins/com.st.stm32cube.ide.mcu.externaltools.gnu-tools-for-stm32.13.3.rel1.win32_1.0.100.202509120712/tools/bin/../lib/gcc/arm-none-eabi/13.3.1/../../../../arm-none-eabi/lib/thumb/v7e-m+fp/hard\libnosys.a
END GROUP
START GROUP
LOAD C:/ST/STM32CubeIDE_2.0.0/STM32CubeIDE/plugins/com.st.stm32cube.ide.mcu.externaltools.gnu-tools-for-stm32.13.3.rel1.win32_1.0.100.202509120712/tools/bin/../lib/gcc/arm-none-eabi/13.3.1/thumb/v7e-m+fp/hard\libgcc.a
LOAD C:/ST/STM32CubeIDE_2.0.0/STM32CubeIDE/plugins/com.st.stm32cube.ide.mcu.externaltools.gnu-tools-for-stm32.13.3.rel1.win32_1.0.100.202509120712/tools/bin/../lib/gcc/arm-none-eabi/13.3.1/../../../../arm-none-eabi/lib/thumb/v7e-m+fp/hard\libc_nano.a
LOAD C:/ST/STM32CubeIDE_2.0.0/STM32CubeIDE/plugins/com.st.stm32cube.ide.mcu.externaltools.gnu-tools-for-stm32.13.3.rel1.win32_1.0.100.202509120712/tools/bin/../lib/gcc/arm-none-eabi/13.3.1/../../../../arm-none-eabi/lib/thumb/v7e-m+fp/hard\libnosys.a
END GROUP
LOAD C:/ST/STM32CubeIDE_2.0.0/STM32CubeIDE/plugins/com.st.stm32cube.ide.mcu.externaltools.gnu-tools-for-stm32.13.3.rel1.win32_1.0.100.202509120712/tools/bin/../lib/gcc/arm-none-eabi/13.3.1/thumb/v7e-m+fp/hard/crtend.o
LOAD C:/ST/STM32CubeIDE_2.0.0/STM32CubeIDE/plugins/com.st.stm32cube.ide.mcu.externaltools.gnu-tools-for-stm32.13.3.rel1.win32_1.0.100.202509120712/tools/bin/../lib/gcc/arm-none-eabi/13.3.1/thumb/v7e-m+fp/hard/crtn.o
                0x20020000                        _estack = (ORIGIN (RAM) + LENGTH (RAM))
                0x00000200                        _Min_Heap_Size = 0x200
                0x00000400                        _Min_Stack_Size = 0x400

.isr_vector     0x08000000      0x188
                0x08000000                        . = ALIGN (0x4)
 *(.isr_vector)
 .isr_vector    0x08000000      0x188 ./Application/Startup/startup_stm32f407vgtx.o
                0x08000000                g_pfnVectors
                0x08000188                        . = ALIGN (0x4)

.text           0x08000190     0x8e08
                0x08000190                        . = ALIGN (0x4)
 *(.text)
 .text          0x08000190       0x40 C:/ST/STM32CubeIDE_2.0.0/STM32CubeIDE/plugins/com.st.stm32cube.ide.mcu.externaltools.gnu-tools-for-stm32.13.3.rel1.win32_1.0.100.202509120712/tools/bin/../lib/gcc/arm-none-eabi/13.3.1/thumb/v7e-m+fp/hard/crtbegin.o
 .text          0x080001d0      0x378 C:/ST/STM32CubeIDE_2.0.0/STM32CubeIDE/plugins/com.st.stm32cube.ide.mcu.externaltools.gnu-tools-for-stm32.13.3.rel1.win32_1.0.100.202509120712/tools/bin/../lib/gcc/arm-none-eabi/13.3.1/thumb/v7e-m+fp/hard\libgcc.a(_arm_addsubdf3.o)
                0x080001d0                __aeabi_drsub
                0x080001d8                __aeabi_dsub
                0x080001d8                __subdf3
                0x080001dc                __aeabi_dadd
                0x080001dc                __adddf3
                0x08000454                __floatunsidf
                0x08000454                __aeabi_ui2d
                0x08000474                __floatsidf
                0x08000474                __aeabi_i2d
                0x08000498                __aeabi_f2d
                0x08000498                __extendsfdf2
                0x080004dc                __floatundidf
                0x080004dc                __aeabi_ul2d
                0x080004ec                __floatdidf
                0x080004ec                __aeabi_l2d
 .text          0x08000548      0x424 C:/ST/STM32CubeIDE_2.0.0/STM32CubeIDE/plugins/com.st.stm32cube.ide.mcu.externaltools.gnu-tools-for-stm32.13.3.rel1.win32_1.0.100.202509120712/tools/bin/../lib/gcc/arm-none-eabi/13.3.1/thumb/v7e-m+fp/hard\libgcc.a(_arm_muldivdf3.o)
                0x08000548                __aeabi_dmul
                0x08000548                __muldf3
                0x0800079c                __divdf3
                0x0800079c                __aeabi_ddiv
 .text          0x0800096c      0x110 C:/ST/STM32CubeIDE_2.0.0/STM32CubeIDE/plugins/com.st.stm32cube.ide.mcu.externaltools.gnu-tools-for-stm32.13.3.rel1.win32_1.0.100.202509120712/tools/bin/../lib/gcc/arm-none-eabi/13.3.1/thumb/v7e-m+fp/hard\libgcc.a(_arm_cmpdf2.o)
                0x0800096c                __gtdf2
                0x0800096c                __gedf2
                0x08000974                __ltdf2
                0x08000974                __ledf2
                0x0800097c                __nedf2
                0x0800097c                __eqdf2
                0x0800097c                __cmpdf2
                0x080009f8                __aeabi_cdrcmple
                0x08000a08                __aeabi_cdcmpeq
                0x08000a08                __aeabi_cdcmple
                0x08000a18                __aeabi_dcmpeq
                0x08000a2c                __aeabi_dcmplt
                0x08000a40                __aeabi_dcmple
                0x08000a54                __aeabi_dcmpge
                0x08000a68                __aeabi_dcmpgt
 .text          0x08000a7c       0x2c C:/ST/STM32CubeIDE_2.0.0/STM32CubeIDE/plugins/com.st.stm32cube.ide.mcu.externaltools.gnu-tools-for-stm32.13.3.rel1.win32_1.0.100.202509120712/tools/bin/../lib/gcc/arm-none-eabi/13.3.1/thumb/v7e-m+fp/hard\libgcc.a(_arm_unorddf2.o)
                0x08000a7c                __unorddf2
                0x08000a7c                __aeabi_dcmpun
 .text          0x08000aa8       0x30 C:/ST/STM32CubeIDE_2.0.0/STM32CubeIDE/plugins/com.st.stm32cube.ide.mcu.externaltools.gnu-tools-for-stm32.13.3.rel1.win32_1.0.100.202509120712/tools/bin/../lib/gcc/arm-none-eabi/13.3.1/thumb/v7e-m+fp/hard\libgcc.a(_aeabi_uldivmod.o)
                0x08000aa8                __aeabi_uldivmod
 .text          0x08000ad8      0x2f8 C:/ST/STM32CubeIDE_2.0.0/STM32CubeIDE/plugins/com.st.stm32cube.ide.mcu.externaltools.gnu-tools-for-stm32.13.3.rel1.win32_1.0.100.202509120712/tools/bin/../lib/gcc/arm-none-eabi/13.3.1/thumb/v7e-m+fp/hard\libgcc.a(_udivmoddi4.o)
                0x08000ad8                __udivmoddi4
 .text          0x08000dd0        0x4 C:/ST/STM32CubeIDE_2.0.0/STM32CubeIDE/plugins/com.st.stm32cube.ide.mcu.externaltools.gnu-tools-for-stm32.13.3.rel1.win32_1.0.100.202509120712/tools/bin/../lib/gcc/arm-none-eabi/13.3.1/thumb/v7e-m+fp/hard\libgcc.a(_dvmd_tls.o)
                0x08000dd0                __aeabi_idiv0
                0x08000dd0                __aeabi_ldiv0
 *(.text*)
 .text.Reset_Handler
                0x08000dd4       0x50 ./Application/Startup/startup_stm32f407vgtx.o
                0x08000dd4                Reset_Handler
 .text.Default_Handler
                0x08000e24        0x2 ./Application/Startup/startup_stm32f407vgtx.o
                0x08000e24                RTC_Alarm_IRQHandler
                0x08000e24                HASH_RNG_IRQHandler
                0x08000e24                EXTI2_IRQHandler
                0x08000e24                TIM8_CC_IRQHandler
                0x08000e24                TIM1_CC_IRQHandler
                0x08000e24                DMA2_Stream5_IRQHandler
                0x08000e24                DMA1_Stream5_IRQHandler
                0x08000e24                PVD_IRQHandler
                0x08000e24                SDIO_IRQHandler
                0x08000e24                TAMP_STAMP_IRQHandler
                0x08000e24                CAN2_RX1_IRQHandler
                0x08000e24                TIM8_TRG_COM_TIM14_IRQHandler
                0x08000e24                TIM8_UP_TIM13_IRQHandler
                0x08000e24                I2C3_ER_IRQHandler
                0x08000e24                DMA1_Stream2_IRQHandler
                0x08000e24                FPU_IRQHandler
                0x08000e24                OTG_HS_WKUP_IRQHandler
                0x08000e24                CAN2_SCE_IRQHandler
                0x08000e24                DMA2_Stream2_IRQHandler
                0x08000e24                SPI1_IRQHandler
                0x08000e24                TIM6_DAC_IRQHandler
                0x08000e24                TIM1_BRK_TIM9_IRQHandler
                0x08000e24                DCMI_IRQHandler
                0x08000e24                CAN2_RX0_IRQHandler
                0x08000e24                DMA2_Stream3_IRQHandler
                0x08000e24                USART6_IRQHandler
                0x08000e24                USART3_IRQHandler
                0x08000e24                CAN1_RX1_IRQHandler
                0x08000e24                UART5_IRQHandler
                0x08000e24                DMA2_Stream0_IRQHandler
                0x08000e24                TIM4_IRQHandler
                0x08000e24                I2C1_EV_IRQHandler
                0x08000e24                DMA1_Stream6_IRQHandler
                0x08000e24                DMA1_Stream1_IRQHandler
                0x08000e24                UART4_IRQHandler
                0x08000e24                TIM3_IRQHandler
                0x08000e24                RCC_IRQHandler
                0x08000e24                TIM8_BRK_TIM12_IRQHandler
                0x08000e24                Default_Handler
                0x08000e24                EXTI15_10_IRQHandler
                0x08000e24                ADC_IRQHandler
                0x08000e24                DMA1_Stream7_IRQHandler
                0x08000e24                TIM7_IRQHandler
                0x08000e24                CAN2_TX_IRQHandler
                0x08000e24                TIM5_IRQHandler
                0x08000e24                DMA2_Stream7_IRQHandler
                0x08000e24                I2C3_EV_IRQHandler
                0x08000e24                EXTI9_5_IRQHandler
                0x08000e24                RTC_WKUP_IRQHandler
                0x08000e24                ETH_WKUP_IRQHandler
                0x08000e24                SPI2_IRQHandler
                0x08000e24                OTG_HS_EP1_IN_IRQHandler
                0x08000e24                DMA1_Stream0_IRQHandler
                0x08000e24                CAN1_TX_IRQHandler
                0x08000e24                EXTI4_IRQHandler
                0x08000e24                FSMC_IRQHandler
                0x08000e24                ETH_IRQHandler
                0x08000e24                OTG_HS_EP1_OUT_IRQHandler
                0x08000e24                WWDG_IRQHandler
                0x08000e24                TIM2_IRQHandler
                0x08000e24                OTG_FS_WKUP_IRQHandler
                0x08000e24                TIM1_TRG_COM_TIM11_IRQHandler
                0x08000e24                OTG_HS_IRQHandler
                0x08000e24                EXTI1_IRQHandler
                0x08000e24                USART2_IRQHandler
                0x08000e24                I2C2_ER_IRQHandler
                0x08000e24                DMA2_Stream1_IRQHandler
                0x08000e24                CAN1_SCE_IRQHandler
                0x08000e24                FLASH_IRQHandler
                0x08000e24                DMA2_Stream4_IRQHandler
                0x08000e24                USART1_IRQHandler
                0x08000e24                OTG_FS_IRQHandler
                0x08000e24                SPI3_IRQHandler
                0x08000e24                DMA1_Stream4_IRQHandler
                0x08000e24                I2C1_ER_IRQHandler
                0x08000e24                DMA2_Stream6_IRQHandler
                0x08000e24                DMA1_Stream3_IRQHandler
 *fill*         0x08000e26        0x2 
 .text.MX_ADC1_Init
                0x08000e28       0xa8 ./Application/User/adc.o
                0x08000e28                MX_ADC1_Init
 .text.MX_ADC2_Init
                0x08000ed0       0xa4 ./Application/User/adc.o
                0x08000ed0                MX_ADC2_Init
 .text.MX_ADC3_Init
                0x08000f74       0xa4 ./Application/User/adc.o
                0x08000f74                MX_ADC3_Init
 .text.HAL_ADC_MspInit
                0x08001018      0x180 ./Application/User/adc.o
                0x08001018                HAL_ADC_MspInit
 .text.MX_CAN1_Init
                0x08001198       0x6c ./Application/User/can.o
                0x08001198                MX_CAN1_Init
 .text.HAL_CAN_MspInit
                0x08001204       0xa0 ./Application/User/can.o
                0x08001204                HAL_CAN_MspInit
 .text.vApplicationGetIdleTaskMemory
                0x080012a4       0x34 ./Application/User/freertos.o
                0x080012a4                vApplicationGetIdleTaskMemory
 .text.MX_FREERTOS_Init
                0x080012d8      0x134 ./Application/User/freertos.o
                0x080012d8                MX_FREERTOS_Init
 .text.StartTarea1
                0x0800140c       0x64 ./Application/User/freertos.o
                0x0800140c                StartTarea1
 .text.StartTask02
                0x08001470       0x54 ./Application/User/freertos.o
                0x08001470                StartTask02
 .text.StartTask03
                0x080014c4       0x10 ./Application/User/freertos.o
                0x080014c4                StartTask03
 .text.StartTask04
                0x080014d4       0x10 ./Application/User/freertos.o
                0x080014d4                StartTask04
 .text.StartTask05
                0x080014e4      0x110 ./Application/User/freertos.o
                0x080014e4                StartTask05
 .text.Obtain_Coordinates_XYZ
                0x080015f4       0xf8 ./Application/User/freertos.o
                0x080015f4                Obtain_Coordinates_XYZ
 *fill*         0x080016ec        0x4 
 .text.Calculate_RotationX
                0x080016f0       0xd8 ./Application/User/freertos.o
                0x080016f0                Calculate_RotationX
 .text.Calculate_RotationY
                0x080017c8       0xe0 ./Application/User/freertos.o
                0x080017c8                Calculate_RotationY
 .text.MX_GPIO_Init
                0x080018a8      0x220 ./Application/User/gpio.o
                0x080018a8                MX_GPIO_Init
 .text.MX_I2C2_Init
                0x08001ac8       0x5c ./Application/User/i2c.o
                0x08001ac8                MX_I2C2_Init
 .text.HAL_I2C_MspInit
                0x08001b24       0xa0 ./Application/User/i2c.o
                0x08001b24                HAL_I2C_MspInit
 .text.main     0x08001bc4       0x38 ./Application/User/main.o
                0x08001bc4                main
 .text.SystemClock_Config
                0x08001bfc       0xd4 ./Application/User/main.o
                0x08001bfc                SystemClock_Config
 .text.HAL_TIM_PeriodElapsedCallback
                0x08001cd0       0x24 ./Application/User/main.o
                0x08001cd0                HAL_TIM_PeriodElapsedCallback
 .text.Error_Handler
                0x08001cf4        0xe ./Application/User/main.o
                0x08001cf4                Error_Handler
 *fill*         0x08001d02        0x2 
 .text.MX_SPI1_Init
                0x08001d04       0x6c ./Application/User/spi.o
                0x08001d04                MX_SPI1_Init
 .text.HAL_SPI_MspInit
                0x08001d70       0x90 ./Application/User/spi.o
                0x08001d70                HAL_SPI_MspInit
 .text.SPI_Read
                0x08001e00       0x60 ./Application/User/spi.o
                0x08001e00                SPI_Read
 .text.Inicializa_Acelerometro
                0x08001e60       0x78 ./Application/User/spi.o
                0x08001e60                Inicializa_Acelerometro
 .text.HAL_MspInit
                0x08001ed8       0x58 ./Application/User/stm32f4xx_hal_msp.o
                0x08001ed8                HAL_MspInit
 .text.HAL_InitTick
                0x08001f30       0xe8 ./Application/User/stm32f4xx_hal_timebase_tim.o
                0x08001f30                HAL_InitTick
 .text.NMI_Handler
                0x08002018        0xe ./Application/User/stm32f4xx_it.o
                0x08002018                NMI_Handler
 .text.HardFault_Handler
                0x08002026        0x8 ./Application/User/stm32f4xx_it.o
                0x08002026                HardFault_Handler
 .text.MemManage_Handler
                0x0800202e        0x8 ./Application/User/stm32f4xx_it.o
                0x0800202e                MemManage_Handler
 .text.BusFault_Handler
                0x08002036        0x8 ./Application/User/stm32f4xx_it.o
                0x08002036                BusFault_Handler
 .text.UsageFault_Handler
                0x0800203e        0x8 ./Application/User/stm32f4xx_it.o
                0x0800203e                UsageFault_Handler
 .text.DebugMon_Handler
                0x08002046        0xe ./Application/User/stm32f4xx_it.o
                0x08002046                DebugMon_Handler
 .text.EXTI0_IRQHandler
                0x08002054        0xe ./Application/User/stm32f4xx_it.o
                0x08002054                EXTI0_IRQHandler
 .text.EXTI3_IRQHandler
                0x08002062        0xe ./Application/User/stm32f4xx_it.o
                0x08002062                EXTI3_IRQHandler
 .text.CAN1_RX0_IRQHandler
                0x08002070       0x14 ./Application/User/stm32f4xx_it.o
                0x08002070                CAN1_RX0_IRQHandler
 .text.TIM1_UP_TIM10_IRQHandler
                0x08002084       0x14 ./Application/User/stm32f4xx_it.o
                0x08002084                TIM1_UP_TIM10_IRQHandler
 .text.I2C2_EV_IRQHandler
                0x08002098       0x14 ./Application/User/stm32f4xx_it.o
                0x08002098                I2C2_EV_IRQHandler
 .text.SystemInit
                0x080020ac       0x6c ./Drivers/CMSIS/system_stm32f4xx.o
                0x080020ac                SystemInit
 .text.HAL_Init
                0x08002118       0x44 ./Drivers/STM32F4xx_HAL_Driver/stm32f4xx_hal.o
                0x08002118                HAL_Init
 .text.HAL_IncTick
                0x0800215c       0x28 ./Drivers/STM32F4xx_HAL_Driver/stm32f4xx_hal.o
                0x0800215c                HAL_IncTick
 .text.HAL_GetTick
                0x08002184       0x18 ./Drivers/STM32F4xx_HAL_Driver/stm32f4xx_hal.o
                0x08002184                HAL_GetTick
 .text.HAL_ADC_Init
                0x0800219c       0x86 ./Drivers/STM32F4xx_HAL_Driver/stm32f4xx_hal_adc.o
                0x0800219c                HAL_ADC_Init
 *fill*         0x08002222        0x2 
 .text.HAL_ADC_ConfigChannel
                0x08002224      0x244 ./Drivers/STM32F4xx_HAL_Driver/stm32f4xx_hal_adc.o
                0x08002224                HAL_ADC_ConfigChannel
 .text.ADC_Init
                0x08002468      0x1f8 ./Drivers/STM32F4xx_HAL_Driver/stm32f4xx_hal_adc.o
 .text.HAL_CAN_Init
                0x08002660      0x1f6 ./Drivers/STM32F4xx_HAL_Driver/stm32f4xx_hal_can.o
                0x08002660                HAL_CAN_Init
 .text.HAL_CAN_IRQHandler
                0x08002856      0x36e ./Drivers/STM32F4xx_HAL_Driver/stm32f4xx_hal_can.o
                0x08002856                HAL_CAN_IRQHandler
 .text.HAL_CAN_TxMailbox0CompleteCallback
                0x08002bc4       0x14 ./Drivers/STM32F4xx_HAL_Driver/stm32f4xx_hal_can.o
                0x08002bc4                HAL_CAN_TxMailbox0CompleteCallback
 .text.HAL_CAN_TxMailbox1CompleteCallback
                0x08002bd8       0x14 ./Drivers/STM32F4xx_HAL_Driver/stm32f4xx_hal_can.o
                0x08002bd8                HAL_CAN_TxMailbox1CompleteCallback
 .text.HAL_CAN_TxMailbox2CompleteCallback
                0x08002bec       0x14 ./Drivers/STM32F4xx_HAL_Driver/stm32f4xx_hal_can.o
                0x08002bec                HAL_CAN_TxMailbox2CompleteCallback
 .text.HAL_CAN_TxMailbox0AbortCallback
                0x08002c00       0x14 ./Drivers/STM32F4xx_HAL_Driver/stm32f4xx_hal_can.o
                0x08002c00                HAL_CAN_TxMailbox0AbortCallback
 .text.HAL_CAN_TxMailbox1AbortCallback
                0x08002c14       0x14 ./Drivers/STM32F4xx_HAL_Driver/stm32f4xx_hal_can.o
                0x08002c14                HAL_CAN_TxMailbox1AbortCallback
 .text.HAL_CAN_TxMailbox2AbortCallback
                0x08002c28       0x14 ./Drivers/STM32F4xx_HAL_Driver/stm32f4xx_hal_can.o
                0x08002c28                HAL_CAN_TxMailbox2AbortCallback
 .text.HAL_CAN_RxFifo0MsgPendingCallback
                0x08002c3c       0x14 ./Drivers/STM32F4xx_HAL_Driver/stm32f4xx_hal_can.o
                0x08002c3c                HAL_CAN_RxFifo0MsgPendingCallback
 .text.HAL_CAN_RxFifo0FullCallback
                0x08002c50       0x14 ./Drivers/STM32F4xx_HAL_Driver/stm32f4xx_hal_can.o
                0x08002c50                HAL_CAN_RxFifo0FullCallback
 .text.HAL_CAN_RxFifo1MsgPendingCallback
                0x08002c64       0x14 ./Drivers/STM32F4xx_HAL_Driver/stm32f4xx_hal_can.o
                0x08002c64                HAL_CAN_RxFifo1MsgPendingCallback
 .text.HAL_CAN_RxFifo1FullCallback
                0x08002c78       0x14 ./Drivers/STM32F4xx_HAL_Driver/stm32f4xx_hal_can.o
                0x08002c78                HAL_CAN_RxFifo1FullCallback
 .text.HAL_CAN_SleepCallback
                0x08002c8c       0x14 ./Drivers/STM32F4xx_HAL_Driver/stm32f4xx_hal_can.o
                0x08002c8c                HAL_CAN_SleepCallback
 .text.HAL_CAN_WakeUpFromRxMsgCallback
                0x08002ca0       0x14 ./Drivers/STM32F4xx_HAL_Driver/stm32f4xx_hal_can.o
                0x08002ca0                HAL_CAN_WakeUpFromRxMsgCallback
 .text.HAL_CAN_ErrorCallback
                0x08002cb4       0x14 ./Drivers/STM32F4xx_HAL_Driver/stm32f4xx_hal_can.o
                0x08002cb4                HAL_CAN_ErrorCallback
 .text.__NVIC_SetPriorityGrouping
                0x08002cc8       0x48 ./Drivers/STM32F4xx_HAL_Driver/stm32f4xx_hal_cortex.o
 .text.__NVIC_GetPriorityGrouping
                0x08002d10       0x1c ./Drivers/STM32F4xx_HAL_Driver/stm32f4xx_hal_cortex.o
 .text.__NVIC_EnableIRQ
                0x08002d2c       0x3c ./Drivers/STM32F4xx_HAL_Driver/stm32f4xx_hal_cortex.o
 .text.__NVIC_SetPriority
                0x08002d68       0x54 ./Drivers/STM32F4xx_HAL_Driver/stm32f4xx_hal_cortex.o
 .text.NVIC_EncodePriority
                0x08002dbc       0x66 ./Drivers/STM32F4xx_HAL_Driver/stm32f4xx_hal_cortex.o
 .text.HAL_NVIC_SetPriorityGrouping
                0x08002e22       0x16 ./Drivers/STM32F4xx_HAL_Driver/stm32f4xx_hal_cortex.o
                0x08002e22                HAL_NVIC_SetPriorityGrouping
 .text.HAL_NVIC_SetPriority
                0x08002e38       0x38 ./Drivers/STM32F4xx_HAL_Driver/stm32f4xx_hal_cortex.o
                0x08002e38                HAL_NVIC_SetPriority
 .text.HAL_NVIC_EnableIRQ
                0x08002e70       0x1c ./Drivers/STM32F4xx_HAL_Driver/stm32f4xx_hal_cortex.o
                0x08002e70                HAL_NVIC_EnableIRQ
 .text.HAL_DMA_Abort_IT
                0x08002e8c       0x44 ./Drivers/STM32F4xx_HAL_Driver/stm32f4xx_hal_dma.o
                0x08002e8c                HAL_DMA_Abort_IT
 .text.HAL_DMA_GetState
                0x08002ed0       0x1c ./Drivers/STM32F4xx_HAL_Driver/stm32f4xx_hal_dma.o
                0x08002ed0                HAL_DMA_GetState
 .text.HAL_GPIO_Init
                0x08002eec      0x338 ./Drivers/STM32F4xx_HAL_Driver/stm32f4xx_hal_gpio.o
                0x08002eec                HAL_GPIO_Init
 .text.HAL_GPIO_WritePin
                0x08003224       0x32 ./Drivers/STM32F4xx_HAL_Driver/stm32f4xx_hal_gpio.o
                0x08003224                HAL_GPIO_WritePin
 *fill*         0x08003256        0x2 
 .text.HAL_GPIO_EXTI_IRQHandler
                0x08003258       0x30 ./Drivers/STM32F4xx_HAL_Driver/stm32f4xx_hal_gpio.o
                0x08003258                HAL_GPIO_EXTI_IRQHandler
 .text.HAL_GPIO_EXTI_Callback
                0x08003288       0x16 ./Drivers/STM32F4xx_HAL_Driver/stm32f4xx_hal_gpio.o
                0x08003288                HAL_GPIO_EXTI_Callback
 *fill*         0x0800329e        0x2 
 .text.HAL_I2C_Init
                0x080032a0      0x288 ./Drivers/STM32F4xx_HAL_Driver/stm32f4xx_hal_i2c.o
                0x080032a0                HAL_I2C_Init
 .text.I2C_Flush_DR
                0x08003528       0x2a ./Drivers/STM32F4xx_HAL_Driver/stm32f4xx_hal_i2c.o
 .text.HAL_I2C_EV_IRQHandler
                0x08003552      0x2e2 ./Drivers/STM32F4xx_HAL_Driver/stm32f4xx_hal_i2c.o
                0x08003552                HAL_I2C_EV_IRQHandler
 .text.HAL_I2C_MasterTxCpltCallback
                0x08003834       0x14 ./Drivers/STM32F4xx_HAL_Driver/stm32f4xx_hal_i2c.o
                0x08003834                HAL_I2C_MasterTxCpltCallback
 .text.HAL_I2C_MasterRxCpltCallback
                0x08003848       0x14 ./Drivers/STM32F4xx_HAL_Driver/stm32f4xx_hal_i2c.o
                0x08003848                HAL_I2C_MasterRxCpltCallback
 .text.HAL_I2C_SlaveTxCpltCallback
                0x0800385c       0x14 ./Drivers/STM32F4xx_HAL_Driver/stm32f4xx_hal_i2c.o
                0x0800385c                HAL_I2C_SlaveTxCpltCallback
 .text.HAL_I2C_SlaveRxCpltCallback
                0x08003870       0x14 ./Drivers/STM32F4xx_HAL_Driver/stm32f4xx_hal_i2c.o
                0x08003870                HAL_I2C_SlaveRxCpltCallback
 .text.HAL_I2C_AddrCallback
                0x08003884       0x1c ./Drivers/STM32F4xx_HAL_Driver/stm32f4xx_hal_i2c.o
                0x08003884                HAL_I2C_AddrCallback
 .text.HAL_I2C_ListenCpltCallback
                0x080038a0       0x14 ./Drivers/STM32F4xx_HAL_Driver/stm32f4xx_hal_i2c.o
                0x080038a0                HAL_I2C_ListenCpltCallback
 .text.HAL_I2C_MemTxCpltCallback
                0x080038b4       0x14 ./Drivers/STM32F4xx_HAL_Driver/stm32f4xx_hal_i2c.o
                0x080038b4                HAL_I2C_MemTxCpltCallback
 .text.HAL_I2C_MemRxCpltCallback
                0x080038c8       0x14 ./Drivers/STM32F4xx_HAL_Driver/stm32f4xx_hal_i2c.o
                0x080038c8                HAL_I2C_MemRxCpltCallback
 .text.HAL_I2C_ErrorCallback
                0x080038dc       0x14 ./Drivers/STM32F4xx_HAL_Driver/stm32f4xx_hal_i2c.o
                0x080038dc                HAL_I2C_ErrorCallback
 .text.HAL_I2C_AbortCpltCallback
                0x080038f0       0x14 ./Drivers/STM32F4xx_HAL_Driver/stm32f4xx_hal_i2c.o
                0x080038f0                HAL_I2C_AbortCpltCallback
 .text.I2C_MasterTransmit_TXE
                0x08003904      0x138 ./Drivers/STM32F4xx_HAL_Driver/stm32f4xx_hal_i2c.o
 .text.I2C_MasterTransmit_BTF
                0x08003a3c       0xec ./Drivers/STM32F4xx_HAL_Driver/stm32f4xx_hal_i2c.o
 .text.I2C_MemoryTransmit_TXE_BTF
                0x08003b28      0x130 ./Drivers/STM32F4xx_HAL_Driver/stm32f4xx_hal_i2c.o
 .text.I2C_MasterReceive_RXNE
                0x08003c58      0x190 ./Drivers/STM32F4xx_HAL_Driver/stm32f4xx_hal_i2c.o
 .text.I2C_MasterReceive_BTF
                0x08003de8      0x1e2 ./Drivers/STM32F4xx_HAL_Driver/stm32f4xx_hal_i2c.o
 .text.I2C_Master_SB
                0x08003fca      0x10c ./Drivers/STM32F4xx_HAL_Driver/stm32f4xx_hal_i2c.o
 .text.I2C_Master_ADD10
                0x080040d6       0x54 ./Drivers/STM32F4xx_HAL_Driver/stm32f4xx_hal_i2c.o
 .text.I2C_Master_ADDR
                0x0800412a      0x322 ./Drivers/STM32F4xx_HAL_Driver/stm32f4xx_hal_i2c.o
 .text.I2C_SlaveTransmit_TXE
                0x0800444c       0x7a ./Drivers/STM32F4xx_HAL_Driver/stm32f4xx_hal_i2c.o
 .text.I2C_SlaveTransmit_BTF
                0x080044c6       0x42 ./Drivers/STM32F4xx_HAL_Driver/stm32f4xx_hal_i2c.o
 .text.I2C_SlaveReceive_RXNE
                0x08004508       0x7c ./Drivers/STM32F4xx_HAL_Driver/stm32f4xx_hal_i2c.o
 .text.I2C_SlaveReceive_BTF
                0x08004584       0x44 ./Drivers/STM32F4xx_HAL_Driver/stm32f4xx_hal_i2c.o
 .text.I2C_Slave_ADDR
                0x080045c8       0x94 ./Drivers/STM32F4xx_HAL_Driver/stm32f4xx_hal_i2c.o
 .text.I2C_Slave_STOPF
                0x0800465c      0x260 ./Drivers/STM32F4xx_HAL_Driver/stm32f4xx_hal_i2c.o
 .text.I2C_ITError
                0x080048bc      0x264 ./Drivers/STM32F4xx_HAL_Driver/stm32f4xx_hal_i2c.o
 .text.I2C_DMAAbort
                0x08004b20      0x150 ./Drivers/STM32F4xx_HAL_Driver/stm32f4xx_hal_i2c.o
 .text.I2C_WaitOnSTOPRequestThroughIT
                0x08004c70       0x64 ./Drivers/STM32F4xx_HAL_Driver/stm32f4xx_hal_i2c.o
 .text.I2C_ConvertOtherXferOptions
                0x08004cd4       0x36 ./Drivers/STM32F4xx_HAL_Driver/stm32f4xx_hal_i2c.o
 *fill*         0x08004d0a        0x2 
 .text.HAL_RCC_OscConfig
                0x08004d0c      0x4f0 ./Drivers/STM32F4xx_HAL_Driver/stm32f4xx_hal_rcc.o
                0x08004d0c                HAL_RCC_OscConfig
 .text.HAL_RCC_ClockConfig
                0x080051fc      0x1cc ./Drivers/STM32F4xx_HAL_Driver/stm32f4xx_hal_rcc.o
                0x080051fc                HAL_RCC_ClockConfig
 .text.HAL_RCC_GetSysClockFreq
                0x080053c8      0x20c ./Drivers/STM32F4xx_HAL_Driver/stm32f4xx_hal_rcc.o
                0x080053c8                HAL_RCC_GetSysClockFreq
 .text.HAL_RCC_GetHCLKFreq
                0x080055d4       0x18 ./Drivers/STM32F4xx_HAL_Driver/stm32f4xx_hal_rcc.o
                0x080055d4                HAL_RCC_GetHCLKFreq
 .text.HAL_RCC_GetPCLK1Freq
                0x080055ec       0x28 ./Drivers/STM32F4xx_HAL_Driver/stm32f4xx_hal_rcc.o
                0x080055ec                HAL_RCC_GetPCLK1Freq
 .text.HAL_RCC_GetPCLK2Freq
                0x08005614       0x28 ./Drivers/STM32F4xx_HAL_Driver/stm32f4xx_hal_rcc.o
                0x08005614                HAL_RCC_GetPCLK2Freq
 .text.HAL_RCC_GetClockConfig
                0x0800563c       0x64 ./Drivers/STM32F4xx_HAL_Driver/stm32f4xx_hal_rcc.o
                0x0800563c                HAL_RCC_GetClockConfig
 .text.HAL_SPI_Init
                0x080056a0      0x112 ./Drivers/STM32F4xx_HAL_Driver/stm32f4xx_hal_spi.o
                0x080056a0                HAL_SPI_Init
 .text.HAL_SPI_Transmit
                0x080057b2      0x288 ./Drivers/STM32F4xx_HAL_Driver/stm32f4xx_hal_spi.o
                0x080057b2                HAL_SPI_Transmit
 .text.HAL_SPI_Receive
                0x08005a3a      0x232 ./Drivers/STM32F4xx_HAL_Driver/stm32f4xx_hal_spi.o
                0x08005a3a                HAL_SPI_Receive
 .text.HAL_SPI_TransmitReceive
                0x08005c6c      0x352 ./Drivers/STM32F4xx_HAL_Driver/stm32f4xx_hal_spi.o
                0x08005c6c                HAL_SPI_TransmitReceive
 *fill*         0x08005fbe        0x2 
 .text.SPI_WaitFlagStateUntilTimeout
                0x08005fc0      0x110 ./Drivers/STM32F4xx_HAL_Driver/stm32f4xx_hal_spi.o
 .text.SPI_EndRxTransaction
                0x080060d0       0xca ./Drivers/STM32F4xx_HAL_Driver/stm32f4xx_hal_spi.o
 *fill*         0x0800619a        0x2 
 .text.SPI_EndRxTxTransaction
                0x0800619c       0xa8 ./Drivers/STM32F4xx_HAL_Driver/stm32f4xx_hal_spi.o
 .text.HAL_TIM_Base_Init
                0x08006244       0x9e ./Drivers/STM32F4xx_HAL_Driver/stm32f4xx_hal_tim.o
                0x08006244                HAL_TIM_Base_Init
 .text.HAL_TIM_Base_MspInit
                0x080062e2       0x14 ./Drivers/STM32F4xx_HAL_Driver/stm32f4xx_hal_tim.o
                0x080062e2                HAL_TIM_Base_MspInit
 *fill*         0x080062f6        0x2 
 .text.HAL_TIM_Base_Start_IT
                0x080062f8       0xe0 ./Drivers/STM32F4xx_HAL_Driver/stm32f4xx_hal_tim.o
                0x080062f8                HAL_TIM_Base_Start_IT
 .text.HAL_TIM_IRQHandler
                0x080063d8      0x1e0 ./Drivers/STM32F4xx_HAL_Driver/stm32f4xx_hal_tim.o
                0x080063d8                HAL_TIM_IRQHandler
 .text.HAL_TIM_OC_DelayElapsedCallback
                0x080065b8       0x14 ./Drivers/STM32F4xx_HAL_Driver/stm32f4xx_hal_tim.o
                0x080065b8                HAL_TIM_OC_DelayElapsedCallback
 .text.HAL_TIM_IC_CaptureCallback
                0x080065cc       0x14 ./Drivers/STM32F4xx_HAL_Driver/stm32f4xx_hal_tim.o
                0x080065cc                HAL_TIM_IC_CaptureCallback
 .text.HAL_TIM_PWM_PulseFinishedCallback
                0x080065e0       0x14 ./Drivers/STM32F4xx_HAL_Driver/stm32f4xx_hal_tim.o
                0x080065e0                HAL_TIM_PWM_PulseFinishedCallback
 .text.HAL_TIM_TriggerCallback
                0x080065f4       0x14 ./Drivers/STM32F4xx_HAL_Driver/stm32f4xx_hal_tim.o
                0x080065f4                HAL_TIM_TriggerCallback
 .text.TIM_Base_SetConfig
                0x08006608      0x14c ./Drivers/STM32F4xx_HAL_Driver/stm32f4xx_hal_tim.o
                0x08006608                TIM_Base_SetConfig
 .text.HAL_TIMEx_CommutCallback
                0x08006754       0x14 ./Drivers/STM32F4xx_HAL_Driver/stm32f4xx_hal_tim_ex.o
                0x08006754                HAL_TIMEx_CommutCallback
 .text.HAL_TIMEx_BreakCallback
                0x08006768       0x14 ./Drivers/STM32F4xx_HAL_Driver/stm32f4xx_hal_tim_ex.o
                0x08006768                HAL_TIMEx_BreakCallback
 .text.makeFreeRtosPriority
                0x0800677c       0x30 ./Middlewares/FreeRTOS/cmsis_os.o
 .text.osKernelStart
                0x080067ac        0xe ./Middlewares/FreeRTOS/cmsis_os.o
                0x080067ac                osKernelStart
 .text.osThreadCreate
                0x080067ba       0x98 ./Middlewares/FreeRTOS/cmsis_os.o
                0x080067ba                osThreadCreate
 .text.osDelay  0x08006852       0x28 ./Middlewares/FreeRTOS/cmsis_os.o
                0x08006852                osDelay
 .text.osMutexCreate
                0x0800687a       0x30 ./Middlewares/FreeRTOS/cmsis_os.o
                0x0800687a                osMutexCreate
 .text.osSemaphoreCreate
                0x080068aa       0x64 ./Middlewares/FreeRTOS/cmsis_os.o
                0x080068aa                osSemaphoreCreate
 *fill*         0x0800690e        0x2 
 .text.pvPortMalloc
                0x08006910      0x19c ./Middlewares/FreeRTOS/heap_4.o
                0x08006910                pvPortMalloc
 .text.vPortFree
                0x08006aac       0xc8 ./Middlewares/FreeRTOS/heap_4.o
                0x08006aac                vPortFree
 .text.prvHeapInit
                0x08006b74       0xc4 ./Middlewares/FreeRTOS/heap_4.o
 .text.prvInsertBlockIntoFreeList
                0x08006c38       0xb4 ./Middlewares/FreeRTOS/heap_4.o
 .text.vListInitialise
                0x08006cec       0x40 ./Middlewares/FreeRTOS/list.o
                0x08006cec                vListInitialise
 .text.vListInitialiseItem
                0x08006d2c       0x1a ./Middlewares/FreeRTOS/list.o
                0x08006d2c                vListInitialiseItem
 .text.vListInsertEnd
                0x08006d46       0x48 ./Middlewares/FreeRTOS/list.o
                0x08006d46                vListInsertEnd
 .text.vListInsert
                0x08006d8e       0x72 ./Middlewares/FreeRTOS/list.o
                0x08006d8e                vListInsert
 .text.uxListRemove
                0x08006e00       0x54 ./Middlewares/FreeRTOS/list.o
                0x08006e00                uxListRemove
 .text.pxPortInitialiseStack
                0x08006e54       0x68 ./Middlewares/FreeRTOS/port.o
                0x08006e54                pxPortInitialiseStack
 .text.prvTaskExitError
                0x08006ebc       0x5c ./Middlewares/FreeRTOS/port.o
 *fill*         0x08006f18        0x8 
 .text.SVC_Handler
                0x08006f20       0x28 ./Middlewares/FreeRTOS/port.o
                0x08006f20                SVC_Handler
 .text.prvPortStartFirstTask
                0x08006f48       0x28 ./Middlewares/FreeRTOS/port.o
 .text.xPortStartScheduler
                0x08006f70      0x148 ./Middlewares/FreeRTOS/port.o
                0x08006f70                xPortStartScheduler
 .text.vPortEnterCritical
                0x080070b8       0x64 ./Middlewares/FreeRTOS/port.o
                0x080070b8                vPortEnterCritical
 .text.vPortExitCritical
                0x0800711c       0x54 ./Middlewares/FreeRTOS/port.o
                0x0800711c                vPortExitCritical
 .text.PendSV_Handler
                0x08007170       0x68 ./Middlewares/FreeRTOS/port.o
                0x08007170                PendSV_Handler
 .text.SysTick_Handler
                0x080071d8       0x44 ./Middlewares/FreeRTOS/port.o
                0x080071d8                SysTick_Handler
 .text.vPortSetupTimerInterrupt
                0x0800721c       0x48 ./Middlewares/FreeRTOS/port.o
                0x0800721c                vPortSetupTimerInterrupt
 .text.vPortEnableVFP
                0x08007264       0x14 ./Middlewares/FreeRTOS/port.o
 .text.xQueueGenericReset
                0x08007278       0xd4 ./Middlewares/FreeRTOS/queue.o
                0x08007278                xQueueGenericReset
 .text.xQueueGenericCreateStatic
                0x0800734c       0xfa ./Middlewares/FreeRTOS/queue.o
                0x0800734c                xQueueGenericCreateStatic
 .text.xQueueGenericCreate
                0x08007446       0x76 ./Middlewares/FreeRTOS/queue.o
                0x08007446                xQueueGenericCreate
 .text.prvInitialiseNewQueue
                0x080074bc       0x3e ./Middlewares/FreeRTOS/queue.o
 .text.prvInitialiseMutex
                0x080074fa       0x34 ./Middlewares/FreeRTOS/queue.o
 .text.xQueueCreateMutex
                0x0800752e       0x30 ./Middlewares/FreeRTOS/queue.o
                0x0800752e                xQueueCreateMutex
 .text.xQueueCreateMutexStatic
                0x0800755e       0x36 ./Middlewares/FreeRTOS/queue.o
                0x0800755e                xQueueCreateMutexStatic
 .text.xQueueGenericSend
                0x08007594      0x204 ./Middlewares/FreeRTOS/queue.o
                0x08007594                xQueueGenericSend
 .text.prvCopyDataToQueue
                0x08007798       0xd4 ./Middlewares/FreeRTOS/queue.o
 .text.prvUnlockQueue
                0x0800786c       0xa4 ./Middlewares/FreeRTOS/queue.o
 .text.prvIsQueueFull
                0x08007910       0x30 ./Middlewares/FreeRTOS/queue.o
 .text.xTaskCreateStatic
                0x08007940       0xc0 ./Middlewares/FreeRTOS/tasks.o
                0x08007940                xTaskCreateStatic
 .text.xTaskCreate
                0x08007a00       0x8a ./Middlewares/FreeRTOS/tasks.o
                0x08007a00                xTaskCreate
 .text.prvInitialiseNewTask
                0x08007a8a      0x110 ./Middlewares/FreeRTOS/tasks.o
 *fill*         0x08007b9a        0x2 
 .text.prvAddNewTaskToReadyList
                0x08007b9c       0xd4 ./Middlewares/FreeRTOS/tasks.o
 .text.vTaskDelayUntil
                0x08007c70      0x100 ./Middlewares/FreeRTOS/tasks.o
                0x08007c70                vTaskDelayUntil
 .text.vTaskDelay
                0x08007d70       0x6c ./Middlewares/FreeRTOS/tasks.o
                0x08007d70                vTaskDelay
 .text.vTaskStartScheduler
                0x08007ddc       0xc4 ./Middlewares/FreeRTOS/tasks.o
                0x08007ddc                vTaskStartScheduler
 .text.vTaskSuspendAll
                0x08007ea0       0x1c ./Middlewares/FreeRTOS/tasks.o
                0x08007ea0                vTaskSuspendAll
 .text.xTaskResumeAll
                0x08007ebc      0x13c ./Middlewares/FreeRTOS/tasks.o
                0x08007ebc                xTaskResumeAll
 .text.xTaskGetTickCount
                0x08007ff8       0x20 ./Middlewares/FreeRTOS/tasks.o
                0x08007ff8                xTaskGetTickCount
 .text.xTaskIncrementTick
                0x08008018      0x174 ./Middlewares/FreeRTOS/tasks.o
                0x08008018                xTaskIncrementTick
 .text.vTaskSwitchContext
                0x0800818c       0xb8 ./Middlewares/FreeRTOS/tasks.o
                0x0800818c                vTaskSwitchContext
 .text.vTaskPlaceOnEventList
                0x08008244       0x4c ./Middlewares/FreeRTOS/tasks.o
                0x08008244                vTaskPlaceOnEventList
 .text.xTaskRemoveFromEventList
                0x08008290       0xc8 ./Middlewares/FreeRTOS/tasks.o
                0x08008290                xTaskRemoveFromEventList
 .text.vTaskInternalSetTimeOutState
                0x08008358       0x2c ./Middlewares/FreeRTOS/tasks.o
                0x08008358                vTaskInternalSetTimeOutState
 .text.xTaskCheckForTimeOut
                0x08008384       0xc8 ./Middlewares/FreeRTOS/tasks.o
                0x08008384                xTaskCheckForTimeOut
 .text.vTaskMissedYield
                0x0800844c       0x18 ./Middlewares/FreeRTOS/tasks.o
                0x0800844c                vTaskMissedYield
 .text.prvIdleTask
                0x08008464       0x30 ./Middlewares/FreeRTOS/tasks.o
 .text.prvInitialiseTaskLists
                0x08008494       0x80 ./Middlewares/FreeRTOS/tasks.o
 .text.prvCheckTasksWaitingTermination
                0x08008514       0x5c ./Middlewares/FreeRTOS/tasks.o
 .text.prvDeleteTCB
                0x08008570       0x60 ./Middlewares/FreeRTOS/tasks.o
 .text.prvResetNextTaskUnblockTime
                0x080085d0       0x40 ./Middlewares/FreeRTOS/tasks.o
 .text.xTaskGetSchedulerState
                0x08008610       0x3c ./Middlewares/FreeRTOS/tasks.o
                0x08008610                xTaskGetSchedulerState
 .text.xTaskPriorityDisinherit
                0x0800864c      0x110 ./Middlewares/FreeRTOS/tasks.o
                0x0800864c                xTaskPriorityDisinherit
 .text.prvAddCurrentTaskToDelayedList
                0x0800875c       0xcc ./Middlewares/FreeRTOS/tasks.o
 .text.memset   0x08008828       0x10 C:/ST/STM32CubeIDE_2.0.0/STM32CubeIDE/plugins/com.st.stm32cube.ide.mcu.externaltools.gnu-tools-for-stm32.13.3.rel1.win32_1.0.100.202509120712/tools/bin/../lib/gcc/arm-none-eabi/13.3.1/../../../../arm-none-eabi/lib/thumb/v7e-m+fp/hard\libc_nano.a(libc_a-memset.o)
                0x08008828                memset
 .text.__errno  0x08008838        0xc C:/ST/STM32CubeIDE_2.0.0/STM32CubeIDE/plugins/com.st.stm32cube.ide.mcu.externaltools.gnu-tools-for-stm32.13.3.rel1.win32_1.0.100.202509120712/tools/bin/../lib/gcc/arm-none-eabi/13.3.1/../../../../arm-none-eabi/lib/thumb/v7e-m+fp/hard\libc_nano.a(libc_a-errno.o)
                0x08008838                __errno
 .text.__libc_init_array
                0x08008844       0x48 C:/ST/STM32CubeIDE_2.0.0/STM32CubeIDE/plugins/com.st.stm32cube.ide.mcu.externaltools.gnu-tools-for-stm32.13.3.rel1.win32_1.0.100.202509120712/tools/bin/../lib/gcc/arm-none-eabi/13.3.1/../../../../arm-none-eabi/lib/thumb/v7e-m+fp/hard\libc_nano.a(libc_a-init.o)
                0x08008844                __libc_init_array
 .text.memcpy   0x0800888c       0x1c C:/ST/STM32CubeIDE_2.0.0/STM32CubeIDE/plugins/com.st.stm32cube.ide.mcu.externaltools.gnu-tools-for-stm32.13.3.rel1.win32_1.0.100.202509120712/tools/bin/../lib/gcc/arm-none-eabi/13.3.1/../../../../arm-none-eabi/lib/thumb/v7e-m+fp/hard\libc_nano.a(libc_a-memcpy-stub.o)
                0x0800888c                memcpy
 .text.atan2    0x080088a8        0x4 C:/ST/STM32CubeIDE_2.0.0/STM32CubeIDE/plugins/com.st.stm32cube.ide.mcu.externaltools.gnu-tools-for-stm32.13.3.rel1.win32_1.0.100.202509120712/tools/bin/../lib/gcc/arm-none-eabi/13.3.1/../../../../arm-none-eabi/lib/thumb/v7e-m+fp/hard\libm.a(libm_a-w_atan2.o)
                0x080088a8                atan2
 .text.sqrt     0x080088ac       0x58 C:/ST/STM32CubeIDE_2.0.0/STM32CubeIDE/plugins/com.st.stm32cube.ide.mcu.externaltools.gnu-tools-for-stm32.13.3.rel1.win32_1.0.100.202509120712/tools/bin/../lib/gcc/arm-none-eabi/13.3.1/../../../../arm-none-eabi/lib/thumb/v7e-m+fp/hard\libm.a(libm_a-w_sqrt.o)
                0x080088ac                sqrt
 .text.__ieee754_sqrt
                0x08008904      0x1ac C:/ST/STM32CubeIDE_2.0.0/STM32CubeIDE/plugins/com.st.stm32cube.ide.mcu.externaltools.gnu-tools-for-stm32.13.3.rel1.win32_1.0.100.202509120712/tools/bin/../lib/gcc/arm-none-eabi/13.3.1/../../../../arm-none-eabi/lib/thumb/v7e-m+fp/hard\libm.a(libm_a-e_sqrt.o)
                0x08008904                __ieee754_sqrt
 .text.__ieee754_atan2
                0x08008ab0      0x18c C:/ST/STM32CubeIDE_2.0.0/STM32CubeIDE/plugins/com.st.stm32cube.ide.mcu.externaltools.gnu-tools-for-stm32.13.3.rel1.win32_1.0.100.202509120712/tools/bin/../lib/gcc/arm-none-eabi/13.3.1/../../../../arm-none-eabi/lib/thumb/v7e-m+fp/hard\libm.a(libm_a-e_atan2.o)
                0x08008ab0                __ieee754_atan2
 *fill*         0x08008c3c        0x4 
 .text.atan     0x08008c40      0x330 C:/ST/STM32CubeIDE_2.0.0/STM32CubeIDE/plugins/com.st.stm32cube.ide.mcu.externaltools.gnu-tools-for-stm32.13.3.rel1.win32_1.0.100.202509120712/tools/bin/../lib/gcc/arm-none-eabi/13.3.1/../../../../arm-none-eabi/lib/thumb/v7e-m+fp/hard\libm.a(libm_a-s_atan.o)
                0x08008c40                atan
 .text.fabs     0x08008f70       0x10 C:/ST/STM32CubeIDE_2.0.0/STM32CubeIDE/plugins/com.st.stm32cube.ide.mcu.externaltools.gnu-tools-for-stm32.13.3.rel1.win32_1.0.100.202509120712/tools/bin/../lib/gcc/arm-none-eabi/13.3.1/../../../../arm-none-eabi/lib/thumb/v7e-m+fp/hard\libm.a(libm_a-s_fabs.o)
                0x08008f70                fabs
 *(.glue_7)
 .glue_7        0x08008f80        0x0 linker stubs
 *(.glue_7t)
 .glue_7t       0x08008f80        0x0 linker stubs
 *(.eh_frame)
 .eh_frame      0x08008f80        0x0 C:/ST/STM32CubeIDE_2.0.0/STM32CubeIDE/plugins/com.st.stm32cube.ide.mcu.externaltools.gnu-tools-for-stm32.13.3.rel1.win32_1.0.100.202509120712/tools/bin/../lib/gcc/arm-none-eabi/13.3.1/thumb/v7e-m+fp/hard/crtbegin.o
 *(.init)
 .init          0x08008f80        0x4 C:/ST/STM32CubeIDE_2.0.0/STM32CubeIDE/plugins/com.st.stm32cube.ide.mcu.externaltools.gnu-tools-for-stm32.13.3.rel1.win32_1.0.100.202509120712/tools/bin/../lib/gcc/arm-none-eabi/13.3.1/thumb/v7e-m+fp/hard/crti.o
                0x08008f80                _init
 .init          0x08008f84        0x8 C:/ST/STM32CubeIDE_2.0.0/STM32CubeIDE/plugins/com.st.stm32cube.ide.mcu.externaltools.gnu-tools-for-stm32.13.3.rel1.win32_1.0.100.202509120712/tools/bin/../lib/gcc/arm-none-eabi/13.3.1/thumb/v7e-m+fp/hard/crtn.o
 *(.fini)
 .fini          0x08008f8c        0x4 C:/ST/STM32CubeIDE_2.0.0/STM32CubeIDE/plugins/com.st.stm32cube.ide.mcu.externaltools.gnu-tools-for-stm32.13.3.rel1.win32_1.0.100.202509120712/tools/bin/../lib/gcc/arm-none-eabi/13.3.1/thumb/v7e-m+fp/hard/crti.o
                0x08008f8c                _fini
 .fini          0x08008f90        0x8 C:/ST/STM32CubeIDE_2.0.0/STM32CubeIDE/plugins/com.st.stm32cube.ide.mcu.externaltools.gnu-tools-for-stm32.13.3.rel1.win32_1.0.100.202509120712/tools/bin/../lib/gcc/arm-none-eabi/13.3.1/thumb/v7e-m+fp/hard/crtn.o
                0x08008f98                        . = ALIGN (0x4)
                0x08008f98                        _etext = .

.vfp11_veneer   0x08008f98        0x0
 .vfp11_veneer  0x08008f98        0x0 linker stubs

.v4_bx          0x08008f98        0x0
 .v4_bx         0x08008f98        0x0 linker stubs

.iplt           0x08008f98        0x0
 .iplt          0x08008f98        0x0 C:/ST/STM32CubeIDE_2.0.0/STM32CubeIDE/plugins/com.st.stm32cube.ide.mcu.externaltools.gnu-tools-for-stm32.13.3.rel1.win32_1.0.100.202509120712/tools/bin/../lib/gcc/arm-none-eabi/13.3.1/thumb/v7e-m+fp/hard/crtbegin.o

.rodata         0x08008f98      0x168
                0x08008f98                        . = ALIGN (0x4)
 *(.rodata)
 .rodata        0x08008f98       0xc4 ./Application/User/freertos.o
 .rodata        0x0800905c        0x5 ./Middlewares/FreeRTOS/tasks.o
 *(.rodata*)
 *fill*         0x08009061        0x3 
 .rodata.AHBPrescTable
                0x08009064       0x10 ./Drivers/CMSIS/system_stm32f4xx.o
                0x08009064                AHBPrescTable
 .rodata.APBPrescTable
                0x08009074        0x8 ./Drivers/CMSIS/system_stm32f4xx.o
                0x08009074                APBPrescTable
 *fill*         0x0800907c        0x4 
 .rodata.tiny   0x08009080        0x8 C:/ST/STM32CubeIDE_2.0.0/STM32CubeIDE/plugins/com.st.stm32cube.ide.mcu.externaltools.gnu-tools-for-stm32.13.3.rel1.win32_1.0.100.202509120712/tools/bin/../lib/gcc/arm-none-eabi/13.3.1/../../../../arm-none-eabi/lib/thumb/v7e-m+fp/hard\libm.a(libm_a-e_sqrt.o)
 .rodata.one    0x08009088        0x8 C:/ST/STM32CubeIDE_2.0.0/STM32CubeIDE/plugins/com.st.stm32cube.ide.mcu.externaltools.gnu-tools-for-stm32.13.3.rel1.win32_1.0.100.202509120712/tools/bin/../lib/gcc/arm-none-eabi/13.3.1/../../../../arm-none-eabi/lib/thumb/v7e-m+fp/hard\libm.a(libm_a-e_sqrt.o)
 .rodata.CSWTCH.9
                0x08009090       0x18 C:/ST/STM32CubeIDE_2.0.0/STM32CubeIDE/plugins/com.st.stm32cube.ide.mcu.externaltools.gnu-tools-for-stm32.13.3.rel1.win32_1.0.100.202509120712/tools/bin/../lib/gcc/arm-none-eabi/13.3.1/../../../../arm-none-eabi/lib/thumb/v7e-m+fp/hard\libm.a(libm_a-e_atan2.o)
 .rodata.CSWTCH.8
                0x080090a8       0x18 C:/ST/STM32CubeIDE_2.0.0/STM32CubeIDE/plugins/com.st.stm32cube.ide.mcu.externaltools.gnu-tools-for-stm32.13.3.rel1.win32_1.0.100.202509120712/tools/bin/../lib/gcc/arm-none-eabi/13.3.1/../../../../arm-none-eabi/lib/thumb/v7e-m+fp/hard\libm.a(libm_a-e_atan2.o)
 .rodata.atanlo
                0x080090c0       0x20 C:/ST/STM32CubeIDE_2.0.0/STM32CubeIDE/plugins/com.st.stm32cube.ide.mcu.externaltools.gnu-tools-for-stm32.13.3.rel1.win32_1.0.100.202509120712/tools/bin/../lib/gcc/arm-none-eabi/13.3.1/../../../../arm-none-eabi/lib/thumb/v7e-m+fp/hard\libm.a(libm_a-s_atan.o)
 .rodata.atanhi
                0x080090e0       0x20 C:/ST/STM32CubeIDE_2.0.0/STM32CubeIDE/plugins/com.st.stm32cube.ide.mcu.externaltools.gnu-tools-for-stm32.13.3.rel1.win32_1.0.100.202509120712/tools/bin/../lib/gcc/arm-none-eabi/13.3.1/../../../../arm-none-eabi/lib/thumb/v7e-m+fp/hard\libm.a(libm_a-s_atan.o)
                0x08009100                        . = ALIGN (0x4)

.ARM.extab      0x08009100        0x0
                0x08009100                        . = ALIGN (0x4)
 *(.ARM.extab* .gnu.linkonce.armextab.*)
                0x08009100                        . = ALIGN (0x4)

.ARM            0x08009100        0x8
                0x08009100                        . = ALIGN (0x4)
                0x08009100                        __exidx_start = .
 *(.ARM.exidx*)
 .ARM.exidx     0x08009100        0x8 C:/ST/STM32CubeIDE_2.0.0/STM32CubeIDE/plugins/com.st.stm32cube.ide.mcu.externaltools.gnu-tools-for-stm32.13.3.rel1.win32_1.0.100.202509120712/tools/bin/../lib/gcc/arm-none-eabi/13.3.1/thumb/v7e-m+fp/hard\libgcc.a(_udivmoddi4.o)
                0x08009108                        __exidx_end = .
                0x08009108                        . = ALIGN (0x4)

.preinit_array  0x08009108        0x0
                0x08009108                        . = ALIGN (0x4)
                0x08009108                        PROVIDE (__preinit_array_start = .)
 *(.preinit_array*)
                0x08009108                        PROVIDE (__preinit_array_end = .)
                0x08009108                        . = ALIGN (0x4)

.init_array     0x08009108        0x4
                0x08009108                        . = ALIGN (0x4)
                0x08009108                        PROVIDE (__init_array_start = .)
 *(SORT_BY_NAME(.init_array.*))
 *(.init_array*)
 .init_array    0x08009108        0x4 C:/ST/STM32CubeIDE_2.0.0/STM32CubeIDE/plugins/com.st.stm32cube.ide.mcu.externaltools.gnu-tools-for-stm32.13.3.rel1.win32_1.0.100.202509120712/tools/bin/../lib/gcc/arm-none-eabi/13.3.1/thumb/v7e-m+fp/hard/crtbegin.o
                0x0800910c                        PROVIDE (__init_array_end = .)
                0x0800910c                        . = ALIGN (0x4)

.fini_array     0x0800910c        0x4
                0x0800910c                        . = ALIGN (0x4)
                [!provide]                        PROVIDE (__fini_array_start = .)
 *(SORT_BY_NAME(.fini_array.*))
 *(.fini_array*)
 .fini_array    0x0800910c        0x4 C:/ST/STM32CubeIDE_2.0.0/STM32CubeIDE/plugins/com.st.stm32cube.ide.mcu.externaltools.gnu-tools-for-stm32.13.3.rel1.win32_1.0.100.202509120712/tools/bin/../lib/gcc/arm-none-eabi/13.3.1/thumb/v7e-m+fp/hard/crtbegin.o
                [!provide]                        PROVIDE (__fini_array_end = .)
                0x08009110                        . = ALIGN (0x4)
                0x08009110                        _sidata = LOADADDR (.data)

.rel.dyn        0x08009110        0x0
 .rel.iplt      0x08009110        0x0 C:/ST/STM32CubeIDE_2.0.0/STM32CubeIDE/plugins/com.st.stm32cube.ide.mcu.externaltools.gnu-tools-for-stm32.13.3.rel1.win32_1.0.100.202509120712/tools/bin/../lib/gcc/arm-none-eabi/13.3.1/thumb/v7e-m+fp/hard/crtbegin.o

.data           0x20000000       0x60 load address 0x08009110
                0x20000000                        . = ALIGN (0x4)
                0x20000000                        _sdata = .
 *(.data)
 *(.data*)
 .data.SystemCoreClock
                0x20000000        0x4 ./Drivers/CMSIS/system_stm32f4xx.o
                0x20000000                SystemCoreClock
 .data.uwTickPrio
                0x20000004        0x4 ./Drivers/STM32F4xx_HAL_Driver/stm32f4xx_hal.o
                0x20000004                uwTickPrio
 .data.uwTickFreq
                0x20000008        0x1 ./Drivers/STM32F4xx_HAL_Driver/stm32f4xx_hal.o
                0x20000008                uwTickFreq
 *fill*         0x20000009        0x3 
 .data.uxCriticalNesting
                0x2000000c        0x4 ./Middlewares/FreeRTOS/port.o
 .data._impure_ptr
                0x20000010        0x4 C:/ST/STM32CubeIDE_2.0.0/STM32CubeIDE/plugins/com.st.stm32cube.ide.mcu.externaltools.gnu-tools-for-stm32.13.3.rel1.win32_1.0.100.202509120712/tools/bin/../lib/gcc/arm-none-eabi/13.3.1/../../../../arm-none-eabi/lib/thumb/v7e-m+fp/hard\libc_nano.a(libc_a-impure.o)
                0x20000010                _impure_ptr
 .data._impure_data
                0x20000014       0x4c C:/ST/STM32CubeIDE_2.0.0/STM32CubeIDE/plugins/com.st.stm32cube.ide.mcu.externaltools.gnu-tools-for-stm32.13.3.rel1.win32_1.0.100.202509120712/tools/bin/../lib/gcc/arm-none-eabi/13.3.1/../../../../arm-none-eabi/lib/thumb/v7e-m+fp/hard\libc_nano.a(libc_a-impure.o)
                0x20000014                _impure_data
 *(.RamFunc)
 *(.RamFunc*)
                0x20000060                        . = ALIGN (0x4)
                0x20000060                        _edata = .
                0x08009170                        _siccmram = LOADADDR (.ccmram)

.igot.plt       0x20000060        0x0 load address 0x08009170
 .igot.plt      0x20000060        0x0 C:/ST/STM32CubeIDE_2.0.0/STM32CubeIDE/plugins/com.st.stm32cube.ide.mcu.externaltools.gnu-tools-for-stm32.13.3.rel1.win32_1.0.100.202509120712/tools/bin/../lib/gcc/arm-none-eabi/13.3.1/thumb/v7e-m+fp/hard/crtbegin.o

.ccmram         0x10000000        0x0 load address 0x08009170
                0x10000000                        . = ALIGN (0x4)
                0x10000000                        _sccmram = .
 *(.ccmram)
 *(.ccmram*)
                0x10000000                        . = ALIGN (0x4)
                0x10000000                        _eccmram = .
                0x10000000                        . = ALIGN (0x4)

.bss            0x20000060     0x4348
                0x20000060                        _sbss = .
                0x20000060                        __bss_start__ = _sbss
 *(.bss)
 .bss           0x20000060       0x1c C:/ST/STM32CubeIDE_2.0.0/STM32CubeIDE/plugins/com.st.stm32cube.ide.mcu.externaltools.gnu-tools-for-stm32.13.3.rel1.win32_1.0.100.202509120712/tools/bin/../lib/gcc/arm-none-eabi/13.3.1/thumb/v7e-m+fp/hard/crtbegin.o
 *(.bss*)
 .bss.hadc1     0x2000007c       0x48 ./Application/User/adc.o
                0x2000007c                hadc1
 .bss.hadc2     0x200000c4       0x48 ./Application/User/adc.o
                0x200000c4                hadc2
 .bss.hadc3     0x2000010c       0x48 ./Application/User/adc.o
                0x2000010c                hadc3
 .bss.hcan1     0x20000154       0x28 ./Application/User/can.o
                0x20000154                hcan1
 *fill*         0x2000017c        0x4 
 .bss.RX        0x20000180        0x8 ./Application/User/freertos.o
                0x20000180                RX
 .bss.RY        0x20000188        0x8 ./Application/User/freertos.o
                0x20000188                RY
 .bss.X         0x20000190        0x8 ./Application/User/freertos.o
                0x20000190                X
 .bss.Y         0x20000198        0x8 ./Application/User/freertos.o
                0x20000198                Y
 .bss.Z         0x200001a0        0x8 ./Application/User/freertos.o
                0x200001a0                Z
 .bss.ContTarea1
                0x200001a8        0x4 ./Application/User/freertos.o
                0x200001a8                ContTarea1
 .bss.Tarea1Handle
                0x200001ac        0x4 ./Application/User/freertos.o
                0x200001ac                Tarea1Handle
 .bss.myTask02Handle
                0x200001b0        0x4 ./Application/User/freertos.o
                0x200001b0                myTask02Handle
 .bss.myTask03Handle
                0x200001b4        0x4 ./Application/User/freertos.o
                0x200001b4                myTask03Handle
 .bss.myTask04Handle
                0x200001b8        0x4 ./Application/User/freertos.o
                0x200001b8                myTask04Handle
 .bss.myTask05Handle
                0x200001bc        0x4 ./Application/User/freertos.o
                0x200001bc                myTask05Handle
 .bss.mutex1Handle
                0x200001c0        0x4 ./Application/User/freertos.o
                0x200001c0                mutex1Handle
 .bss.Semaforo_1Handle
                0x200001c4        0x4 ./Application/User/freertos.o
                0x200001c4                Semaforo_1Handle
 .bss.xIdleTaskTCBBuffer
                0x200001c8       0x54 ./Application/User/freertos.o
 .bss.xIdleStack
                0x2000021c      0x200 ./Application/User/freertos.o
 .bss.hi2c2     0x2000041c       0x54 ./Application/User/i2c.o
                0x2000041c                hi2c2
 .bss.hspi1     0x20000470       0x58 ./Application/User/spi.o
                0x20000470                hspi1
 .bss.spiTxBuf  0x200004c8        0x2 ./Application/User/spi.o
                0x200004c8                spiTxBuf
 *fill*         0x200004ca        0x2 
 .bss.spiRxBuf  0x200004cc        0x2 ./Application/User/spi.o
                0x200004cc                spiRxBuf
 *fill*         0x200004ce        0x2 
 .bss.htim1     0x200004d0       0x48 ./Application/User/stm32f4xx_hal_timebase_tim.o
                0x200004d0                htim1
 .bss.uwTick    0x20000518        0x4 ./Drivers/STM32F4xx_HAL_Driver/stm32f4xx_hal.o
                0x20000518                uwTick
 .bss.ucHeap    0x2000051c     0x3c00 ./Middlewares/FreeRTOS/heap_4.o
 .bss.xStart    0x2000411c        0x8 ./Middlewares/FreeRTOS/heap_4.o
 .bss.pxEnd     0x20004124        0x4 ./Middlewares/FreeRTOS/heap_4.o
 .bss.xFreeBytesRemaining
                0x20004128        0x4 ./Middlewares/FreeRTOS/heap_4.o
 .bss.xMinimumEverFreeBytesRemaining
                0x2000412c        0x4 ./Middlewares/FreeRTOS/heap_4.o
 .bss.xNumberOfSuccessfulAllocations
                0x20004130        0x4 ./Middlewares/FreeRTOS/heap_4.o
 .bss.xNumberOfSuccessfulFrees
                0x20004134        0x4 ./Middlewares/FreeRTOS/heap_4.o
 .bss.xBlockAllocatedBit
                0x20004138        0x4 ./Middlewares/FreeRTOS/heap_4.o
 .bss.ucMaxSysCallPriority
                0x2000413c        0x1 ./Middlewares/FreeRTOS/port.o
 *fill*         0x2000413d        0x3 
 .bss.ulMaxPRIGROUPValue
                0x20004140        0x4 ./Middlewares/FreeRTOS/port.o
 .bss.pxCurrentTCB
                0x20004144        0x4 ./Middlewares/FreeRTOS/tasks.o
                0x20004144                pxCurrentTCB
 .bss.pxReadyTasksLists
                0x20004148       0x8c ./Middlewares/FreeRTOS/tasks.o
 .bss.xDelayedTaskList1
                0x200041d4       0x14 ./Middlewares/FreeRTOS/tasks.o
 .bss.xDelayedTaskList2
                0x200041e8       0x14 ./Middlewares/FreeRTOS/tasks.o
 .bss.pxDelayedTaskList
                0x200041fc        0x4 ./Middlewares/FreeRTOS/tasks.o
 .bss.pxOverflowDelayedTaskList
                0x20004200        0x4 ./Middlewares/FreeRTOS/tasks.o
 .bss.xPendingReadyList
                0x20004204       0x14 ./Middlewares/FreeRTOS/tasks.o
 .bss.xTasksWaitingTermination
                0x20004218       0x14 ./Middlewares/FreeRTOS/tasks.o
 .bss.uxDeletedTasksWaitingCleanUp
                0x2000422c        0x4 ./Middlewares/FreeRTOS/tasks.o
 .bss.xSuspendedTaskList
                0x20004230       0x14 ./Middlewares/FreeRTOS/tasks.o
 .bss.uxCurrentNumberOfTasks
                0x20004244        0x4 ./Middlewares/FreeRTOS/tasks.o
 .bss.xTickCount
                0x20004248        0x4 ./Middlewares/FreeRTOS/tasks.o
 .bss.uxTopReadyPriority
                0x2000424c        0x4 ./Middlewares/FreeRTOS/tasks.o
 .bss.xSchedulerRunning
                0x20004250        0x4 ./Middlewares/FreeRTOS/tasks.o
 .bss.xPendedTicks
                0x20004254        0x4 ./Middlewares/FreeRTOS/tasks.o
 .bss.xYieldPending
                0x20004258        0x4 ./Middlewares/FreeRTOS/tasks.o
 .bss.xNumOfOverflows
                0x2000425c        0x4 ./Middlewares/FreeRTOS/tasks.o
 .bss.uxTaskNumber
                0x20004260        0x4 ./Middlewares/FreeRTOS/tasks.o
 .bss.xNextTaskUnblockTime
                0x20004264        0x4 ./Middlewares/FreeRTOS/tasks.o
 .bss.xIdleTaskHandle
                0x20004268        0x4 ./Middlewares/FreeRTOS/tasks.o
 .bss.uxSchedulerSuspended
                0x2000426c        0x4 ./Middlewares/FreeRTOS/tasks.o
 .bss.__sf      0x20004270      0x138 C:/ST/STM32CubeIDE_2.0.0/STM32CubeIDE/plugins/com.st.stm32cube.ide.mcu.externaltools.gnu-tools-for-stm32.13.3.rel1.win32_1.0.100.202509120712/tools/bin/../lib/gcc/arm-none-eabi/13.3.1/../../../../arm-none-eabi/lib/thumb/v7e-m+fp/hard\libc_nano.a(libc_a-findfp.o)
                0x20004270                __sf
 *(COMMON)
                0x200043a8                        . = ALIGN (0x4)
                0x200043a8                        _ebss = .
                0x200043a8                        __bss_end__ = _ebss

._user_heap_stack
                0x200043a8      0x600
                0x200043a8                        . = ALIGN (0x8)
                [!provide]                        PROVIDE (end = .)
                0x200043a8                        PROVIDE (_end = .)
                0x200045a8                        . = (. + _Min_Heap_Size)
 *fill*         0x200043a8      0x200 
                0x200049a8                        . = (. + _Min_Stack_Size)
 *fill*         0x200045a8      0x400 
                0x200049a8                        . = ALIGN (0x8)

/DISCARD/
 libc.a(*)
 libm.a(*)
 libgcc.a(*)

.ARM.attributes
                0x00000000       0x30
 *(.ARM.attributes)
 .ARM.attributes
                0x00000000       0x22 C:/ST/STM32CubeIDE_2.0.0/STM32CubeIDE/plugins/com.st.stm32cube.ide.mcu.externaltools.gnu-tools-for-stm32.13.3.rel1.win32_1.0.100.202509120712/tools/bin/../lib/gcc/arm-none-eabi/13.3.1/thumb/v7e-m+fp/hard/crti.o
 .ARM.attributes
                0x00000022       0x34 C:/ST/STM32CubeIDE_2.0.0/STM32CubeIDE/plugins/com.st.stm32cube.ide.mcu.externaltools.gnu-tools-for-stm32.13.3.rel1.win32_1.0.100.202509120712/tools/bin/../lib/gcc/arm-none-eabi/13.3.1/thumb/v7e-m+fp/hard/crtbegin.o
 .ARM.attributes
                0x00000056       0x21 ./Application/Startup/startup_stm32f407vgtx.o
 .ARM.attributes
                0x00000077       0x34 ./Application/User/adc.o
 .ARM.attributes
                0x000000ab       0x34 ./Application/User/can.o
 .ARM.attributes
                0x000000df       0x34 ./Application/User/freertos.o
 .ARM.attributes
                0x00000113       0x34 ./Application/User/gpio.o
 .ARM.attributes
                0x00000147       0x34 ./Application/User/i2c.o
 .ARM.attributes
                0x0000017b       0x34 ./Application/User/main.o
 .ARM.attributes
                0x000001af       0x34 ./Application/User/spi.o
 .ARM.attributes
                0x000001e3       0x34 ./Application/User/stm32f4xx_hal_msp.o
 .ARM.attributes
                0x00000217       0x34 ./Application/User/stm32f4xx_hal_timebase_tim.o
 .ARM.attributes
                0x0000024b       0x34 ./Application/User/stm32f4xx_it.o
 .ARM.attributes
                0x0000027f       0x34 ./Drivers/CMSIS/system_stm32f4xx.o
 .ARM.attributes
                0x000002b3       0x34 ./Drivers/STM32F4xx_HAL_Driver/stm32f4xx_hal.o
 .ARM.attributes
                0x000002e7       0x34 ./Drivers/STM32F4xx_HAL_Driver/stm32f4xx_hal_adc.o
 .ARM.attributes
                0x0000031b       0x34 ./Drivers/STM32F4xx_HAL_Driver/stm32f4xx_hal_can.o
 .ARM.attributes
                0x0000034f       0x34 ./Drivers/STM32F4xx_HAL_Driver/stm32f4xx_hal_cortex.o
 .ARM.attributes
                0x00000383       0x34 ./Drivers/STM32F4xx_HAL_Driver/stm32f4xx_hal_dma.o
 .ARM.attributes
                0x000003b7       0x34 ./Drivers/STM32F4xx_HAL_Driver/stm32f4xx_hal_gpio.o
 .ARM.attributes
                0x000003eb       0x34 ./Drivers/STM32F4xx_HAL_Driver/stm32f4xx_hal_i2c.o
 .ARM.attributes
                0x0000041f       0x34 ./Drivers/STM32F4xx_HAL_Driver/stm32f4xx_hal_rcc.o
 .ARM.attributes
                0x00000453       0x34 ./Drivers/STM32F4xx_HAL_Driver/stm32f4xx_hal_spi.o
 .ARM.attributes
                0x00000487       0x34 ./Drivers/STM32F4xx_HAL_Driver/stm32f4xx_hal_tim.o
 .ARM.attributes
                0x000004bb       0x34 ./Drivers/STM32F4xx_HAL_Driver/stm32f4xx_hal_tim_ex.o
 .ARM.attributes
                0x000004ef       0x34 ./Middlewares/FreeRTOS/cmsis_os.o
 .ARM.attributes
                0x00000523       0x34 ./Middlewares/FreeRTOS/heap_4.o
 .ARM.attributes
                0x00000557       0x34 ./Middlewares/FreeRTOS/list.o
 .ARM.attributes
                0x0000058b       0x34 ./Middlewares/FreeRTOS/port.o
 .ARM.attributes
                0x000005bf       0x34 ./Middlewares/FreeRTOS/queue.o
 .ARM.attributes
                0x000005f3       0x34 ./Middlewares/FreeRTOS/tasks.o
 .ARM.attributes
                0x00000627       0x34 C:/ST/STM32CubeIDE_2.0.0/STM32CubeIDE/plugins/com.st.stm32cube.ide.mcu.externaltools.gnu-tools-for-stm32.13.3.rel1.win32_1.0.100.202509120712/tools/bin/../lib/gcc/arm-none-eabi/13.3.1/../../../../arm-none-eabi/lib/thumb/v7e-m+fp/hard\libc_nano.a(libc_a-findfp.o)
 .ARM.attributes
                0x0000065b       0x34 C:/ST/STM32CubeIDE_2.0.0/STM32CubeIDE/plugins/com.st.stm32cube.ide.mcu.externaltools.gnu-tools-for-stm32.13.3.rel1.win32_1.0.100.202509120712/tools/bin/../lib/gcc/arm-none-eabi/13.3.1/../../../../arm-none-eabi/lib/thumb/v7e-m+fp/hard\libc_nano.a(libc_a-memset.o)
 .ARM.attributes
                0x0000068f       0x34 C:/ST/STM32CubeIDE_2.0.0/STM32CubeIDE/plugins/com.st.stm32cube.ide.mcu.externaltools.gnu-tools-for-stm32.13.3.rel1.win32_1.0.100.202509120712/tools/bin/../lib/gcc/arm-none-eabi/13.3.1/../../../../arm-none-eabi/lib/thumb/v7e-m+fp/hard\libc_nano.a(libc_a-impure.o)
 .ARM.attributes
                0x000006c3       0x34 C:/ST/STM32CubeIDE_2.0.0/STM32CubeIDE/plugins/com.st.stm32cube.ide.mcu.externaltools.gnu-tools-for-stm32.13.3.rel1.win32_1.0.100.202509120712/tools/bin/../lib/gcc/arm-none-eabi/13.3.1/../../../../arm-none-eabi/lib/thumb/v7e-m+fp/hard\libc_nano.a(libc_a-errno.o)
 .ARM.attributes
                0x000006f7       0x34 C:/ST/STM32CubeIDE_2.0.0/STM32CubeIDE/plugins/com.st.stm32cube.ide.mcu.externaltools.gnu-tools-for-stm32.13.3.rel1.win32_1.0.100.202509120712/tools/bin/../lib/gcc/arm-none-eabi/13.3.1/../../../../arm-none-eabi/lib/thumb/v7e-m+fp/hard\libc_nano.a(libc_a-init.o)
 .ARM.attributes
                0x0000072b       0x34 C:/ST/STM32CubeIDE_2.0.0/STM32CubeIDE/plugins/com.st.stm32cube.ide.mcu.externaltools.gnu-tools-for-stm32.13.3.rel1.win32_1.0.100.202509120712/tools/bin/../lib/gcc/arm-none-eabi/13.3.1/../../../../arm-none-eabi/lib/thumb/v7e-m+fp/hard\libc_nano.a(libc_a-memcpy-stub.o)
 .ARM.attributes
                0x0000075f       0x34 C:/ST/STM32CubeIDE_2.0.0/STM32CubeIDE/plugins/com.st.stm32cube.ide.mcu.externaltools.gnu-tools-for-stm32.13.3.rel1.win32_1.0.100.202509120712/tools/bin/../lib/gcc/arm-none-eabi/13.3.1/../../../../arm-none-eabi/lib/thumb/v7e-m+fp/hard\libm.a(libm_a-w_atan2.o)
 .ARM.attributes
                0x00000793       0x34 C:/ST/STM32CubeIDE_2.0.0/STM32CubeIDE/plugins/com.st.stm32cube.ide.mcu.externaltools.gnu-tools-for-stm32.13.3.rel1.win32_1.0.100.202509120712/tools/bin/../lib/gcc/arm-none-eabi/13.3.1/../../../../arm-none-eabi/lib/thumb/v7e-m+fp/hard\libm.a(libm_a-w_sqrt.o)
 .ARM.attributes
                0x000007c7       0x34 C:/ST/STM32CubeIDE_2.0.0/STM32CubeIDE/plugins/com.st.stm32cube.ide.mcu.externaltools.gnu-tools-for-stm32.13.3.rel1.win32_1.0.100.202509120712/tools/bin/../lib/gcc/arm-none-eabi/13.3.1/../../../../arm-none-eabi/lib/thumb/v7e-m+fp/hard\libm.a(libm_a-e_sqrt.o)
 .ARM.attributes
                0x000007fb       0x34 C:/ST/STM32CubeIDE_2.0.0/STM32CubeIDE/plugins/com.st.stm32cube.ide.mcu.externaltools.gnu-tools-for-stm32.13.3.rel1.win32_1.0.100.202509120712/tools/bin/../lib/gcc/arm-none-eabi/13.3.1/../../../../arm-none-eabi/lib/thumb/v7e-m+fp/hard\libm.a(libm_a-e_atan2.o)
 .ARM.attributes
                0x0000082f       0x34 C:/ST/STM32CubeIDE_2.0.0/STM32CubeIDE/plugins/com.st.stm32cube.ide.mcu.externaltools.gnu-tools-for-stm32.13.3.rel1.win32_1.0.100.202509120712/tools/bin/../lib/gcc/arm-none-eabi/13.3.1/../../../../arm-none-eabi/lib/thumb/v7e-m+fp/hard\libm.a(libm_a-s_atan.o)
 .ARM.attributes
                0x00000863       0x34 C:/ST/STM32CubeIDE_2.0.0/STM32CubeIDE/plugins/com.st.stm32cube.ide.mcu.externaltools.gnu-tools-for-stm32.13.3.rel1.win32_1.0.100.202509120712/tools/bin/../lib/gcc/arm-none-eabi/13.3.1/../../../../arm-none-eabi/lib/thumb/v7e-m+fp/hard\libm.a(libm_a-s_fabs.o)
 .ARM.attributes
                0x00000897       0x22 C:/ST/STM32CubeIDE_2.0.0/STM32CubeIDE/plugins/com.st.stm32cube.ide.mcu.externaltools.gnu-tools-for-stm32.13.3.rel1.win32_1.0.100.202509120712/tools/bin/../lib/gcc/arm-none-eabi/13.3.1/thumb/v7e-m+fp/hard\libgcc.a(_arm_addsubdf3.o)
 .ARM.attributes
                0x000008b9       0x22 C:/ST/STM32CubeIDE_2.0.0/STM32CubeIDE/plugins/com.st.stm32cube.ide.mcu.externaltools.gnu-tools-for-stm32.13.3.rel1.win32_1.0.100.202509120712/tools/bin/../lib/gcc/arm-none-eabi/13.3.1/thumb/v7e-m+fp/hard\libgcc.a(_arm_muldivdf3.o)
 .ARM.attributes
                0x000008db       0x22 C:/ST/STM32CubeIDE_2.0.0/STM32CubeIDE/plugins/com.st.stm32cube.ide.mcu.externaltools.gnu-tools-for-stm32.13.3.rel1.win32_1.0.100.202509120712/tools/bin/../lib/gcc/arm-none-eabi/13.3.1/thumb/v7e-m+fp/hard\libgcc.a(_arm_cmpdf2.o)
 .ARM.attributes
                0x000008fd       0x22 C:/ST/STM32CubeIDE_2.0.0/STM32CubeIDE/plugins/com.st.stm32cube.ide.mcu.externaltools.gnu-tools-for-stm32.13.3.rel1.win32_1.0.100.202509120712/tools/bin/../lib/gcc/arm-none-eabi/13.3.1/thumb/v7e-m+fp/hard\libgcc.a(_arm_unorddf2.o)
 .ARM.attributes
                0x0000091f       0x22 C:/ST/STM32CubeIDE_2.0.0/STM32CubeIDE/plugins/com.st.stm32cube.ide.mcu.externaltools.gnu-tools-for-stm32.13.3.rel1.win32_1.0.100.202509120712/tools/bin/../lib/gcc/arm-none-eabi/13.3.1/thumb/v7e-m+fp/hard\libgcc.a(_aeabi_uldivmod.o)
 .ARM.attributes
                0x00000941       0x34 C:/ST/STM32CubeIDE_2.0.0/STM32CubeIDE/plugins/com.st.stm32cube.ide.mcu.externaltools.gnu-tools-for-stm32.13.3.rel1.win32_1.0.100.202509120712/tools/bin/../lib/gcc/arm-none-eabi/13.3.1/thumb/v7e-m+fp/hard\libgcc.a(_udivmoddi4.o)
 .ARM.attributes
                0x00000975       0x22 C:/ST/STM32CubeIDE_2.0.0/STM32CubeIDE/plugins/com.st.stm32cube.ide.mcu.externaltools.gnu-tools-for-stm32.13.3.rel1.win32_1.0.100.202509120712/tools/bin/../lib/gcc/arm-none-eabi/13.3.1/thumb/v7e-m+fp/hard\libgcc.a(_dvmd_tls.o)
 .ARM.attributes
                0x00000997       0x22 C:/ST/STM32CubeIDE_2.0.0/STM32CubeIDE/plugins/com.st.stm32cube.ide.mcu.externaltools.gnu-tools-for-stm32.13.3.rel1.win32_1.0.100.202509120712/tools/bin/../lib/gcc/arm-none-eabi/13.3.1/thumb/v7e-m+fp/hard/crtn.o
OUTPUT(P3CAN.elf elf32-littlearm)
LOAD linker stubs
LOAD C:/ST/STM32CubeIDE_2.0.0/STM32CubeIDE/plugins/com.st.stm32cube.ide.mcu.externaltools.gnu-tools-for-stm32.13.3.rel1.win32_1.0.100.202509120712/tools/bin/../lib/gcc/arm-none-eabi/13.3.1/../../../../arm-none-eabi/lib/thumb/v7e-m+fp/hard\libc.a
LOAD C:/ST/STM32CubeIDE_2.0.0/STM32CubeIDE/plugins/com.st.stm32cube.ide.mcu.externaltools.gnu-tools-for-stm32.13.3.rel1.win32_1.0.100.202509120712/tools/bin/../lib/gcc/arm-none-eabi/13.3.1/../../../../arm-none-eabi/lib/thumb/v7e-m+fp/hard\libm.a
LOAD C:/ST/STM32CubeIDE_2.0.0/STM32CubeIDE/plugins/com.st.stm32cube.ide.mcu.externaltools.gnu-tools-for-stm32.13.3.rel1.win32_1.0.100.202509120712/tools/bin/../lib/gcc/arm-none-eabi/13.3.1/thumb/v7e-m+fp/hard\libgcc.a

.debug_line     0x00000000    0x1d87e
 .debug_line    0x00000000       0x7a ./Application/Startup/startup_stm32f407vgtx.o
 .debug_line    0x0000007a      0x9ae ./Application/User/adc.o
 .debug_line    0x00000a28      0x87b ./Application/User/can.o
 .debug_line    0x000012a3      0xc1a ./Application/User/freertos.o
 .debug_line    0x00001ebd      0x878 ./Application/User/gpio.o
 .debug_line    0x00002735      0x877 ./Application/User/i2c.o
 .debug_line    0x00002fac      0xb7a ./Application/User/main.o
 .debug_line    0x00003b26      0x8c8 ./Application/User/spi.o
 .debug_line    0x000043ee      0x808 ./Application/User/stm32f4xx_hal_msp.o
 .debug_line    0x00004bf6      0x87a ./Application/User/stm32f4xx_hal_timebase_tim.o
 .debug_line    0x00005470      0x8ed ./Application/User/stm32f4xx_it.o
 .debug_line    0x00005d5d      0x8b5 ./Drivers/CMSIS/system_stm32f4xx.o
 .debug_line    0x00006612      0xafd ./Drivers/STM32F4xx_HAL_Driver/stm32f4xx_hal.o
 .debug_line    0x0000710f     0x1314 ./Drivers/STM32F4xx_HAL_Driver/stm32f4xx_hal_adc.o
 .debug_line    0x00008423     0x12bc ./Drivers/STM32F4xx_HAL_Driver/stm32f4xx_hal_can.o
 .debug_line    0x000096df      0xdcd ./Drivers/STM32F4xx_HAL_Driver/stm32f4xx_hal_cortex.o
 .debug_line    0x0000a4ac     0x1069 ./Drivers/STM32F4xx_HAL_Driver/stm32f4xx_hal_dma.o
 .debug_line    0x0000b515      0xc55 ./Drivers/STM32F4xx_HAL_Driver/stm32f4xx_hal_gpio.o
 .debug_line    0x0000c16a     0x3baa ./Drivers/STM32F4xx_HAL_Driver/stm32f4xx_hal_i2c.o
 .debug_line    0x0000fd14      0xf0c ./Drivers/STM32F4xx_HAL_Driver/stm32f4xx_hal_rcc.o
 .debug_line    0x00010c20     0x1d98 ./Drivers/STM32F4xx_HAL_Driver/stm32f4xx_hal_spi.o
 .debug_line    0x000129b8     0x3872 ./Drivers/STM32F4xx_HAL_Driver/stm32f4xx_hal_tim.o
 .debug_line    0x0001622a     0x1a5d ./Drivers/STM32F4xx_HAL_Driver/stm32f4xx_hal_tim_ex.o
 .debug_line    0x00017c87     0x134a ./Middlewares/FreeRTOS/cmsis_os.o
 .debug_line    0x00018fd1      0x9d5 ./Middlewares/FreeRTOS/heap_4.o
 .debug_line    0x000199a6      0x7be ./Middlewares/FreeRTOS/list.o
 .debug_line    0x0001a164      0x883 ./Middlewares/FreeRTOS/port.o
 .debug_line    0x0001a9e7     0x1502 ./Middlewares/FreeRTOS/queue.o
 .debug_line    0x0001bee9     0x1995 ./Middlewares/FreeRTOS/tasks.o

.debug_line_str
                0x00000000       0x6e
 .debug_line_str
                0x00000000       0x6e ./Application/Startup/startup_stm32f407vgtx.o

.debug_info     0x00000000    0x18d21
 .debug_info    0x00000000       0x30 ./Application/Startup/startup_stm32f407vgtx.o
 .debug_info    0x00000030      0xa8f ./Application/User/adc.o
 .debug_info    0x00000abf      0xabb ./Application/User/can.o
 .debug_info    0x0000157a      0xbcf ./Application/User/freertos.o
 .debug_info    0x00002149      0x69a ./Application/User/gpio.o
 .debug_info    0x000027e3      0xbd9 ./Application/User/i2c.o
 .debug_info    0x000033bc      0xb6a ./Application/User/main.o
 .debug_info    0x00003f26      0xa40 ./Application/User/spi.o
 .debug_info    0x00004966      0x4b7 ./Application/User/stm32f4xx_hal_msp.o
 .debug_info    0x00004e1d      0xbe0 ./Application/User/stm32f4xx_hal_timebase_tim.o
 .debug_info    0x000059fd      0xdbf ./Application/User/stm32f4xx_it.o
 .debug_info    0x000067bc      0x512 ./Drivers/CMSIS/system_stm32f4xx.o
 .debug_info    0x00006cce      0x944 ./Drivers/STM32F4xx_HAL_Driver/stm32f4xx_hal.o
 .debug_info    0x00007612      0xce3 ./Drivers/STM32F4xx_HAL_Driver/stm32f4xx_hal_adc.o
 .debug_info    0x000082f5      0xf49 ./Drivers/STM32F4xx_HAL_Driver/stm32f4xx_hal_can.o
 .debug_info    0x0000923e      0xd8c ./Drivers/STM32F4xx_HAL_Driver/stm32f4xx_hal_cortex.o
 .debug_info    0x00009fca      0x8e7 ./Drivers/STM32F4xx_HAL_Driver/stm32f4xx_hal_dma.o
 .debug_info    0x0000a8b1      0x6c3 ./Drivers/STM32F4xx_HAL_Driver/stm32f4xx_hal_gpio.o
 .debug_info    0x0000af74     0x2415 ./Drivers/STM32F4xx_HAL_Driver/stm32f4xx_hal_i2c.o
 .debug_info    0x0000d389      0x8c3 ./Drivers/STM32F4xx_HAL_Driver/stm32f4xx_hal_rcc.o
 .debug_info    0x0000dc4c     0x1525 ./Drivers/STM32F4xx_HAL_Driver/stm32f4xx_hal_spi.o
 .debug_info    0x0000f171     0x299d ./Drivers/STM32F4xx_HAL_Driver/stm32f4xx_hal_tim.o
 .debug_info    0x00011b0e     0x14db ./Drivers/STM32F4xx_HAL_Driver/stm32f4xx_hal_tim_ex.o
 .debug_info    0x00012fe9     0x1b90 ./Middlewares/FreeRTOS/cmsis_os.o
 .debug_info    0x00014b79      0x4d5 ./Middlewares/FreeRTOS/heap_4.o
 .debug_info    0x0001504e      0x2af ./Middlewares/FreeRTOS/list.o
 .debug_info    0x000152fd      0x4de ./Middlewares/FreeRTOS/port.o
 .debug_info    0x000157db     0x17cd ./Middlewares/FreeRTOS/queue.o
 .debug_info    0x00016fa8     0x1d79 ./Middlewares/FreeRTOS/tasks.o

.debug_abbrev   0x00000000     0x4054
 .debug_abbrev  0x00000000       0x24 ./Application/Startup/startup_stm32f407vgtx.o
 .debug_abbrev  0x00000024      0x1f7 ./Application/User/adc.o
 .debug_abbrev  0x0000021b      0x21f ./Application/User/can.o
 .debug_abbrev  0x0000043a      0x2fb ./Application/User/freertos.o
 .debug_abbrev  0x00000735      0x174 ./Application/User/gpio.o
 .debug_abbrev  0x000008a9      0x210 ./Application/User/i2c.o
 .debug_abbrev  0x00000ab9      0x237 ./Application/User/main.o
 .debug_abbrev  0x00000cf0      0x243 ./Application/User/spi.o
 .debug_abbrev  0x00000f33      0x119 ./Application/User/stm32f4xx_hal_msp.o
 .debug_abbrev  0x0000104c      0x1f4 ./Application/User/stm32f4xx_hal_timebase_tim.o
 .debug_abbrev  0x00001240      0x1db ./Application/User/stm32f4xx_it.o
 .debug_abbrev  0x0000141b      0x11a ./Drivers/CMSIS/system_stm32f4xx.o
 .debug_abbrev  0x00001535      0x214 ./Drivers/STM32F4xx_HAL_Driver/stm32f4xx_hal.o
 .debug_abbrev  0x00001749      0x252 ./Drivers/STM32F4xx_HAL_Driver/stm32f4xx_hal_adc.o
 .debug_abbrev  0x0000199b      0x258 ./Drivers/STM32F4xx_HAL_Driver/stm32f4xx_hal_can.o
 .debug_abbrev  0x00001bf3      0x31d ./Drivers/STM32F4xx_HAL_Driver/stm32f4xx_hal_cortex.o
 .debug_abbrev  0x00001f10      0x264 ./Drivers/STM32F4xx_HAL_Driver/stm32f4xx_hal_dma.o
 .debug_abbrev  0x00002174      0x1d4 ./Drivers/STM32F4xx_HAL_Driver/stm32f4xx_hal_gpio.o
 .debug_abbrev  0x00002348      0x2ad ./Drivers/STM32F4xx_HAL_Driver/stm32f4xx_hal_i2c.o
 .debug_abbrev  0x000025f5      0x2b7 ./Drivers/STM32F4xx_HAL_Driver/stm32f4xx_hal_rcc.o
 .debug_abbrev  0x000028ac      0x27a ./Drivers/STM32F4xx_HAL_Driver/stm32f4xx_hal_spi.o
 .debug_abbrev  0x00002b26      0x278 ./Drivers/STM32F4xx_HAL_Driver/stm32f4xx_hal_tim.o
 .debug_abbrev  0x00002d9e      0x283 ./Drivers/STM32F4xx_HAL_Driver/stm32f4xx_hal_tim_ex.o
 .debug_abbrev  0x00003021      0x3b7 ./Middlewares/FreeRTOS/cmsis_os.o
 .debug_abbrev  0x000033d8      0x21d ./Middlewares/FreeRTOS/heap_4.o
 .debug_abbrev  0x000035f5       0xf5 ./Middlewares/FreeRTOS/list.o
 .debug_abbrev  0x000036ea      0x25c ./Middlewares/FreeRTOS/port.o
 .debug_abbrev  0x00003946      0x3b5 ./Middlewares/FreeRTOS/queue.o
 .debug_abbrev  0x00003cfb      0x359 ./Middlewares/FreeRTOS/tasks.o

.debug_aranges  0x00000000     0x17c8
 .debug_aranges
                0x00000000       0x28 ./Application/Startup/startup_stm32f407vgtx.o
 .debug_aranges
                0x00000028       0x40 ./Application/User/adc.o
 .debug_aranges
                0x00000068       0x30 ./Application/User/can.o
 .debug_aranges
                0x00000098       0x68 ./Application/User/freertos.o
 .debug_aranges
                0x00000100       0x20 ./Application/User/gpio.o
 .debug_aranges
                0x00000120       0x30 ./Application/User/i2c.o
 .debug_aranges
                0x00000150       0x38 ./Application/User/main.o
 .debug_aranges
                0x00000188       0x40 ./Application/User/spi.o
 .debug_aranges
                0x000001c8       0x20 ./Application/User/stm32f4xx_hal_msp.o
 .debug_aranges
                0x000001e8       0x30 ./Application/User/stm32f4xx_hal_timebase_tim.o
 .debug_aranges
                0x00000218       0x70 ./Application/User/stm32f4xx_it.o
 .debug_aranges
                0x00000288       0x28 ./Drivers/CMSIS/system_stm32f4xx.o
 .debug_aranges
                0x000002b0       0xf0 ./Drivers/STM32F4xx_HAL_Driver/stm32f4xx_hal.o
 .debug_aranges
                0x000003a0       0xe8 ./Drivers/STM32F4xx_HAL_Driver/stm32f4xx_hal_adc.o
 .debug_aranges
                0x00000488      0x138 ./Drivers/STM32F4xx_HAL_Driver/stm32f4xx_hal_can.o
 .debug_aranges
                0x000005c0      0x130 ./Drivers/STM32F4xx_HAL_Driver/stm32f4xx_hal_cortex.o
 .debug_aranges
                0x000006f0       0x90 ./Drivers/STM32F4xx_HAL_Driver/stm32f4xx_hal_dma.o
 .debug_aranges
                0x00000780       0x58 ./Drivers/STM32F4xx_HAL_Driver/stm32f4xx_hal_gpio.o
 .debug_aranges
                0x000007d8      0x2a8 ./Drivers/STM32F4xx_HAL_Driver/stm32f4xx_hal_i2c.o
 .debug_aranges
                0x00000a80       0x88 ./Drivers/STM32F4xx_HAL_Driver/stm32f4xx_hal_rcc.o
 .debug_aranges
                0x00000b08      0x1d0 ./Drivers/STM32F4xx_HAL_Driver/stm32f4xx_hal_spi.o
 .debug_aranges
                0x00000cd8      0x3d0 ./Drivers/STM32F4xx_HAL_Driver/stm32f4xx_hal_tim.o
 .debug_aranges
                0x000010a8      0x168 ./Drivers/STM32F4xx_HAL_Driver/stm32f4xx_hal_tim_ex.o
 .debug_aranges
                0x00001210      0x1d8 ./Middlewares/FreeRTOS/cmsis_os.o
 .debug_aranges
                0x000013e8       0x58 ./Middlewares/FreeRTOS/heap_4.o
 .debug_aranges
                0x00001440       0x40 ./Middlewares/FreeRTOS/list.o
 .debug_aranges
                0x00001480       0x80 ./Middlewares/FreeRTOS/port.o
 .debug_aranges
                0x00001500      0x108 ./Middlewares/FreeRTOS/queue.o
 .debug_aranges
                0x00001608      0x1c0 ./Middlewares/FreeRTOS/tasks.o

.debug_str      0x00000000    0xe59f3
 .debug_str     0x00000000    0xe59f3 ./Application/Startup/startup_stm32f407vgtx.o
                                 0x8a (size before relaxing)
 .debug_str     0x000e59f3        0x0 ./Application/User/adc.o
                              0xd3c00 (size before relaxing)
 .debug_str     0x000e59f3        0x0 ./Application/User/can.o
                              0xd3f4a (size before relaxing)
 .debug_str     0x000e59f3        0x0 ./Application/User/freertos.o
                              0xd9ce9 (size before relaxing)
 .debug_str     0x000e59f3        0x0 ./Application/User/gpio.o
                              0xd3c88 (size before relaxing)
 .debug_str     0x000e59f3        0x0 ./Application/User/i2c.o
                              0xd41cb (size before relaxing)
 .debug_str     0x000e59f3        0x0 ./Application/User/main.o
                              0xdd857 (size before relaxing)
 .debug_str     0x000e59f3        0x0 ./Application/User/spi.o
                              0xd3c8c (size before relaxing)
 .debug_str     0x000e59f3        0x0 ./Application/User/stm32f4xx_hal_msp.o
                              0xd3baa (size before relaxing)
 .debug_str     0x000e59f3        0x0 ./Application/User/stm32f4xx_hal_timebase_tim.o
                              0xd4234 (size before relaxing)
 .debug_str     0x000e59f3        0x0 ./Application/User/stm32f4xx_it.o
                              0xd40e8 (size before relaxing)
 .debug_str     0x000e59f3        0x0 ./Drivers/CMSIS/system_stm32f4xx.o
                              0xd3762 (size before relaxing)
 .debug_str     0x000e59f3        0x0 ./Drivers/STM32F4xx_HAL_Driver/stm32f4xx_hal.o
                              0xd42d6 (size before relaxing)
 .debug_str     0x000e59f3        0x0 ./Drivers/STM32F4xx_HAL_Driver/stm32f4xx_hal_adc.o
                              0xd3d3f (size before relaxing)
 .debug_str     0x000e59f3        0x0 ./Drivers/STM32F4xx_HAL_Driver/stm32f4xx_hal_can.o
                              0xd3e4c (size before relaxing)
 .debug_str     0x000e59f3        0x0 ./Drivers/STM32F4xx_HAL_Driver/stm32f4xx_hal_cortex.o
                              0xd4052 (size before relaxing)
 .debug_str     0x000e59f3        0x0 ./Drivers/STM32F4xx_HAL_Driver/stm32f4xx_hal_dma.o
                              0xd3b6c (size before relaxing)
 .debug_str     0x000e59f3        0x0 ./Drivers/STM32F4xx_HAL_Driver/stm32f4xx_hal_gpio.o
                              0xd38cd (size before relaxing)
 .debug_str     0x000e59f3        0x0 ./Drivers/STM32F4xx_HAL_Driver/stm32f4xx_hal_i2c.o
                              0xd4770 (size before relaxing)
 .debug_str     0x000e59f3        0x0 ./Drivers/STM32F4xx_HAL_Driver/stm32f4xx_hal_rcc.o
                              0xd3b86 (size before relaxing)
 .debug_str     0x000e59f3        0x0 ./Drivers/STM32F4xx_HAL_Driver/stm32f4xx_hal_spi.o
                              0xd4010 (size before relaxing)
 .debug_str     0x000e59f3        0x0 ./Drivers/STM32F4xx_HAL_Driver/stm32f4xx_hal_tim.o
                              0xd4adc (size before relaxing)
 .debug_str     0x000e59f3        0x0 ./Drivers/STM32F4xx_HAL_Driver/stm32f4xx_hal_tim_ex.o
                              0xd42e8 (size before relaxing)
 .debug_str     0x000e59f3        0x0 ./Middlewares/FreeRTOS/cmsis_os.o
                               0xeb90 (size before relaxing)
 .debug_str     0x000e59f3        0x0 ./Middlewares/FreeRTOS/heap_4.o
                               0xb598 (size before relaxing)
 .debug_str     0x000e59f3        0x0 ./Middlewares/FreeRTOS/list.o
                               0xac56 (size before relaxing)
 .debug_str     0x000e59f3        0x0 ./Middlewares/FreeRTOS/port.o
                               0x87f8 (size before relaxing)
 .debug_str     0x000e59f3        0x0 ./Middlewares/FreeRTOS/queue.o
                               0xc5e9 (size before relaxing)
 .debug_str     0x000e59f3        0x0 ./Middlewares/FreeRTOS/tasks.o
                               0xd000 (size before relaxing)

.debug_rnglists
                0x00000000     0x1271
 .debug_rnglists
                0x00000000       0x19 ./Application/Startup/startup_stm32f407vgtx.o
 .debug_rnglists
                0x00000019       0x30 ./Application/User/adc.o
 .debug_rnglists
                0x00000049       0x20 ./Application/User/can.o
 .debug_rnglists
                0x00000069       0x4e ./Application/User/freertos.o
 .debug_rnglists
                0x000000b7       0x14 ./Application/User/gpio.o
 .debug_rnglists
                0x000000cb       0x20 ./Application/User/i2c.o
 .debug_rnglists
                0x000000eb       0x26 ./Application/User/main.o
 .debug_rnglists
                0x00000111       0x2c ./Application/User/spi.o
 .debug_rnglists
                0x0000013d       0x13 ./Application/User/stm32f4xx_hal_msp.o
 .debug_rnglists
                0x00000150       0x20 ./Application/User/stm32f4xx_hal_timebase_tim.o
 .debug_rnglists
                0x00000170       0x4f ./Application/User/stm32f4xx_it.o
 .debug_rnglists
                0x000001bf       0x1a ./Drivers/CMSIS/system_stm32f4xx.o
 .debug_rnglists
                0x000001d9       0xaf ./Drivers/STM32F4xx_HAL_Driver/stm32f4xx_hal.o
 .debug_rnglists
                0x00000288       0xb5 ./Drivers/STM32F4xx_HAL_Driver/stm32f4xx_hal_adc.o
 .debug_rnglists
                0x0000033d       0xee ./Drivers/STM32F4xx_HAL_Driver/stm32f4xx_hal_can.o
 .debug_rnglists
                0x0000042b       0xe0 ./Drivers/STM32F4xx_HAL_Driver/stm32f4xx_hal_cortex.o
 .debug_rnglists
                0x0000050b       0x70 ./Drivers/STM32F4xx_HAL_Driver/stm32f4xx_hal_dma.o
 .debug_rnglists
                0x0000057b       0x3f ./Drivers/STM32F4xx_HAL_Driver/stm32f4xx_hal_gpio.o
 .debug_rnglists
                0x000005ba      0x23c ./Drivers/STM32F4xx_HAL_Driver/stm32f4xx_hal_i2c.o
 .debug_rnglists
                0x000007f6       0x66 ./Drivers/STM32F4xx_HAL_Driver/stm32f4xx_hal_rcc.o
 .debug_rnglists
                0x0000085c      0x16f ./Drivers/STM32F4xx_HAL_Driver/stm32f4xx_hal_spi.o
 .debug_rnglists
                0x000009cb      0x31a ./Drivers/STM32F4xx_HAL_Driver/stm32f4xx_hal_tim.o
 .debug_rnglists
                0x00000ce5      0x125 ./Drivers/STM32F4xx_HAL_Driver/stm32f4xx_hal_tim_ex.o
 .debug_rnglists
                0x00000e0a      0x16a ./Middlewares/FreeRTOS/cmsis_os.o
 .debug_rnglists
                0x00000f74       0x42 ./Middlewares/FreeRTOS/heap_4.o
 .debug_rnglists
                0x00000fb6       0x2b ./Middlewares/FreeRTOS/list.o
 .debug_rnglists
                0x00000fe1       0x5d ./Middlewares/FreeRTOS/port.o
 .debug_rnglists
                0x0000103e       0xcd ./Middlewares/FreeRTOS/queue.o
 .debug_rnglists
                0x0000110b      0x166 ./Middlewares/FreeRTOS/tasks.o

.debug_macro    0x00000000    0x25952
 .debug_macro   0x00000000      0x22e ./Application/User/adc.o
 .debug_macro   0x0000022e      0xad8 ./Application/User/adc.o
 .debug_macro   0x00000d06      0x2ad ./Application/User/adc.o
 .debug_macro   0x00000fb3       0x2e ./Application/User/adc.o
 .debug_macro   0x00000fe1       0x2f ./Application/User/adc.o
 .debug_macro   0x00001010       0x22 ./Application/User/adc.o
 .debug_macro   0x00001032       0x8e ./Application/User/adc.o
 .debug_macro   0x000010c0       0x51 ./Application/User/adc.o
 .debug_macro   0x00001111      0x103 ./Application/User/adc.o
 .debug_macro   0x00001214       0x6a ./Application/User/adc.o
 .debug_macro   0x0000127e      0x1df ./Application/User/adc.o
 .debug_macro   0x0000145d       0x1c ./Application/User/adc.o
 .debug_macro   0x00001479       0x22 ./Application/User/adc.o
 .debug_macro   0x0000149b       0xfb ./Application/User/adc.o