C:/Users/Lenovo/Desktop/Master/STR/PrSTRDv3/Src/stm32f4xx_it.c:88:6:NMI_Handler	4	static
C:/Users/Lenovo/Desktop/Master/STR/PrSTRDv3/Src/stm32f4xx_it.c:101:6:HardFault_Handler	4	static
C:/Users/Lenovo/Desktop/Master/STR/PrSTRDv3/Src/stm32f4xx_it.c:116:6:MemManage_Handler	4	static
C:/Users/Lenovo/Desktop/Master/STR/PrSTRDv3/Src/stm32f4xx_it.c:131:6:BusFault_Handler	4	static
C:/Users/Lenovo/Desktop/Master/STR/PrSTRDv3/Src/stm32f4xx_it.c:146:6:UsageFault_Handler	4	static
C:/Users/Lenovo/Desktop/Master/STR/PrSTRDv3/Src/stm32f4xx_it.c:161:6:DebugMon_Handler	4	static
C:/Users/Lenovo/Desktop/Master/STR/PrSTRDv3/Src/stm32f4xx_it.c:181:6:EXTI0_IRQHandler	8	static
C:/Users/Lenovo/Desktop/Master/STR/PrSTRDv3/Src/stm32f4xx_it.c:195:6:EXTI3_IRQHandler	8	static
C:/Users/Lenovo/Desktop/Master/STR/PrSTRDv3/Src/stm32f4xx_it.c:209:6:CAN1_RX0_IRQHandler	8	static
C:/Users/Lenovo/Desktop/Master/STR/PrSTRDv3/Src/stm32f4xx_it.c:223:6:TIM1_UP_TIM10_IRQHandler	8	static
C:/Users/Lenovo/Desktop/Master/STR/PrSTRDv3/Src/stm32f4xx_it.c:237:6:I2C2_EV_IRQHandler	8	static
